******************************************************************************
               TMS320C6x Linker Unix v7.4.16                   
******************************************************************************
>> Linked Mon Jan 11 16:04:20 2016

OUTPUT FILE NAME:   <../out/DSPC8681_DPMV0.91.out>
ENTRY POINT SYMBOL: "_c_int00"  address: 847e6340


MEMORY CONFIGURATION

         name            origin    length      used     unused   attr    fill
----------------------  --------  ---------  --------  --------  ----  --------
  L2SRAM                00800000   00080000  00006840  000797c0  RW X
  L1PSRAM               00e00000   00008000  00000000  00008000  RW X
  L1DSRAM               00f00000   00008000  00000000  00008000  RW  
  MSMCSRAM              0c000000   00400000  00000000  00400000  RW X
  DDR3                  80000000   1f400000  04857398  1aba8c68  RW X
  WtSpace               9f400000   1f400000  00000000  1f400000  RW X
  RdSpace               be800000   01800000  00000000  01800000  RW X


SEGMENT ALLOCATION MAP

run origin  load origin   length   init length attrs members
----------  ----------- ---------- ----------- ----- -------
00800000    00800000    00006488   00000000    rw-
  00800000    00800000    00004000   00000000    rw- .resmgr_memregion
  00804000    00804000    00001488   00000000    rw- .resmgr_pa
  00805488    00805488    00001000   00000000    rw- .stack
00806500    00806500    00000318   00000318    rw-
  00806500    00806500    00000318   00000318    rw- .nimu_eth_ll2
00806820    00806820    000000a0   00000000    rw-
  00806820    00806820    000000a0   00000000    rw- .resmgr_handles
80000000    80000000    0368f04c   00000000    rw-
  80000000    80000000    01f20000   00000000    rw- .extDataMem
  81f20000    81f20000    0176f04c   00000000    rw- .far
8368f050    8368f050    00fff000   00000000    rw-
  8368f050    8368f050    00fff000   00000000    rw- systemHeap
8468e050    8468e050    00000010   00000010    r--
  8468e050    8468e050    00000010   00000010    r-- .const.1
8468e060    8468e060    001b6ffa   001b6ffa    r-x
  8468e060    8468e060    00169e00   00169e00    r-x .text
  847f7e60    847f7e60    0004d1fa   0004d1fa    r-- .const.2
84845060    84845060    00008000   00000000    rw-
  84845060    84845060    00008000   00000000    rw- .intDataMem
8484d060    8484d060    00002f92   00002f92    rw-
  8484d060    8484d060    00002f92   00002f92    rw- .fardata
84850000    84850000    00002400   00000000    rw-
  84850000    84850000    00002400   00000000    rw- .qmss
84852400    84852400    00001370   00001370    rw-
  84852400    84852400    00001370   00001370    rw- platform_lib
84853770    84853770    00000830   00000830    r--
  84853770    84853770    00000830   00000830    r-- .switch
84853fa0    84853fa0    0000010c   00000000    rw-
  84853fa0    84853fa0    0000010c   00000000    rw- .bss
848540ac    848540ac    0000061d   0000061d    rw-
  848540ac    848540ac    0000061d   0000061d    rw- .neardata
848546cc    848546cc    00000020   00000020    r--
  848546cc    848546cc    00000020   00000020    r-- .rodata
848546ec    848546ec    00000034   00000034    r--
  848546ec    848546ec    00000034   00000034    r-- .init_array
84854800    84854800    00000200   00000200    r-x
  84854800    84854800    00000200   00000200    r-x .vecs
84854a00    84854a00    00000320   00000000    rw-
  84854a00    84854a00    00000200   00000000    rw- .cppi
  84854c00    84854c00    00000120   00000000    rw- .cio
84854d20    84854d20    00002770   00002770    r--
  84854d20    84854d20    00002770   00002770    r-- .cinit


SECTION ALLOCATION MAP

 output                                  attributes/
section   page    origin      length       input sections
--------  ----  ----------  ----------   ----------------
.resmgr_memregion 
*          0    00800000    00004000     UNINITIALIZED
                  00800000    00004000     resourcemgr.obj (.resmgr_memregion)

.resmgr_pa 
*          0    00804000    00001488     UNINITIALIZED
                  00804000    00001488     resourcemgr.obj (.resmgr_pa)

.stack     0    00805488    00001000     UNINITIALIZED
                  00805488    00000008     boot.ae66 : boot.oe66 (.stack)
                  00805490    00000ff8     --HOLE--

.nimu_eth_ll2 
*          0    00806500    00000318     
                  00806500    00000308     ti.transport.ndk.nimu.ae66 : nimu_eth.obj (.nimu_eth_ll2:uninit) [fill = 0]
                  00806808    00000010                                : nimu_eth.obj (.nimu_eth_ll2:init)

.resmgr_handles 
*          0    00806820    000000a0     UNINITIALIZED
                  00806820    000000a0     resourcemgr.obj (.resmgr_handles)

xdc.meta   0    80000000    000000f0     COPY SECTION
                  80000000    000000f0     frame_pe66.oe66 (xdc.meta)

.extDataMem 
*          0    80000000    01f20000     UNINITIALIZED
                  80000000    01f20000     alg_malloc.obj (.extDataMem)

.far       0    81f20000    0176f04c     UNINITIALIZED
                  81f20000    00c80150     TestAppDecoder.obj (.far)
                  82ba0150    00500094     main.obj (.far)
                  830a01e4    00000004     rts6600_elf.lib : wlocale.obj (.far:_ZGVNSt10moneypunctIwLb0EE2idE)
                  830a01e8    00302b00     http.obj (.far)
                  833a2ce8    00280000     HOG.obj (.far)
                  83622ce8    00000014     OpenCV_6678.lib : cxarray.obj (.far)
                  83622cfc    00000004     rts6600_elf.lib : wlocale.obj (.far:_ZGVNSt10moneypunctIwLb1EE2idE)
                  83622d00    00051900     stk_ppp_pppoe.ae66 : pbm_data.oe66 (.far:NDK_PACKETMEM)
                  83674600    0000c1c0     os.ae66 : mem_data.oe66 (.far:NDK_MMBUFFER)
                  836807c0    00004110     OpenCV_6678.lib : cvimgwarp.obj (.far)
                  836848d0    00003c00     frame_pe66.oe66 (.far:taskStackSection)
                  836884d0    00003100     OpenCV_6678.lib : cxmatmul.obj (.far)
                  8368b5d0    000010a0                     : cxconvert.obj (.far)
                  8368c670    00000860                     : cxsumpixels.obj (.far)
                  8368ced0    00000818     frame_pe66.oe66 (.far)
                  8368d6e8    00000300     OpenCV_6678.lib : cxnorm.obj (.far)
                  8368d9e8    00000008     rts6600_elf.lib : trgdrv.obj (.far)
                  8368d9f0    00000270     nettool_ipv4.ae66 : daemon.oe66 (.far)
                  8368dc60    000001d8     rts6600_elf.lib : wiostrea.obj (.far)
                  8368de38    000001d4                     : iostream.obj (.far)
                  8368e00c    0000018c     OpenCV_6678.lib : cxcopy.obj (.far)
                  8368e198    00000148                     : cxmatrix.obj (.far)
                  8368e2e0    00000140     rts6600_elf.lib : defs.obj (.far)
                  8368e420    00000120     ti.drv.qmss.ae66 : qmss_drv.oe66 (.far)
                  8368e540    00000110     stk_ppp_pppoe.ae66 : igmp.oe66 (.far)
                  8368e650    00000100     OpenCV_6678.lib : cxarithm.obj (.far)
                  8368e750    00000100                     : cxerror.obj (.far)
                  8368e850    000000d8     netctrl_ipv4.ae66 : netsrv.oe66 (.far)
                  8368e928    000000c4     stk_ppp_pppoe.ae66 : tcp.oe66 (.far)
                  8368e9ec    00000004     rts6600_elf.lib : wlocale.obj (.far:_ZGVNSt7collateIwE2idE)
                  8368e9f0    0000009c     stk_ppp_pppoe.ae66 : icmp.oe66 (.far)
                  8368ea8c    0000009a     DPM.obj (.far)
                  8368eb26    00000002     DPMDtector.obj (.far)
                  8368eb28    0000008a     DPMMain.obj (.far)
                  8368ebb2    00000002     memAlloc.obj (.far)
                  8368ebb4    00000080     OpenCV_6678.lib : cxminmaxloc.obj (.far)
                  8368ec34    0000000c     rts6600_elf.lib : locale0.obj (.far)
                  8368ec40    0000007c     os.ae66 : mem.oe66 (.far)
                  8368ecbc    00000068     stk_ppp_pppoe.ae66 : ip.oe66 (.far)
                  8368ed24    00000004     rts6600_elf.lib : wlocale.obj (.far:_ZGVNSt7num_getIwSt19istreambuf_iteratorIwSt11char_traitsIwEEE2idE)
                  8368ed28    00000060     OpenCV_6678.lib : cxrand.obj (.far)
                  8368ed88    00000060     stk_ppp_pppoe.ae66 : nimu.oe66 (.far)
                  8368ede8    00000050     OpenCV_6678.lib : cxlut.obj (.far)
                  8368ee38    00000044     ti.platform.dspc8681.ae66 : evmc66x_i2c_eeprom.obj (.far)
                  8368ee7c    0000003e     convMixtureFastHelper.obj (.far)
                  8368eeba    00000002     mixture.obj (.far)
                  8368eebc    00000030     stk_ppp_pppoe.ae66 : udp.oe66 (.far)
                  8368eeec    00000004     rts6600_elf.lib : wlocale.obj (.far:_ZGVNSt7num_putIwSt19ostreambuf_iteratorIwSt11char_traitsIwEEE2idE)
                  8368eef0    00000030     ti.transport.ndk.nimu.ae66 : nimu_eth.obj (.far)
                  8368ef20    00000028     stk_ppp_pppoe.ae66 : vlan.oe66 (.far)
                  8368ef48    00000020     OpenCV_6678.lib : cxmathfuncs.obj (.far)
                  8368ef68    00000020     resourcemgr.obj (.far)
                  8368ef88    00000004     rts6600_elf.lib : wlocale.obj (.far:_ZGVNSt8messagesIwE2idE)
                  8368ef8c    00000004                     : wlocale.obj (.far:_ZGVNSt8numpunctIwE2idE)
                  8368ef90    00000014     stk_ppp_pppoe.ae66 : rtc.oe66 (.far)
                  8368efa4    00000010     netctrl_ipv4.ae66 : netctrl.oe66 (.far)
                  8368efb4    00000010     stk_ppp_pppoe.ae66 : raw.oe66 (.far)
                  8368efc4    00000010                        : raweth.oe66 (.far)
                  8368efd4    0000000e     testAll.obj (.far)
                  8368efe2    00000002     model.obj (.far)
                  8368efe4    0000000c     stk_ppp_pppoe.ae66 : pbm.oe66 (.far)
                  8368eff0    00000004     rts6600_elf.lib : wlocale.obj (.far:_ZGVNSt8time_getIwSt19istreambuf_iteratorIwSt11char_traitsIwEEE2idE)
                  8368eff4    00000004                     : wlocale.obj (.far:_ZGVNSt9money_getIwSt19istreambuf_iteratorIwSt11char_traitsIwEEE2idE)
                  8368eff8    00000004                     : wlocale.obj (.far:_ZGVNSt9money_putIwSt19ostreambuf_iteratorIwSt11char_traitsIwEEE2idE)
                  8368effc    00000004                     : wlocale.obj (.far:_ZNSt10moneypunctIwLb0EE2idE)
                  8368f000    00000004                     : wlocale.obj (.far:_ZNSt10moneypunctIwLb1EE2idE)
                  8368f004    00000004     DPMMain.obj (.far:_ZNSt13basic_filebufIcSt11char_traitsIcEE7_StinitE)
                  8368f008    00000004     rts6600_elf.lib : wiostrea.obj (.far:_ZNSt13basic_filebufIwSt11char_traitsIwEE7_StinitE)
                  8368f00c    00000004     DPMMain.obj (.far:_ZNSt4fposIiE4_StzE)
                  8368f010    00000004     DPMMain.obj (.far:_ZNSt7codecvtIcciE2idE)
                  8368f014    00000004     rts6600_elf.lib : wlocale.obj (.far:_ZNSt7collateIwE2idE)
                  8368f018    00000004     model.obj (.far:_ZNSt7num_getIcSt19istreambuf_iteratorIcSt11char_traitsIcEEE2idE)
                  8368f01c    00000004     rts6600_elf.lib : wlocale.obj (.far:_ZNSt7num_getIwSt19istreambuf_iteratorIwSt11char_traitsIwEEE2idE)
                  8368f020    00000004     testAll.obj (.far:_ZNSt7num_putIcSt19ostreambuf_iteratorIcSt11char_traitsIcEEE2idE)
                  8368f024    00000004     rts6600_elf.lib : wlocale.obj (.far:_ZNSt7num_putIwSt19ostreambuf_iteratorIwSt11char_traitsIwEEE2idE)
                  8368f028    00000004                     : wlocale.obj (.far:_ZNSt8messagesIwE2idE)
                  8368f02c    00000004     testAll.obj (.far:_ZNSt8numpunctIcE2idE)
                  8368f030    00000004     rts6600_elf.lib : wlocale.obj (.far:_ZNSt8numpunctIwE2idE)
                  8368f034    00000004                     : wlocale.obj (.far:_ZNSt8time_getIwSt19istreambuf_iteratorIwSt11char_traitsIwEEE2idE)
                  8368f038    00000004                     : wlocale.obj (.far:_ZNSt8time_putIwSt19ostreambuf_iteratorIwSt11char_traitsIwEEE2idE)
                  8368f03c    00000004                     : wlocale.obj (.far:_ZNSt9money_getIwSt19istreambuf_iteratorIwSt11char_traitsIwEEE2idE)
                  8368f040    00000004                     : wlocale.obj (.far:_ZNSt9money_putIwSt19ostreambuf_iteratorIwSt11char_traitsIwEEE2idE)
                  8368f044    00000004                     : wlocale.obj (.far)
                  8368f048    00000004     stk_ppp_pppoe.ae66 : rawethsock_pcb.oe66 (.far)

systemHeap 
*          0    8368f050    00fff000     UNINITIALIZED
                  8368f050    00fff000     frame_pe66.oe66 (systemHeap)

.const.1   0    8468e050    00000010     
                  8468e050    00000010     convMixtureFastHelper.obj (.const:.string:_ZTSSt11logic_error)

.text      0    8468e060    00169e00     
                  8468e060    0002a060     OpenCV_6678.lib : cxmatmul.obj (.text)
                  846b80c0    000228e0     jpegdec_ti.le66 (.text:JPEGIDEC_TI_cSect)
                  846da9a0    0001d840     OpenCV_6678.lib : cxconvert.obj (.text)
                  846f81e0    0001bbe0                     : cxarithm.obj (.text)
                  84713dc0    0000e6e0                     : cxnorm.obj (.text)
                  847224a0    0000caa0                     : cxsumpixels.obj (.text)
                  8472ef40    0000c4e0                     : cvimgwarp.obj (.text)
                  8473b420    0000ac00                     : cxdatastructs.obj (.text)
                  84746020    0000a8c0                     : cxarray.obj (.text)
                  847508e0    00008220                     : cxmatrix.obj (.text)
                  84758b00    000076e0                     : cxmathfuncs.obj (.text)
                  847601e0    00006160                     : cxsvd.obj (.text)
                  84766340    00005440                     : cxcopy.obj (.text)
                  8476b780    00004a00                     : cxrand.obj (.text)
                  84770180    00003560                     : cxminmaxloc.obj (.text)
                  847736e0    00002e00                     : cxlut.obj (.text)
                  847764e0    00002ce0     ti.transport.ndk.nimu.ae66 : nimu_eth.obj (.text)
                  847791c0    000028c0     OpenCV_6678.lib : cxutils.obj (.text)
                  8477ba80    00002680     convMixtureFastHelper.obj (.text)
                  8477e100    00002100     ti.platform.dspc8681.ae66 : platform.obj (.text)
                  84780200    00002080     HOG.obj (.text)
                  84782280    00002040     DSPF_sp_ifftSPxSP_d.obj (.text)
                  847842c0    00001f60     http.obj (.text)
                  84786220    00001c40     ti.platform.dspc8681.ae66 : dspc8681.obj (.text)
                  84787e60    000019e0     stk_ppp_pppoe.ae66 : tcpin.oe66 (.text:TcpInput)
                  84789840    00001880     DPM.obj (.text)
                  8478b0c0    00001240     stk_ppp_pppoe.ae66 : tcpout.oe66 (.text:TcpOutput)
                  8478c300    00001160     TestAppDecoder.obj (.text)
                  8478d460    00001160     ti.platform.dspc8681.ae66 : evm66x_nand.obj (.text)
                  8478e5c0    000010e0     resourcemgr.obj (.text)
                  8478f6a0    000010c0     model.obj (.text)
                  84790760    00000f60     Trimps_LoadImage.obj (.text)
                  847916c0    00000d80     ti.platform.dspc8681.ae66 : evmc66x_i2c_eeprom.obj (.text)
                  84792440    00000c20     DSPF_sp_fftSPxSP_d.obj (.text)
                  84793060    00000c00     nettool_ipv4.ae66 : httpclie.oe66 (.text:httpClientProcess)
                  84793c60    00000b80     stk_ppp_pppoe.ae66 : ipin.oe66 (.text:IPRxPacket)
                  847947e0    00000aa0                        : md5.oe66 (.text:MD5Transform)
                  84795280    00000a80     model.obj (.text:_ZNKSt7num_getIcSt19istreambuf_iteratorIcSt11char_traitsIcEEE8_GetffldEPcRS3_S6_RKSt6locale)
                  84795d00    000009a0     stk_ppp_pppoe.ae66 : ipout.oe66 (.text:IPTxPacket)
                  847966a0    000009a0     OpenCV_6678.lib : cxerror.obj (.text)
                  84797040    000009a0     stk_ppp_pppoe.ae66 : lcp.oe66 (.text:lcpInput)
                  847979e0    000009a0     ti.targets.rts6000.ae66 : System.oe66 (.text:xdc_runtime_System_doPrint__I)
                  84798380    00000940     mixture.obj (.text)
                  84798cc0    00000920     DSPF_sp_ifftSPxSP_cn.obj (.text)
                  847995e0    00000920     convMixtureFastHelper.obj (.text:_ZNSt5_TreeISt12_Tset_traitsI6CvRect18PositionComparatorSaIS1_ELb0EEE5eraseENS5_8iteratorE)
                  84799f00    00000920     rts6600_elf.lib : wiostrea.obj (.text:_ZNSt6_WinitC1Ev)
                  8479a820    00000900     nettool_ipv4.ae66 : httpsend.oe66 (.text:SetContentType)
                  8479b120    000008e0     testAll.obj (.text)
                  8479ba00    000008a0     DSPF_sp_fftSPxSP_cn.obj (.text)
                  8479c2a0    00000880     alg_malloc.obj (.text:create)
                  8479cb20    00000800     jpegdec_ti.le66 (.text:JPEGDEC_TI_control:jpegdec_ti.oc)
                  8479d320    000007e0     ti.drv.qmss.ae66 : qmss_drv.oe66 (.text:Qmss_insertMemoryRegion)
                  8479db00    000007e0     stk_ppp_pppoe.ae66 : ipcp.oe66 (.text:ipcpInput)
                  8479e2e0    000007c0                        : sock.oe66 (.text:SockSet)
                  8479eaa0    00000780     memAlloc.obj (.text)
                  8479f220    00000780     sysbios.lib : BIOS.obj (.text:ti_sysbios_family_c64p_Exception_handler__I)
                  8479f9a0    00000760     rts6600_elf.lib : iostream.obj (.text:_ZNSt8ios_base4InitC1Ev)
                  847a0100    00000720     ti.drv.pa.ae66 : pa.oe66 (.text:Pa_addMac)
                  847a0820    00000700     rts6600_elf.lib : pow.obj (.text:pow)
                  847a0f20    000006c0     nettool_ipv4.ae66 : telnetd.oe66 (.text:telnet_netdata)
                  847a15e0    000006a0     testAll.obj (.text:_ZNKSt7num_putIcSt19ostreambuf_iteratorIcSt11char_traitsIcEEE5_FputES3_RSt8ios_basecPKcjjjj)
                  847a1c80    000006a0     yuv2bmp.obj (.text)
                  847a2320    00000680     stk_ppp_pppoe.ae66 : fileuser.oe66 (.text:fdPoll)
                  847a29a0    00000660     ti.drv.cppi.ae66 : cppi_drv.oe66 (.text:Cppi_configureRxFlow)
                  847a3000    00000660     rts6600_elf.lib : wiostrea.obj (.text:_ZNSt13basic_filebufIwSt11char_traitsIwEE8overflowEj)
                  847a3660    00000660     sysbios.lib : BIOS.obj (.text:ti_sysbios_heaps_HeapMem_free__E)
                  847a3cc0    00000640     model.obj (.text:_ZNKSt7num_getIcSt19istreambuf_iteratorIcSt11char_traitsIcEEE8_GetifldEPcRS3_S6_NSt5_IosbIiE9_FmtflagsERKSt6locale)
                  847a4300    00000620     rts6600_elf.lib : wiostrea.obj (.text:_ZNSt13basic_filebufIwSt11char_traitsIwEE5uflowEv)
                  847a4920    00000620     sysbios.lib : BIOS.obj (.text:ti_sysbios_heaps_HeapMem_alloc__E)
                  847a4f40    00000600     main.obj (.text)
                  847a5540    000005c0     stk_ppp_pppoe.ae66 : ipfrag.oe66 (.text:IPReasm)
                  847a5b00    000005c0     rts6600_elf.lib : divd.obj (.text:__c6xabi_divd)
                  847a60c0    000005c0                     : _printfi.obj (.text:_getarg_diouxp)
                  847a6680    000005c0     sysbios.lib : BIOS.obj (.text:ti_sysbios_timers_timer64_Timer_Module_startup__F)
                  847a6c40    000005a0     stk_ppp_pppoe.ae66 : icmpin.oe66 (.text:ICMPInput)
                  847a71e0    000005a0     ti.platform.dspc8681.ae66 : evmc66x_spi.obj (.text)
                  847a7780    00000580     DPM.obj (.text:_ZN30_GLOBAL__N__7_DPM_cpp_1c78d04b11localMaximaEPK9_IplImagePNS_7MaximumERK6CvSizef)
                  847a7d00    00000580     stk_ppp_pppoe.ae66 : nimuppp.oe66 (.text:pppEvent)
                  847a8280    00000580     ti.platform.dspc8681.ae66 : dspc8681_phy.obj (.text)
                  847a8800    00000540     rts6600_elf.lib : wiostrea.obj (.text:_ZNSt13basic_filebufIwSt11char_traitsIwEE9_EndwriteEv)
                  847a8d40    00000520     stk_ppp_pppoe.ae66 : sock.oe66 (.text:SockNew)
                  847a9260    00000520     rts6600_elf.lib : _printfi.obj (.text:_setfield)
                  847a9780    00000520     nettool_ipv4.ae66 : httpsend.oe66 (.text:httpSendStatusLine)
                  847a9ca0    00000520     rts6600_elf.lib : strtod.obj (.text:strtod)
                  847aa1c0    00000520                     : strtold.obj (.text:strtold)
                  847aa6e0    00000520     ti.platform.dspc8681.ae66 : evmc66x_nor.obj (.text)
                  847aac00    00000500     rts6600_elf.lib : ios.obj (.text:_ZNSt8ios_base5clearENSt5_IosbIiE8_IostateEb)
                  847ab100    00000500     sysbios.lib : BIOS.obj (.text:ti_sysbios_knl_Task_Instance_finalize__F)
                  847ab600    000004e0     stk_ppp_pppoe.ae66 : udp.oe66 (.text:UdpInput)
                  847abae0    000004e0     convMixtureFastHelper.obj (.text:_ZNSt5_TreeISt12_Tset_traitsI6CvRect18PositionComparatorSaIS1_ELb0EEE7_InsertEbPNSt9_Tree_nodIS4_E5_NodeERKS1_)
                  847abfc0    000004e0     stk_ppp_pppoe.ae66 : nimupppoe.oe66 (.text:pppoeInputS)
                  847ac4a0    000004c0     ti.drv.cppi.ae66 : cppi_drv.oe66 (.text:Cppi_txChannelOpen)
                  847ac960    000004c0     rts6600_elf.lib : fwrite.obj (.text:fwrite)
                  847ace20    000004c0     ti.platform.dspc8681.ae66 : evmc66x_fpga.obj (.text)
                  847ad2e0    000004a0     DPMDtector.obj (.text)
                  847ad780    000004a0     stk_ppp_pppoe.ae66 : lliin.oe66 (.text:LLIRxPacket)
                  847adc20    000004a0                        : sock.oe66 (.text:SockRecv)
                  847ae0c0    000004a0     DPMDtector.obj (.text:_ZNSt15basic_stringbufIcSt11char_traitsIcESaIcEE8overflowEi)
                  847ae560    00000460     rts6600_elf.lib : _printfi.obj (.text:_printfi)
                  847ae9c0    00000460     stk_ppp_pppoe.ae66 : nimuppp.oe66 (.text:pppNew)
                  847aee20    00000460     rts6600_elf.lib : strtoll.obj (.text:strtoll)
                  847af280    00000440     ti.drv.cppi.ae66 : cppi_drv.oe66 (.text:Cppi_rxChannelOpen)
                  847af6c0    00000440     jpegdec_ti.le66 (.text:JPEGDEC_TI_initObj:jpegdec_ti.oc)
                  847afb00    00000440     DPMMain.obj (.text:_ZNSt13basic_filebufIcSt11char_traitsIcEE8overflowEi)
                  847aff40    00000440     stk_ppp_pppoe.ae66 : auth.oe66 (.text:chapInput)
                  847b0380    00000440                        : fileuser.oe66 (.text:fdSelect)
                  847b07c0    00000440                        : nimupppoe.oe66 (.text:pppoeInputC)
                  847b0c00    00000420     nettool_ipv4.ae66 : daemon.oe66 (.text:daemon)
                  847b1020    00000420     ti.drv.pa.ae66 : pa.oe66 (.text:pa_conv_routing_info)
                  847b1440    00000400     rts6600_elf.lib : wlocale.obj (.text:__sti___11_wlocale_cpp_1f56ad1c)
                  847b1840    00000400     alg_malloc.obj (.text)
                  847b1c40    00000400     os.ae66 : efs.oe66 (.text:efs_filecheck)
                  847b2040    00000400     rts6600_elf.lib : strtoull.obj (.text:strtoull)
                  847b2440    00000400     sysbios.lib : BIOS.obj (.text:ti_sysbios_knl_Semaphore_pend__E)
                  847b2840    000003e0     DPMMain.obj (.text:_ZNSt13basic_filebufIcSt11char_traitsIcEE5uflowEv)
                  847b2c20    000003e0     convMixtureFastHelper.obj (.text:_ZSt20_Unguarded_partitionIPi14AreaComparatorESt4pairIT_S3_ES3_S3_T0_)
                  847b3000    000003c0     ti.drv.cppi.ae66 : cppi_desc.oe66 (.text:Cppi_initDescriptor)
                  847b33c0    000003c0     stk_ppp_pppoe.ae66 : sock.oe66 (.text:SockSend)
                  847b3780    000003c0                        : tcp.oe66 (.text:TcpTimeoutCheck)
                  847b3b40    000003c0     DPMDtector.obj (.text:_ZNSt15basic_stringbufIcSt11char_traitsIcESaIcEE7seekoffElNSt5_IosbIiE8_SeekdirENS5_9_OpenmodeE)
                  847b3f00    000003c0     rts6600_elf.lib : strtol.obj (.text:strtol)
                  847b42c0    000003c0     sysbios.lib : BIOS.obj (.text:ti_sysbios_knl_Task_Instance_init__F)
                  847b4680    000003c0                 : BIOS.obj (.text:ti_sysbios_knl_Task_setPri__E)
                  847b4a40    000003a0     stk_ppp_pppoe.ae66 : nimu.oe66 (.text:NIMUIoctl)
                  847b4de0    000003a0                        : route.oe66 (.text:RtCreate)
                  847b5180    000003a0                        : sb.oe66 (.text:SBRead)
                  847b5520    000003a0     testAll.obj (.text:_ZNKSt7num_putIcSt19ostreambuf_iteratorIcSt11char_traitsIcEEE5_IputES3_RSt8ios_basecPcj)
                  847b58c0    000003a0     rts6600_elf.lib : fputs.obj (.text:fputs)
                  847b5c60    000003a0     stk_ppp_pppoe.ae66 : auth.oe66 (.text:papInput)
                  847b6000    00000380                        : igmp.oe66 (.text:IGMPInput)
                  847b6380    00000380                        : sock.oe66 (.text:SockConnect)
                  847b6700    00000380                        : sockint.oe66 (.text:SockNotify)
                  847b6a80    00000380     nettool_ipv4.ae66 : dhcppkt.oe66 (.text:dhcpPacketProcess)
                  847b6e00    00000360     stk_ppp_pppoe.ae66 : lliout.oe66 (.text:LLITxIpPacket)
                  847b7160    00000360     testAll.obj (.text:_ZStlsISt11char_traitsIcEERSt13basic_ostreamIcT_ES5_PKc)
                  847b74c0    00000360     model.obj (.text:_ZStlsISt11char_traitsIcEERSt13basic_ostreamIcT_ES5_c)
                  847b7820    00000360     platform_osal.obj (.text)
                  847b7b80    00000360     frame_pe66.oe66 (.text:xdc_runtime_System_printfExtend__I)
                  847b7ee0    00000340     ti.drv.pa.ae66 : painit.oe66 (.text:Pa_create)
                  847b8220    00000340     ti.drv.qmss.ae66 : qmss_drv.oe66 (.text:Qmss_init)
                  847b8560    00000340     os.ae66 : mem.oe66 (.text:mmAlloc)
                  847b88a0    00000320     nettool_ipv4.ae66 : config.oe66 (.text:CfgAddEntry)
                  847b8bc0    00000320     stk_ppp_pppoe.ae66 : nimupppoe.oe66 (.text:SendServerMsg)
                  847b8ee0    00000320     rts6600_elf.lib : _printfi.obj (.text:_pproc_fge)
                  847b9200    00000320     stk_ppp_pppoe.ae66 : nimupppoe.oe66 (.text:pppoeSI)
                  847b9520    00000320     rts6600_elf.lib : strtoul.obj (.text:strtoul)
                  847b9840    00000320     nettool_ipv4.ae66 : telnetd.oe66 (.text:telnet_engine)
                  847b9b60    00000320     ti.platform.dspc8681.ae66 : evmc66x_uart.obj (.text)
                  847b9e80    00000300     netctrl_ipv4.ae66 : netctrl.oe66 (.text:NetScheduler)
                  847ba180    00000300     nettool_ipv4.ae66 : inetaddr.oe66 (.text:inet_aton)
                  847ba480    00000300     sysbios.lib : BIOS.obj (.text:ti_sysbios_family_c64p_Hwi_dispatchC__I)
                  847ba780    000002e0     ti.drv.pa.ae66 : pa.oe66 (.text:Pa_forwardResult)
                  847baa60    000002e0     stk_ppp_pppoe.ae66 : nimupppoe.oe66 (.text:SendClientMsg)
                  847bad40    000002e0                        : udp.oe66 (.text:UdpOutput)
                  847bb020    000002e0     testAll.obj (.text:_ZNKSt7num_putIcSt19ostreambuf_iteratorIcSt11char_traitsIcEEE6do_putES3_RSt8ios_basecd)
                  847bb300    000002e0     testAll.obj (.text:_ZNKSt7num_putIcSt19ostreambuf_iteratorIcSt11char_traitsIcEEE6do_putES3_RSt8ios_basece)
                  847bb5e0    000002e0     DPMMain.obj (.text:_ZNSt13basic_filebufIcSt11char_traitsIcEE9_EndwriteEv)
                  847bb8c0    000002e0     DPMDtector.obj (.text:_ZNSt15basic_stringbufIcSt11char_traitsIcESaIcEE7seekposESt4fposIiENSt5_IosbIiE9_OpenmodeE)
                  847bbba0    000002e0     rts6600_elf.lib : _printfi.obj (.text:_pproc_fwp)
                  847bbe80    000002e0     sysbios.lib : BIOS.obj (.text:ti_sysbios_knl_Task_Module_startup__F)
                  847bc160    000002c0     stk_ppp_pppoe.ae66 : bind.oe66 (.text:BindNew)
                  847bc420    000002c0     model.obj (.text:_ZSt10_GetloctxtIcSt19istreambuf_iteratorIcSt11char_traitsIcEEEiRT0_S5_jPKT_)
                  847bc6e0    000002c0     rts6600_elf.lib : cos.obj (.text:cos)
                  847bc9a0    000002c0                     : fread.obj (.text:fread)
                  847bcc60    000002c0     stk_ppp_pppoe.ae66 : nimuppp.oe66 (.text:pppInput)
                  847bcf20    000002a0     nettool_ipv4.ae66 : dhcpmain.oe66 (.text:DHCPOpen)
                  847bd1c0    000002a0     stk_ppp_pppoe.ae66 : node.oe66 (.text:NodeAdd)
                  847bd460    000002a0                        : rtable.oe66 (.text:RtFind)
                  847bd700    000002a0                        : sock.oe66 (.text:SockClose)
                  847bd9a0    000002a0                        : tcpprot.oe66 (.text:TcpPrSetOption)
                  847bdc40    000002a0     rts6600_elf.lib : _printfi.obj (.text:fcvt)
                  847bdee0    000002a0     sysbios.lib : BIOS.obj (.text:ti_sysbios_family_c66_tci66xx_CpIntc_Module_startup__F)
                  847be180    000002a0                 : BIOS.obj (.text:ti_sysbios_knl_Clock_workFunc__E)
                  847be420    000002a0                 : BIOS.obj (.text:ti_sysbios_knl_Task_sleep__E)
                  847be6c0    00000280     stk_ppp_pppoe.ae66 : icmp.oe66 (.text:ICMPGenPacket)
                  847be940    00000280                        : sockpcb.oe66 (.text:SockPcbResolve)
                  847bebc0    00000280     HOG.obj (.text:_ZN8HOGTableC1Ev)
                  847bee40    00000280     rts6600_elf.lib : divf.obj (.text:__c6xabi_divf)
                  847bf0c0    00000280     sysbios.lib : BIOS.obj (.text:deviceConfig$44)
                  847bf340    00000280     rts6600_elf.lib : _printfi.obj (.text:ecvt)
                  847bf5c0    00000280     stk_ppp_pppoe.ae66 : ipcp.oe66 (.text:ipcpSendCfg)
                  847bf840    00000280                        : lcp.oe66 (.text:lcpSendCfg)
                  847bfac0    00000280     rts6600_elf.lib : sin.obj (.text:sin)
                  847bfd40    00000280     sysbios.lib : BIOS.obj (.text:ti_sysbios_knl_Clock_Instance_init__F)
                  847bffc0    00000280                 : BIOS.obj (.text:ti_sysbios_knl_Task_exit__E)
                  847c0240    00000280     ti.targets.rts6000.ae66 : Core-mem.oe66 (.text:xdc_runtime_Core_createObject__I)
                  847c04c0    00000280                             : Error.oe66 (.text:xdc_runtime_Error_raiseX__F)
                  847c0740    00000260     stk_ppp_pppoe.ae66 : rawethsock.oe66 (.text:RawEthSockSet)
                  847c09a0    00000260                        : sb.oe66 (.text:SBWrite)
                  847c0c00    00000260                        : sockpcb.oe66 (.text:SockPcbBind)
                  847c0e60    00000260     model.obj (.text:_ZNKSt7num_getIcSt19istreambuf_iteratorIcSt11char_traitsIcEEE6do_getES3_S3_RSt8ios_baseRNSt5_IosbIiE8_IostateERb)
                  847c10c0    00000260     testAll.obj (.text:_ZNKSt7num_putIcSt19ostreambuf_iteratorIcSt11char_traitsIcEEE6do_putES3_RSt8ios_basecb)
                  847c1320    00000260     model.obj (.text:_ZNSi5_IpfxEb)
                  847c1580    00000260     rts6600_elf.lib : wiostrea.obj (.text:_ZNSt6_WinitD1Ev)
                  847c17e0    00000260                     : iostream.obj (.text:__sti___12_iostream_cpp_3a72482d)
                  847c1a40    00000260                     : wiostrea.obj (.text:__sti___12_wiostrea_cpp_1f56ad1c)
                  847c1ca0    00000260     nettool_ipv4.ae66 : httppars.oe66 (.text:httpParseRecv)
                  847c1f00    00000260                       : httpsend.oe66 (.text:httpSendErrorHTML)
                  847c2160    00000260     ti.targets.rts6000.ae66 : Startup.oe66 (.text:xdc_runtime_Startup_startMods__I)
                  847c23c0    00000240     ti.drv.cppi.ae66 : cppi_drv.oe66 (.text:Cppi_open)
                  847c2600    00000240     nettool_ipv4.ae66 : daemon.oe66 (.text:DaemonNew)
                  847c2840    00000240     OpenCV_6678.lib : cxalloc.obj (.text)
                  847c2a80    00000240     ti.drv.pa.ae66 : pa.oe66 (.text:Pa_resetControl)
                  847c2cc0    00000240     stk_ppp_pppoe.ae66 : pipe.oe66 (.text:PipeRecv)
                  847c2f00    00000240                        : raw.oe66 (.text:RawInput)
                  847c3140    00000240     rts6600_elf.lib : wiostrea.obj (.text:_ZNSt13basic_filebufIwSt11char_traitsIwEE5imbueERKSt6locale)
                  847c3380    00000240     convMixtureFastHelper.obj (.text:_ZNSt5_TreeISt12_Tset_traitsI6CvRect18PositionComparatorSaIS1_ELb0EEE6insertERKS1_)
                  847c35c0    00000240     rts6600_elf.lib : imath64.obj (.text:__c6xabi_divull)
                  847c3800    00000240                     : _printfi.obj (.text:_pconv_e)
                  847c3a40    00000240                     : _printfi.obj (.text:_pproc_diouxp)
                  847c3c80    00000240     nettool_ipv4.ae66 : dhcpsm.oe66 (.text:dhcpIPAdd)
                  847c3ec0    00000240                       : dhcpsm.oe66 (.text:dhcpState)
                  847c4100    00000240     sysbios.lib : BIOS.obj (.text:ti_sysbios_family_c64p_Exception_internalHandler__I)
                  847c4340    00000240                 : BIOS.obj (.text:ti_sysbios_knl_Semaphore_post__E)
                  847c4580    00000240     ti.targets.rts6000.ae66 : LoggerBuf.oe66 (.text:xdc_runtime_LoggerBuf_write8__F)
                  847c47c0    00000220     stk_ppp_pppoe.ae66 : igmp.oe66 (.text:IGMPJoinHostGroup)
                  847c49e0    00000220                        : nimu.oe66 (.text:NIMUReceivePacket)
                  847c4c00    00000220                        : rawethsock.oe66 (.text:RawEthSockNew)
                  847c4e20    00000220                        : sockpcb.oe66 (.text:SockPcbFind)
                  847c5040    00000220     rts6600_elf.lib : _printfi.obj (.text:_pproc_str)
                  847c5260    00000220     nettool_ipv4.ae66 : dhcppkt.oe66 (.text:dhcpVerifyMessage)
                  847c5480    00000220     rts6600_elf.lib : fputc.obj (.text:fputc)
                  847c56a0    00000220     nettool_ipv4.ae66 : httpclie.oe66 (.text:httpGetAuthParams)
                  847c58c0    00000220     sysbios.lib : BIOS.obj (.text:ti_sysbios_knl_Swi_run__I)
                  847c5ae0    00000220                 : BIOS.obj (.text:ti_sysbios_knl_Task_schedule__I)
                  847c5d00    00000220                 : BIOS.obj (.text:ti_sysbios_knl_Task_startup__E)
                  847c5f20    00000200     ti.drv.qmss.ae66 : qmss_drv.oe66 (.text:Qmss_internalQueueOpen)
                  847c6120    00000200                      : qmss_acc.oe66 (.text:Qmss_programAccumulator)
                  847c6320    00000200     stk_ppp_pppoe.ae66 : rtc.oe66 (.text:RTCReport)
                  847c6520    00000200     DPMMain.obj (.text:_ZNSt13basic_filebufIcSt11char_traitsIcEE9pbackfailEi)
                  847c6720    00000200     rts6600_elf.lib : _printfi.obj (.text:_pconv_g)
                  847c6920    00000200     sysbios.lib : c64p_Hwi_disp_always.obj (.text:_ti_sysbios_family_c64p_Hwi_dispatchAlways)
                  847c6b20    00000200                 : BIOS.obj (.text:block$56)
                  847c6d20    00000200     ti.drv.cppi.ae66 : cppi_heap.oe66 (.text:cppi_internal_heap_add)
                  847c6f20    00000200     rts6600_elf.lib : exp.obj (.text:exp)
                  847c7120    00000200     stk_ppp_pppoe.ae66 : nimupppoe.oe66 (.text:pppoeCtrlMsg)
                  847c7320    00000200     rts6600_elf.lib : setvbuf.obj (.text:setvbuf)
                  847c7520    000001e0     stk_ppp_pppoe.ae66 : igmp.oe66 (.text:IGMPSendReply)
                  847c7700    000001e0                        : tcpout.oe66 (.text:TcpGenPacket)
                  847c78e0    000001e0     DPMMain.obj (.text:_ZNSt13basic_filebufIcSt11char_traitsIcEE7seekoffElNSt5_IosbIiE8_SeekdirENS4_9_OpenmodeE)
                  847c7ac0    000001e0     DPMMain.obj (.text:_ZNSt13basic_filebufIcSt11char_traitsIcEE7seekposESt4fposIiENSt5_IosbIiE9_OpenmodeE)
                  847c7ca0    000001e0     rts6600_elf.lib : acos.obj (.text:acos)
                  847c7e80    000001e0     stk_ppp_pppoe.ae66 : auth.oe66 (.text:chapSendMsg)
                  847c8060    000001e0     nettool_ipv4.ae66 : dhcpsock.oe66 (.text:dhcpSocketOpen)
                  847c8240    000001e0     sysbios.lib : BIOS.obj (.text:ti_sysbios_knl_Task_postInit__I)
                  847c8420    000001e0                 : BIOS.obj (.text:ti_sysbios_timers_timer64_Timer_getFreq__E)
                  847c8600    000001c0     nettool_ipv4.ae66 : config.oe66 (.text:CfgExecute)
                  847c87c0    000001c0     ti.drv.cppi.ae66 : cppi_drv.oe66 (.text:Cppi_channelClose)
                  847c8980    000001c0                      : cppi_drv.oe66 (.text:Cppi_initCfg)
                  847c8b40    000001c0     stk_ppp_pppoe.ae66 : ip.oe66 (.text:IPGetRoute)
                  847c8d00    000001c0     jpegdec_ti.le66 (.text:JPEGDEC_TI_alloc:jpegdec_ti.oc)
                  847c8ec0    000001c0     stk_ppp_pppoe.ae66 : lliout.oe66 (.text:LLIGenArpPacket)
                  847c9080    000001c0     ti.drv.qmss.ae66 : qmss_drv.oe66 (.text:Qmss_internaldownloadFirmware)
                  847c9240    000001c0     netctrl_ipv4.ae66 : netsrv.oe66 (.text:SPIpNet)
                  847c9400    000001c0     stk_ppp_pppoe.ae66 : tcptime.oe66 (.text:TcpTimeoutRexmt)
                  847c95c0    000001c0                        : lli.oe66 (.text:_LLITimeoutCheck)
                  847c9780    000001c0     rts6600_elf.lib : string.obj (.text:_ZNKSt12_String_base5_XranEv)
                  847c9940    000001c0                     : iostream.obj (.text:_ZNSt8ios_base4InitD1Ev)
                  847c9b00    000001c0                     : _printfi.obj (.text:_mcpy)
                  847c9cc0    000001c0                     : fopen.obj (.text:_openfile)
                  847c9e80    000001c0                     : atan.obj (.text:atan)
                  847ca040    000001c0     nettool_ipv4.ae66 : dhcpbild.oe66 (.text:dhcpBuildHeader)
                  847ca200    000001c0     sysbios.lib : BIOS.obj (.text:ti_sysbios_knl_Task_checkStacks__E)
                  847ca3c0    000001c0                 : BIOS.obj (.text:ti_sysbios_timers_timer64_Timer_setPeriodMicroSecs__E)
                  847ca580    000001a0     nettool_ipv4.ae66 : config.oe66 (.text:CfgRemoveEntry)
                  847ca720    000001a0     rts6600_elf.lib : trgdrv.obj (.text:HOSTrename)
                  847ca8c0    000001a0     stk_ppp_pppoe.ae66 : icmpin.oe66 (.text:ICMPRevSrcRoute)
                  847caa60    000001a0     netctrl_ipv4.ae66 : netctrl.oe66 (.text:NC_NetStart)
                  847cac00    000001a0     stk_ppp_pppoe.ae66 : node.oe66 (.text:NodeTreeFree)
                  847cada0    000001a0     ti.drv.pa.ae66 : pa.oe66 (.text:Pa_downloadImage)
                  847caf40    000001a0     stk_ppp_pppoe.ae66 : sockint.oe66 (.text:SockCreatePacket)
                  847cb0e0    000001a0     nettool_ipv4.ae66 : dhcpsm.oe66 (.text:StateRenewRebind)
                  847cb280    000001a0     rts6600_elf.lib : xlocinfo.obj (.text:_Getctyptab)
                  847cb420    000001a0                     : vec_newdel.obj (.text:_Z17array_new_generalPvjjjS_PFYS_S_ES1_PFYS_jEPFYvS_Eii)
                  847cb5c0    000001a0                     : wiostrea.obj (.text:_ZNKSt7codecvtIwciE5do_inERiPKcS3_RS3_PwS5_RS5_)
                  847cb760    000001a0     model.obj (.text:_ZNSirsERi)
                  847cb900    000001a0     testAll.obj (.text:_ZNSolsEi)
                  847cbaa0    000001a0     rts6600_elf.lib : wiostrea.obj (.text:_ZNSt13basic_filebufIwSt11char_traitsIwEE7seekoffElNSt5_IosbIiE8_SeekdirENS4_9_OpenmodeE)
                  847cbc40    000001a0     convMixtureFastHelper.obj (.text:_ZSt7_RotateIPiiiEvT_S1_S1_PT0_PT1_)
                  847cbde0    000001a0     rts6600_elf.lib : imath40.obj (.text:__c6xabi_divul)
                  847cbf80    000001a0     nettool_ipv4.ae66 : dhcptags.oe66 (.text:dhcpBuildOptions)
                  847cc120    000001a0     rts6600_elf.lib : log.obj (.text:log)
                  847cc2c0    000001a0     nettool_ipv4.ae66 : telnetd.oe66 (.text:telnet_termdata)
                  847cc460    000001a0     sysbios.lib : BIOS.obj (.text:ti_sysbios_gates_GateMutex_enter__E)
                  847cc600    000001a0                 : BIOS.obj (.text:ti_sysbios_timers_timer64_Timer_start__E)
                  847cc7a0    000001a0     ti.targets.rts6000.ae66 : LoggerBuf.oe66 (.text:xdc_runtime_LoggerBuf_write4__F)
                  847cc940    00000180     stk_ppp_pppoe.ae66 : igmp.oe66 (.text:IGMPMsg)
                  847ccac0    00000180                        : nimu.oe66 (.text:NIMURegister)
                  847ccc40    00000180     netctrl_ipv4.ae66 : netsrv.oe66 (.text:ServiceScan)
                  847ccdc0    00000180                       : netsrv.oe66 (.text:ServiceSpawn)
                  847ccf40    00000180     nettool_ipv4.ae66 : dhcpsm.oe66 (.text:StateBound)
                  847cd0c0    00000180     DPM.obj (.text:_ZNK11IntersectorclE6CvRect)
                  847cd240    00000180     rts6600_elf.lib : wiostrea.obj (.text:_ZNKSt5ctypeIwE10do_toupperEPwPKw)
                  847cd3c0    00000180                     : wiostrea.obj (.text:_ZNKSt7codecvtIwciE6do_outERiPKwS3_RS3_PcS5_RS5_)
                  847cd540    00000180     model.obj (.text:_ZNSolsEf)
                  847cd6c0    00000180     model.obj (.text:_ZNSolsEj)
                  847cd840    00000180     rts6600_elf.lib : wiostrea.obj (.text:_ZNSt13basic_filebufIwSt11char_traitsIwEE7seekposESt4fposIiENSt5_IosbIiE9_OpenmodeE)
                  847cd9c0    00000180     DPMDtector.obj (.text:_ZNSt15basic_stringbufIcSt11char_traitsIcESaIcEE9underflowEv)
                  847cdb40    00000180     rts6600_elf.lib : wiostrea.obj (.text:_ZSt9use_facetISt5ctypeIwEERKT_RKSt6locale)
                  847cdcc0    00000180                     : copy_decompress_rle.obj (.text:__TI_decompress_rle_core)
                  847cde40    00000180                     : atan2.obj (.text:atan2)
                  847cdfc0    00000180     nettool_ipv4.ae66 : dhcpbild.oe66 (.text:dhcpBuildRequest)
                  847ce140    00000180     stk_ppp_pppoe.ae66 : fileuser.oe66 (.text:fdClose)
                  847ce2c0    00000180     rts6600_elf.lib : frexp.obj (.text:frexp)
                  847ce440    00000180     os.ae66 : task.oe66 (.text:llEnter)
                  847ce5c0    00000180     rts6600_elf.lib : lowlev.obj (.text:open)
                  847ce740    00000180     stk_ppp_pppoe.ae66 : auth.oe66 (.text:papSendCfg)
                  847ce8c0    00000180     sysbios.lib : c64p_Exception_asm.obj (.text)
                  847cea40    00000180                 : BIOS.obj (.text:ti_sysbios_heaps_HeapBuf_Module_startup__F)
                  847cebc0    00000180                 : BIOS.obj (.text:ti_sysbios_heaps_HeapMem_Instance_init__F)
                  847ced40    00000180                 : BIOS.obj (.text:ti_sysbios_knl_Swi_schedule__I)
                  847ceec0    00000180                 : BIOS.obj (.text:ti_sysbios_knl_Task_unblockI__E)
                  847cf040    00000180     ti.targets.rts6000.ae66 : Text.oe66 (.text:xdc_runtime_Text_putSite__F)
                  847cf1c0    00000160     nettool_ipv4.ae66 : config.oe66 (.text:CfgGetEntry)
                  847cf320    00000160                       : config.oe66 (.text:CfgGetNextEntry)
                  847cf480    00000160     stk_ppp_pppoe.ae66 : igmp.oe66 (.text:IGMPDoMCast)
                  847cf5e0    00000160     jpegdec_ti.le66 (.text:JPEGDEC_TI_free:jpegdec_ti.oc)
                  847cf740    00000160     stk_ppp_pppoe.ae66 : nimu.oe66 (.text:NIMUIoctlSpecialCmd)
                  847cf8a0    00000160                        : nimuppp.oe66 (.text:PPPStop)
                  847cfa00    00000160                        : pipe.oe66 (.text:PipeSend)
                  847cfb60    00000160                        : raw.oe66 (.text:RawOutput)
                  847cfcc0    00000160                        : rtable.oe66 (.text:RtTimeoutCheck)
                  847cfe20    00000160                        : rtable.oe66 (.text:RtWalkNext)
                  847cff80    00000160     netctrl_ipv4.ae66 : netsrv.oe66 (.text:SPRoute)
                  847d00e0    00000160     stk_ppp_pppoe.ae66 : sock.oe66 (.text:SockCheck)
                  847d0240    00000160                        : sockpcb.oe66 (.text:SockPcbConnect)
                  847d03a0    00000160     nettool_ipv4.ae66 : dhcpsm.oe66 (.text:StateRequesting)
                  847d0500    00000160     stk_ppp_pppoe.ae66 : tcptime.oe66 (.text:TcpTimeoutKeep)
                  847d0660    00000160     rts6600_elf.lib : string.obj (.text:_ZNKSt12_String_base5_XlenEv)
                  847d07c0    00000160     model.obj (.text:_ZNKSt7num_getIcSt19istreambuf_iteratorIcSt11char_traitsIcEEE6do_getES3_S3_RSt8ios_baseRNSt5_IosbIiE8_IostateERj)
                  847d0920    00000160     model.obj (.text:_ZNKSt7num_getIcSt19istreambuf_iteratorIcSt11char_traitsIcEEE6do_getES3_S3_RSt8ios_baseRNSt5_IosbIiE8_IostateERt)
                  847d0a80    00000160     rts6600_elf.lib : wiostrea.obj (.text:_ZNSt13basic_filebufIwSt11char_traitsIwEE9pbackfailEj)
                  847d0be0    00000160                     : wiostrea.obj (.text:_ZNSt13basic_filebufIwSt11char_traitsIwEED0Ev)
                  847d0d40    00000160     convMixtureFastHelper.obj (.text:_ZNSt5_TreeISt12_Tset_traitsI6CvRect18PositionComparatorSaIS1_ELb0EEE8_LrotateEPNSt9_Tree_nodIS4_E5_NodeE)
                  847d0ea0    00000160     convMixtureFastHelper.obj (.text:_ZNSt5_TreeISt12_Tset_traitsI6CvRect18PositionComparatorSaIS1_ELb0EEE8_RrotateEPNSt9_Tree_nodIS4_E5_NodeE)
                  847d1000    00000160     rts6600_elf.lib : wiostrea.obj (.text:_ZNSt9basic_iosIwSt11char_traitsIwEE4initEPSt15basic_streambufIwS1_Eb)
                  847d1160    00000160     convMixtureFastHelper.obj (.text:_ZSt15_Insertion_sortIPi14AreaComparatorEvT_S2_T0_)
                  847d12c0    00000160     stk_ppp_pppoe.ae66 : auth.oe66 (.text:authInit)
                  847d1420    00000160     nettool_ipv4.ae66 : httpclie.oe66 (.text:httpExtractTag)
                  847d1580    00000160     rts6600_elf.lib : ldexp.obj (.text:ldexp)
                  847d16e0    00000160                     : sqrt.obj (.text:sqrt)
                  847d1840    00000160     nettool_ipv4.ae66 : telnetd.oe66 (.text:telnetClientProcess)
                  847d19a0    00000140     ti.csl.ae66 : csl_chip.oe66 (.text:CSL_chipReadReg)
                  847d1ae0    00000140     stk_ppp_pppoe.ae66 : icmp.oe66 (.text:ICMPSendRtAdv)
                  847d1c20    00000140                        : igmp.oe66 (.text:IGMPJoin)
                  847d1d60    00000140                        : lli.oe66 (.text:LLINew)
                  847d1ea0    00000140                        : node.oe66 (.text:NodeFind)
                  847d1fe0    00000140                        : node.oe66 (.text:NodeWalk)
                  847d2120    00000140                        : pbm.oe66 (.text:PBM_alloc)
                  847d2260    00000140                        : rtable.oe66 (.text:RtFlush)
                  847d23a0    00000140     netctrl_ipv4.ae66 : netsrv.oe66 (.text:ServiceKill)
                  847d24e0    00000140     stk_ppp_pppoe.ae66 : sock.oe66 (.text:SockAccept)
                  847d2620    00000140                        : sock.oe66 (.text:SockListen)
                  847d2760    00000140                        : sockpcb.oe66 (.text:SockPcbCtlError)
                  847d28a0    00000140     model.obj (.text:_ZNSirsERf)
                  847d29e0    00000140     testAll.obj (.text:_ZNSs6appendERKSsjj)
                  847d2b20    00000140     testAll.obj (.text:_ZNSs6assignERKSsjj)
                  847d2c60    00000140     testAll.obj (.text:_ZNSs6insertEjjc)
                  847d2da0    00000140     rts6600_elf.lib : wiostrea.obj (.text:_ZNSt13basic_filebufIwSt11char_traitsIwEED1Ev)
                  847d2ee0    00000140     DPMDtector.obj (.text:_ZNSt15basic_stringbufIcSt11char_traitsIcESaIcEE5_InitEPKcji)
                  847d3020    00000140     DPMDtector.obj (.text:_ZNSt15basic_stringbufIcSt11char_traitsIcESaIcEE9pbackfailEi)
                  847d3160    00000140     rts6600_elf.lib : locale0.obj (.text:_ZNSt6locale5_InitEv)
                  847d32a0    00000140                     : locale0.obj (.text:_ZNSt6locale7_LocimpD1Ev)
                  847d33e0    00000140                     : locale0.obj (.text:_ZNSt8_LocinfoC1EPKc)
                  847d3520    00000140     convMixtureFastHelper.obj (.text:_ZSt5_SortIPii14AreaComparatorEvT_S2_T0_T1_)
                  847d3660    00000140     boot.ae66 : autoinit.oe66 (.text:_auto_init_elf)
                  847d37a0    00000140     rts6600_elf.lib : _printfi.obj (.text:_pproc_fflags)
                  847d38e0    00000140     stk_ppp_pppoe.ae66 : auth.oe66 (.text:authGetPassword)
                  847d3a20    00000140     alg_create.obj (.text:create)
                  847d3b60    00000140     nettool_ipv4.ae66 : dhcptags.oe66 (.text:dhcpDecodeType)
                  847d3ca0    00000140     rts6600_elf.lib : fgetc.obj (.text:fgetc)
                  847d3de0    00000140                     : lowlev.obj (.text:getdevice)
                  847d3f20    00000140     nettool_ipv4.ae66 : httpsend.oe66 (.text:httpAuthenticationReq)
                  847d4060    00000140     os.ae66 : mem.oe66 (.text:mmCopy)
                  847d41a0    00000140     stk_ppp_pppoe.ae66 : nimuppp.oe66 (.text:pppAddClient)
                  847d42e0    00000140                        : socket.oe66 (.text:sendto)
                  847d4420    00000140     sysbios.lib : BIOS.obj (.text:ti_sysbios_family_c64p_Hwi_Module_startup__F)
                  847d4560    00000140                 : BIOS.obj (.text:ti_sysbios_family_c66_Cache_Module_startup__F)
                  847d46a0    00000140                 : BIOS.obj (.text:ti_sysbios_knl_Clock_Instance_finalize__F)
                  847d47e0    00000140                 : BIOS.obj (.text:ti_sysbios_knl_Semaphore_Instance_init__F)
                  847d4920    00000140                 : BIOS.obj (.text:ti_sysbios_knl_Swi_post__E)
                  847d4a60    00000140                 : BIOS.obj (.text:ti_sysbios_knl_Task_blockI__E)
                  847d4ba0    00000140     rts6600_elf.lib : ungetc.obj (.text:ungetc)
                  847d4ce0    00000120     stk_ppp_pppoe.ae66 : bind.oe66 (.text:BindFree)
                  847d4e00    00000120     nettool_ipv4.ae66 : config.oe66 (.text:CfgFree)
                  847d4f20    00000120                       : daemon.oe66 (.text:DaemonFree)
                  847d5040    00000120     stk_ppp_pppoe.ae66 : file.oe66 (.text:FdWaitEvent)
                  847d5160    00000120                        : igmp.oe66 (.text:IGMPLeaveHostGroup)
                  847d5280    00000120                        : ip.oe66 (.text:IPMsg)
                  847d53a0    00000120                        : ipin.oe66 (.text:IPRouteIP)
                  847d54c0    00000120                        : md5.oe66 (.text:MD5Update)
                  847d55e0    00000120     netctrl_ipv4.ae66 : netctrl.oe66 (.text:NC_SystemOpen)
                  847d5700    00000120     stk_ppp_pppoe.ae66 : nimu.oe66 (.text:NIMUAddEthernetHeader)
                  847d5820    00000120                        : pbm.oe66 (.text:PBM_free)
                  847d5940    00000120     ti.drv.qmss.ae66 : qmss_acc.oe66 (.text:Qmss_disableAccumulator)
                  847d5a60    00000120     stk_ppp_pppoe.ae66 : raweth.oe66 (.text:RawEthRxPacket)
                  847d5b80    00000120                        : raweth.oe66 (.text:RawEthTxPacket)
                  847d5ca0    00000120                        : sb.oe66 (.text:SBNew)
                  847d5dc0    00000120     netctrl_ipv4.ae66 : netsrv.oe66 (.text:SPConfig)
                  847d5ee0    00000120                       : netsrv.oe66 (.text:SPService)
                  847d6000    00000120     stk_ppp_pppoe.ae66 : sockpcb.oe66 (.text:SockPcbFindRaw)
                  847d6120    00000120                        : sock.oe66 (.text:SockShutdown)
                  847d6240    00000120                        : tcpprot.oe66 (.text:TcpPrAttach)
                  847d6360    00000120     nettool_ipv4.ae66 : telnetd.oe66 (.text:TelnetOpen)
                  847d6480    00000120     stk_ppp_pppoe.ae66 : rtable.oe66 (.text:_RtNodeInsert)
                  847d65a0    00000120     rts6600_elf.lib : vec_newdel.obj (.text:_Z20array_delete_generalPvijjPFYS_S_EiPFYvS_Eii)
                  847d66c0    00000120     convMixtureFastHelper.obj (.text:_ZN5zftdt11DPM2DVectorIP5CvMatEC1Eii)
                  847d67e0    00000120     DPMDtector.obj (.text:_ZN5zftdt9DPMVectorINS_9DetectionEEC1ERKS2_)
                  847d6900    00000120     convMixtureFastHelper.obj (.text:_ZNK14AreaComparatorclEii)
                  847d6a20    00000120     rts6600_elf.lib : wiostrea.obj (.text:_ZNKSt5ctypeIwE5do_isEPKwS2_Ps)
                  847d6b40    00000120                     : wiostrea.obj (.text:_ZNKSt5ctypeIwE9do_narrowEPKwS2_cPc)
                  847d6c60    00000120                     : wiostrea.obj (.text:_ZNKSt7codecvtIwciE9do_lengthERKiPKcS4_j)
                  847d6d80    00000120     model.obj (.text:_ZNKSt7num_getIcSt19istreambuf_iteratorIcSt11char_traitsIcEEE6do_getES3_S3_RSt8ios_baseRNSt5_IosbIiE8_IostateERx)
                  847d6ea0    00000120     model.obj (.text:_ZNKSt7num_getIcSt19istreambuf_iteratorIcSt11char_traitsIcEEE6do_getES3_S3_RSt8ios_baseRNSt5_IosbIiE8_IostateERy)
                  847d6fc0    00000120     testAll.obj (.text:_ZNKSt7num_putIcSt19ostreambuf_iteratorIcSt11char_traitsIcEEE5_IfmtEPcPKcNSt5_IosbIiE9_FmtflagsE)
                  847d70e0    00000120     testAll.obj (.text:_ZNSs5_CopyEjj)
                  847d7200    00000120     testAll.obj (.text:_ZNSs5eraseEjj)
                  847d7320    00000120     rts6600_elf.lib : wiostrea.obj (.text:_ZNSt13basic_filebufIwSt11char_traitsIwEE6setbufEPwi)
                  847d7440    00000120     DPMMain.obj (.text:_ZNSt15basic_streambufIcSt11char_traitsIcEE6xsgetnEPci)
                  847d7560    00000120     DPMMain.obj (.text:_ZNSt15basic_streambufIcSt11char_traitsIcEE6xsputnEPKci)
                  847d7680    00000120     rts6600_elf.lib : wiostrea.obj (.text:_ZNSt15basic_streambufIwSt11char_traitsIwEE6xsgetnEPwi)
                  847d77a0    00000120     convMixtureFastHelper.obj (.text:_ZNSt5_TreeISt12_Tset_traitsI6CvRect18PositionComparatorSaIS1_ELb0EEE14const_iterator4_DecEv)
                  847d78c0    00000120     rts6600_elf.lib : locale0.obj (.text:_ZNSt8_LocinfoD1Ev)
                  847d79e0    00000120     testAll.obj (.text:_ZNSt8numpunctIcE5_InitERKSt8_Locinfo)
                  847d7b00    00000120     rts6600_elf.lib : _bufread.obj (.text:_buff_read)
                  847d7c20    00000120                     : fclose.obj (.text:_closefile)
                  847d7d40    00000120                     : _printfi.obj (.text:_ltostr)
                  847d7e60    00000120     os.ae66 : mem.oe66 (.text:_mmInit)
                  847d7f80    00000120     rts6600_elf.lib : fopen.obj (.text:_search_fp)
                  847d80a0    00000120     stk_ppp_pppoe.ae66 : socket.oe66 (.text:accept)
                  847d81c0    00000120     nettool_ipv4.ae66 : daemon.oe66 (.text:dchild)
                  847d82e0    00000120     stk_ppp_pppoe.ae66 : fileuser.oe66 (.text:fdOpenSession)
                  847d8400    00000120     rts6600_elf.lib : fseek.obj (.text:fseek)
                  847d8520    00000120                     : ftell.obj (.text:ftell)
                  847d8640    00000120     nettool_ipv4.ae66 : http.oe66 (.text:httpOpen)
                  847d8760    00000120     stk_ppp_pppoe.ae66 : lcp.oe66 (.text:lcpOpen)
                  847d8880    00000120                        : lcp.oe66 (.text:lcpReject)
                  847d89a0    00000120                        : socket.oe66 (.text:recv)
                  847d8ac0    00000120     sysbios.lib : BIOS.obj (.text:rtsUnlock$0)
                  847d8be0    00000120     stk_ppp_pppoe.ae66 : socket.oe66 (.text:send)
                  847d8d00    00000120                        : socket.oe66 (.text:setsockopt)
                  847d8e20    00000120     ti.targets.rts6000.ae66 : LoggerBuf.oe66 (.text:xdc_runtime_LoggerBuf_setFilterLevel__F)
                  847d8f40    00000120                             : Text.oe66 (.text:xdc_runtime_Text_putLab__F)
                  847d9060    00000100     nettool_ipv4.ae66 : config.oe66 (.text:CfgNew)
                  847d9160    00000100                       : config.oe66 (.text:CfgSetExecuteOrder)
                  847d9260    00000100     DPMMain.obj (.text)
                  847d9360    00000100     os.ae66 : ossys.oe66 (.text:DbgPrintf)
                  847d9460    00000100     stk_ppp_pppoe.ae66 : exec.oe66 (.text:ExecOpen)
                  847d9560    00000100     rts6600_elf.lib : trgdrv.obj (.text:HOSTlseek)
                  847d9660    00000100     stk_ppp_pppoe.ae66 : igmp.oe66 (.text:IGMPTimer)
                  847d9760    00000100                        : rtc.oe66 (.text:RTCMsg)
                  847d9860    00000100                        : rawethsock.oe66 (.text:RawEthSockCheck)
                  847d9960    00000100                        : route.oe66 (.text:RtRedirect)
                  847d9a60    00000100                        : sockint.oe66 (.text:SockValidateRoute)
                  847d9b60    00000100     nettool_ipv4.ae66 : dhcpsm.oe66 (.text:StateSelecting)
                  847d9c60    00000100     stk_ppp_pppoe.ae66 : tcpprot.oe66 (.text:TcpPrInherit)
                  847d9d60    00000100                        : tcptime.oe66 (.text:TcpXmitTimer)
                  847d9e60    00000100                        : rtable.oe66 (.text:_RtNodeRemove)
                  847d9f60    00000100     DPM.obj (.text:_ZN5zftdt11DPM2DVectorIN30_GLOBAL__N__7_DPM_cpp_1c78d04b7MaximumEEC1Eii)
                  847da060    00000100     DPM.obj (.text:_ZN5zftdt9DPMVectorIP9_IplImageEC1ERKS3_)
                  847da160    00000100     model.obj (.text:_ZNKSt7num_getIcSt19istreambuf_iteratorIcSt11char_traitsIcEEE6do_getES3_S3_RSt8ios_baseRNSt5_IosbIiE8_IostateERPv)
                  847da260    00000100     model.obj (.text:_ZNKSt7num_getIcSt19istreambuf_iteratorIcSt11char_traitsIcEEE6do_getES3_S3_RSt8ios_baseRNSt5_IosbIiE8_IostateERd)
                  847da360    00000100     model.obj (.text:_ZNKSt7num_getIcSt19istreambuf_iteratorIcSt11char_traitsIcEEE6do_getES3_S3_RSt8ios_baseRNSt5_IosbIiE8_IostateERe)
                  847da460    00000100     model.obj (.text:_ZNKSt7num_getIcSt19istreambuf_iteratorIcSt11char_traitsIcEEE6do_getES3_S3_RSt8ios_baseRNSt5_IosbIiE8_IostateERf)
                  847da560    00000100     model.obj (.text:_ZNKSt7num_getIcSt19istreambuf_iteratorIcSt11char_traitsIcEEE6do_getES3_S3_RSt8ios_baseRNSt5_IosbIiE8_IostateERl)
                  847da660    00000100     model.obj (.text:_ZNKSt7num_getIcSt19istreambuf_iteratorIcSt11char_traitsIcEEE6do_getES3_S3_RSt8ios_baseRNSt5_IosbIiE8_IostateERm)
                  847da760    00000100     DPMDtector.obj (.text:_ZNSiC2EPSt15basic_streambufIcSt11char_traitsIcEEbb)
                  847da860    00000100     testAll.obj (.text:_ZNSo3putEc)
                  847da960    00000100     testAll.obj (.text:_ZNSs5_GrowEjb)
                  847daa60    00000100     DPMMain.obj (.text:_ZNSt13basic_filebufIcSt11char_traitsIcEE9underflowEv)
                  847dab60    00000100     rts6600_elf.lib : wiostrea.obj (.text:_ZNSt15basic_streambufIwSt11char_traitsIwEE6xsputnEPKwi)
                  847dac60    00000100     DPMDtector.obj (.text:_ZNSt15basic_stringbufIcSt11char_traitsIcESaIcEE5_TidyEv)
                  847dad60    00000100     convMixtureFastHelper.obj (.text:_ZNSt5_TreeISt12_Tset_traitsI6CvRect18PositionComparatorSaIS1_ELb0EEE5_CopyEPNSt9_Tree_nodIS4_E5_NodeES9_)
                  847dae60    00000100     convMixtureFastHelper.obj (.text:_ZNSt5_TreeISt12_Tset_traitsI6CvRect18PositionComparatorSaIS1_ELb0EEE5_CopyERKS5_)
                  847daf60    00000100     convMixtureFastHelper.obj (.text:_ZSt12_Adjust_heapIPiii14AreaComparatorEvT_T0_S3_T1_T2_)
                  847db060    00000100     testAll.obj (.text:_ZSt9use_facetISt5ctypeIcEERKT_RKSt6locale)
                  847db160    00000100     DPMMain.obj (.text:_ZSt9use_facetISt7codecvtIcciEERKT_RKSt6locale)
                  847db260    00000100     model.obj (.text:_ZSt9use_facetISt7num_getIcSt19istreambuf_iteratorIcSt11char_traitsIcEEEERKT_RKSt6locale)
                  847db360    00000100     testAll.obj (.text:_ZSt9use_facetISt7num_putIcSt19ostreambuf_iteratorIcSt11char_traitsIcEEEERKT_RKSt6locale)
                  847db460    00000100     testAll.obj (.text:_ZSt9use_facetISt8numpunctIcEERKT_RKSt6locale)
                  847db560    00000100     rts6600_elf.lib : _io_perm.obj (.text:_wrt_ok)
                  847db660    00000100                     : fprintf.obj (.text:fprintf)
                  847db760    00000100     stk_ppp_pppoe.ae66 : socket.oe66 (.text:getpeername)
                  847db860    00000100     sysbios.lib : BIOS.obj (.text:initDevice$44)
                  847db960    00000100     os.ae66 : mem.oe66 (.text:mmFree)
                  847dba60    00000100     stk_ppp_pppoe.ae66 : socket.oe66 (.text:socket)
                  847dbb60    00000100     sysbios.lib : BIOS.obj (.text:ti_sysbios_family_c64p_EventCombiner_dispatch__F)
                  847dbc60    00000100                 : BIOS.obj (.text:ti_sysbios_knl_Clock_startI__E)
                  847dbd60    00000100                 : BIOS.obj (.text:ti_sysbios_knl_Swi_restoreHwi__E)
                  847dbe60    00000100     stk_ppp_pppoe.ae66 : lliin.oe66 (.text:updateRtTable)
                  847dbf60    00000100     ti.targets.rts6000.ae66 : Core-mem.oe66 (.text:xdc_runtime_Core_deleteObject__I)
                  847dc060    00000100                             : LoggerBuf.oe66 (.text:xdc_runtime_LoggerBuf_getFilterLevel__F)
                  847dc160    00000100                             : Startup.oe66 (.text:xdc_runtime_Startup_exec__F)
                  847dc260    00000100                             : Text.oe66 (.text:xdc_runtime_Text_putMod__F)
                  847dc360    00000100                             : Text.oe66 (.text:xdc_runtime_Text_visitRope2__I)
                  847dc460    000000e0     nettool_ipv4.ae66 : config.oe66 (.text:CfgGetEntryCnt)
                  847dc540    000000e0                       : dhcpmain.oe66 (.text:DHCPClose)
                  847dc620    000000e0     rts6600_elf.lib : trgdrv.obj (.text:HOSTopen)
                  847dc700    000000e0                     : trgdrv.obj (.text:HOSTread)
                  847dc7e0    000000e0     stk_ppp_pppoe.ae66 : igmp.oe66 (.text:IGMPLeave)
                  847dc8c0    000000e0                        : nimu.oe66 (.text:NIMUAllocateIndex)
                  847dc9a0    000000e0                        : nimu.oe66 (.text:NIMUAllocateName)
                  847dca80    000000e0                        : node.oe66 (.text:NodeDeRef)
                  847dcb60    000000e0                        : node.oe66 (.text:NodeNew)
                  847dcc40    000000e0                        : node.oe66 (.text:NodeTreeNew)
                  847dcd20    000000e0                        : pbm.oe66 (.text:PBMQ_enq)
                  847dce00    000000e0                        : rawethsock.oe66 (.text:RawEthSockNotify)
                  847dcee0    000000e0                        : rawethsock_pcb.oe66 (.text:RawEthSockPcbAttach)
                  847dcfc0    000000e0                        : rawethsock.oe66 (.text:RawEthSockSend)
                  847dd0a0    000000e0                        : route.oe66 (.text:RtDeRef)
                  847dd180    000000e0                        : route.oe66 (.text:RtRemove)
                  847dd260    000000e0                        : sb.oe66 (.text:SBSetMax)
                  847dd340    000000e0                        : sock.oe66 (.text:SockDisconnect)
                  847dd420    000000e0                        : sockint.oe66 (.text:SockSpawnAbort)
                  847dd500    000000e0                        : tcpprot.oe66 (.text:TcpPrDetach)
                  847dd5e0    000000e0                        : tcpprot.oe66 (.text:TcpPrDisconnect)
                  847dd6c0    000000e0                        : tcpprot.oe66 (.text:TcpValidateMetrics)
                  847dd7a0    000000e0                        : timer.oe66 (.text:TimerListInsert)
                  847dd880    000000e0                        : udp.oe66 (.text:UdpChecksum)
                  847dd960    000000e0                        : vlan.oe66 (.text:VLANDeinit)
                  847dda40    000000e0                        : vlan.oe66 (.text:VLANReceivePacket)
                  847ddb20    000000e0     nettool_ipv4.ae66 : config.oe66 (.text:_CfgEntryScan)
                  847ddc00    000000e0     rts6600_elf.lib : locale0.obj (.text:_Fac_tidy)
                  847ddce0    000000e0     stk_ppp_pppoe.ae66 : lli.oe66 (.text:_LLIExpListInsert)
                  847dddc0    000000e0                        : rtable.oe66 (.text:_RtExpListInsert)
                  847ddea0    000000e0     testAll.obj (.text:_ZN5zftdt9DPMVectorI6CvRectEC1Ei)
                  847ddf80    000000e0     convMixtureFastHelper.obj (.text:_ZN5zftdt9DPMVectorI6CvSizeEC1Ei)
                  847de060    000000e0     DPM.obj (.text:_ZN5zftdt9DPMVectorI7CvPointEC1Ei)
                  847de140    000000e0     model.obj (.text:_ZN5zftdt9DPMVectorINS_5Model4PartEEC1Ei)
                  847de220    000000e0     mixture.obj (.text:_ZN5zftdt9DPMVectorINS_5ModelEEC1Ei)
                  847de300    000000e0     testAll.obj (.text:_ZN5zftdt9DPMVectorINS_6ResultEEC1Ei)
                  847de3e0    000000e0     memAlloc.obj (.text:_ZN5zftdt9DPMVectorINS_9DetectionEEC1Ei)
                  847de4c0    000000e0     convMixtureFastHelper.obj (.text:_ZN5zftdt9DPMVectorIP5CvMatEC1Ei)
                  847de5a0    000000e0     memAlloc.obj (.text:_ZN5zftdt9DPMVectorIP9_IplImageE10reAllocateEi)
                  847de680    000000e0     memAlloc.obj (.text:_ZN5zftdt9DPMVectorIP9_IplImageEC1Ei)
                  847de760    000000e0     convMixtureFastHelper.obj (.text:_ZN5zftdt9DPMVectorISt3setI6CvRect18PositionComparatorSaIS2_EEEC1Ei)
                  847de840    000000e0     convMixtureFastHelper.obj (.text:_ZN5zftdt9DPMVectorISt4pairI6CvRectiEEC1Ei)
                  847de920    000000e0     convMixtureFastHelper.obj (.text:_ZN5zftdt9DPMVectorIhEC1Ei)
                  847dea00    000000e0     convMixtureFastHelper.obj (.text:_ZN5zftdt9DPMVectorIiEC1Ei)
                  847deae0    000000e0     testAll.obj (.text:_ZNKSt7num_putIcSt19ostreambuf_iteratorIcSt11char_traitsIcEEE11_PutgroupedES3_PKcjc)
                  847debc0    000000e0     testAll.obj (.text:_ZNKSt7num_putIcSt19ostreambuf_iteratorIcSt11char_traitsIcEEE5_FfmtEPccNSt5_IosbIiE9_FmtflagsE)
                  847deca0    000000e0     DPMDtector.obj (.text:_ZNSdC2EPSt15basic_streambufIcSt11char_traitsIcEE)
                  847ded80    000000e0     testAll.obj (.text:_ZNSs6appendEPKcj)
                  847dee60    000000e0     DPMDtector.obj (.text:_ZNSt18basic_stringstreamIcSt11char_traitsIcESaIcEEC2ENSt5_IosbIiE9_OpenmodeE)
                  847def40    000000e0     convMixtureFastHelper.obj (.text:_ZNSt4listIPN5zftdt21ConvMixtureFastHelperESaIS2_EE5clearEv)
                  847df020    000000e0     convMixtureFastHelper.obj (.text:_ZNSt4listIPN5zftdt21ConvMixtureFastHelperESaIS2_EE5eraseENS4_8iteratorE)
                  847df100    000000e0     convMixtureFastHelper.obj (.text:_ZNSt5_TreeISt12_Tset_traitsI6CvRect18PositionComparatorSaIS1_ELb0EEE14const_iterator4_IncEv)
                  847df1e0    000000e0     convMixtureFastHelper.obj (.text:_ZNSt5_TreeISt12_Tset_traitsI6CvRect18PositionComparatorSaIS1_ELb0EEE5eraseENS5_8iteratorES6_)
                  847df2c0    000000e0     convMixtureFastHelper.obj (.text:_ZSt5_Med3IPi14AreaComparatorEvT_S2_S2_T0_)
                  847df3a0    000000e0     convMixtureFastHelper.obj (.text:_ZSt7_MedianIPi14AreaComparatorEvT_S2_S2_T0_)
                  847df480    000000e0     rts6600_elf.lib : fltllid.obj (.text:__c6xabi_fltllid)
                  847df560    000000e0                     : divi.obj (.text:__divi)
                  847df640    000000e0                     : _printfi.obj (.text:_div)
                  847df720    000000e0                     : atoi.obj (.text:atoi)
                  847df800    000000e0     stk_ppp_pppoe.ae66 : socket.oe66 (.text:bind)
                  847df8e0    000000e0     rts6600_elf.lib : lowlev.obj (.text:close)
                  847df9c0    000000e0     stk_ppp_pppoe.ae66 : socket.oe66 (.text:connect)
                  847dfaa0    000000e0     rts6600_elf.lib : copy_zero_init.obj (.text:decompress:ZI:__TI_zero_init)
                  847dfb80    000000e0     os.ae66 : efs.oe66 (.text:efs_internal_remove)
                  847dfc60    000000e0     stk_ppp_pppoe.ae66 : file.oe66 (.text:fdint_lockfd)
                  847dfd40    000000e0                        : file.oe66 (.text:fdint_unlockfd)
                  847dfe20    000000e0     rts6600_elf.lib : fflush.obj (.text:fflush)
                  847dff00    000000e0     nettool_ipv4.ae66 : httpclie.oe66 (.text:httpGetMimeBits)
                  847dffe0    000000e0     os.ae66 : task.oe66 (.text:llExit)
                  847e00c0    000000e0     rts6600_elf.lib : ltoa.obj (.text:ltoa)
                  847e01a0    000000e0                     : memset.obj (.text:memset)
                  847e0280    000000e0     os.ae66 : mem.oe66 (.text:mmBulkAlloc)
                  847e0360    000000e0     stk_ppp_pppoe.ae66 : nimuppp.oe66 (.text:pppFree)
                  847e0440    000000e0     rts6600_elf.lib : printf.obj (.text:printf)
                  847e0520    000000e0     sysbios.lib : BIOS.obj (.text:ti_sysbios_knl_Clock_start__E)
                  847e0600    000000e0                 : BIOS.obj (.text:ti_sysbios_timers_timer64_Timer_startup__E)
                  847e06e0    000000e0     ti.targets.rts6000.ae66 : Error.oe66 (.text:xdc_runtime_Error_print__F)
                  847e07c0    000000e0                             : Memory.oe66 (.text:xdc_runtime_Memory_alloc__F)
                  847e08a0    000000c0     rts6600_elf.lib : trgdrv.obj (.text:HOSTunlink)
                  847e0960    000000c0                     : trgdrv.obj (.text:HOSTwrite)
                  847e0a20    000000c0     stk_ppp_pppoe.ae66 : lli.oe66 (.text:LLIGetValidTime)
                  847e0ae0    000000c0                        : lli.oe66 (.text:LLIMsg)
                  847e0ba0    000000c0                        : nimu.oe66 (.text:NIMUFindByName)
                  847e0c60    000000c0     netctrl_ipv4.ae66 : netsrv.oe66 (.text:NS_BootTask)
                  847e0d20    000000c0     stk_ppp_pppoe.ae66 : node.oe66 (.text:NodeUpdatePL)
                  847e0de0    000000c0     nettool_ipv4.ae66 : ipaddr.oe66 (.text:NtIfIdx2Ip)
                  847e0ea0    000000c0     stk_ppp_pppoe.ae66 : pbm.oe66 (.text:PBM_copy)
                  847e0f60    000000c0     ti.drv.qmss.ae66 : qmss_drv.oe66 (.text:Qmss_setEoiVector)
                  847e1020    000000c0     stk_ppp_pppoe.ae66 : rtable.oe66 (.text:RtWalkBegin)
                  847e10e0    000000c0                        : sb.oe66 (.text:SBFlush)
                  847e11a0    000000c0                        : sock.oe66 (.text:SockIntAbort)
                  847e1260    000000c0                        : sockpcb.oe66 (.text:SockPcbRtChange)
                  847e1320    000000c0     os.ae66 : task.oe66 (.text:TaskGetEnv)
                  847e13e0    000000c0     stk_ppp_pppoe.ae66 : tcp.oe66 (.text:TcpChecksum)
                  847e14a0    000000c0                        : tcpprot.oe66 (.text:TcpClose)
                  847e1560    000000c0                        : tcptime.oe66 (.text:TcpTimeoutSackRexmt)
                  847e1620    000000c0     rts6600_elf.lib : stox.obj (.text:_Stodx)
                  847e16e0    000000c0                     : stox.obj (.text:_Stoldx)
                  847e17a0    000000c0                     : dtor_list.obj (.text:_Z11__TI_atexitPFYvPvES_S_)
                  847e1860    000000c0     DPM.obj (.text:_Z13lhsIncludeRhsRKN5zftdt9DetectionES2_dd)
                  847e1920    000000c0     convMixtureFastHelper.obj (.text:_ZNK18PositionComparatorclERK6CvRectS2_)
                  847e19e0    000000c0     model.obj (.text:_ZNKSt19istreambuf_iteratorIcSt11char_traitsIcEE5equalERKS2_)
                  847e1aa0    000000c0     rts6600_elf.lib : wiostrea.obj (.text:_ZNKSt5ctypeIwE10do_tolowerEPwPKw)
                  847e1b60    000000c0                     : wiostrea.obj (.text:_ZNKSt7codecvtIwciE10do_unshiftERiPcS2_RS2_)
                  847e1c20    000000c0     testAll.obj (.text:_ZNSo5flushEv)
                  847e1ce0    000000c0     testAll.obj (.text:_ZNSo6sentryC1ERSo)
                  847e1da0    000000c0     DPMMain.obj (.text:_ZNSoC2EPSt15basic_streambufIcSt11char_traitsIcEEb)
                  847e1e60    000000c0     DPMMain.obj (.text:_ZNSt13basic_filebufIcSt11char_traitsIcEE4syncEv)
                  847e1f20    000000c0     DPMMain.obj (.text:_ZNSt13basic_filebufIcSt11char_traitsIcEE5_InitEPSt4FILENS2_7_InitflE)
                  847e1fe0    000000c0     DPMMain.obj (.text:_ZNSt14basic_ofstreamIcSt11char_traitsIcEEC2Ev)
                  847e20a0    000000c0     model.obj (.text:_ZNSt15basic_streambufIcSt11char_traitsIcEE6snextcEv)
                  847e2160    000000c0     convMixtureFastHelper.obj (.text:_ZNSt4listIPN5zftdt21ConvMixtureFastHelperESaIS2_EE8_IncsizeEj)
                  847e2220    000000c0     convMixtureFastHelper.obj (.text:_ZNSt5_TreeISt12_Tset_traitsI6CvRect18PositionComparatorSaIS1_ELb0EEE5_TidyEv)
                  847e22e0    000000c0     rts6600_elf.lib : locale0.obj (.text:_ZNSt6locale7_LocimpC1Eb)
                  847e23a0    000000c0                     : ios.obj (.text:_ZNSt8ios_baseD1Ev)
                  847e2460    000000c0     convMixtureFastHelper.obj (.text:_ZSt10_Push_heapIPiii14AreaComparatorEvT_T0_S3_T1_T2_)
                  847e2520    000000c0     rts6600_elf.lib : dtor_list.obj (.text:__cxa_finalize)
                  847e25e0    000000c0                     : divu.obj (.text:__divu)
                  847e26a0    000000c0                     : remi.obj (.text:__remi)
                  847e2760    000000c0                     : fflush.obj (.text:_doflush)
                  847e2820    000000c0                     : _io_perm.obj (.text:_rd_ok)
                  847e28e0    000000c0     ti.drv.cppi.ae66 : cppi_listlib.oe66 (.text:cppi_list_remove_node)
                  847e29a0    000000c0     alg_create.obj (.text:delete)
                  847e2a60    000000c0     nettool_ipv4.ae66 : dhcptags.oe66 (.text:dhcpOptionsClear)
                  847e2b20    000000c0     os.ae66 : efs.oe66 (.text:efs_fopen)
                  847e2be0    000000c0     rts6600_elf.lib : exit.obj (.text:exit)
                  847e2ca0    000000c0     nettool_ipv4.ae66 : httpsend.oe66 (.text:httpSendFullResponse)
                  847e2d60    000000c0     os.ae66 : mem.oe66 (.text:mmZeroInit)
                  847e2e20    000000c0     stk_ppp_pppoe.ae66 : nimuppp.oe66 (.text:pppAddIP)
                  847e2ee0    000000c0     sysbios.lib : BIOS.obj (.text:ti_sysbios_BIOS_errorRaiseHook__I)
                  847e2fa0    000000c0                 : BIOS.obj (.text:ti_sysbios_family_c66_Cache_setMar__E)
                  847e3060    000000c0                 : BIOS.obj (.text:ti_sysbios_heaps_HeapMem_getStats__E)
                  847e3120    000000c0                 : BIOS.obj (.text:ti_sysbios_knl_Clock_logTick__E)
                  847e31e0    000000c0     frame_pe66.oe66 (.text:ti_sysbios_knl_Task_Object__create__S)
                  847e32a0    000000c0     sysbios.lib : BIOS.obj (.text:ti_sysbios_timers_timer64_Timer_stop__E)
                  847e3360    000000c0     ti.targets.rts6000.ae66 : LoggerBuf.oe66 (.text:xdc_runtime_LoggerBuf_Instance_init__F)
                  847e3420    000000c0     frame_pe66.oe66 (.text:xdc_runtime_LoggerBuf_Object__create__S)
                  847e34e0    000000c0     ti.targets.rts6000.ae66 : System.oe66 (.text:xdc_runtime_System_formatNum__I)
                  847e35a0    000000a0     nettool_ipv4.ae66 : config.oe66 (.text:CfgEntryDeRef)
                  847e3640    000000a0                       : config.oe66 (.text:CfgEntryGetData)
                  847e36e0    000000a0                       : config.oe66 (.text:CfgGetImmediate)
                  847e3780    000000a0                       : telnetd.oe66 (.text:CmdWriteBytes)
                  847e3820    000000a0                       : telnetd.oe66 (.text:CmdWriteCmd)
                  847e38c0    000000a0     ti.drv.cppi.ae66 : cppi_drv.oe66 (.text:Cppi_channelEnable)
                  847e3960    000000a0     stk_ppp_pppoe.ae66 : file.oe66 (.text:FdSignalEvent)
                  847e3a00    000000a0     rts6600_elf.lib : trgdrv.obj (.text:HOSTclose)
                  847e3aa0    000000a0     stk_ppp_pppoe.ae66 : ipfrag.oe66 (.text:IPReasmFree)
                  847e3b40    000000a0                        : ipfrag.oe66 (.text:IPReasmTimeout)
                  847e3be0    000000a0                        : lliin.oe66 (.text:LLIValidateRoute)
                  847e3c80    000000a0                        : md5.oe66 (.text:MD5Final)
                  847e3d20    000000a0                        : nimu.oe66 (.text:NIMUShutdown)
                  847e3dc0    000000a0                        : nimu.oe66 (.text:NIMUUnregister)
                  847e3e60    000000a0     nettool_ipv4.ae66 : ipaddr.oe66 (.text:NtAddNetwork)
                  847e3f00    000000a0     stk_ppp_pppoe.ae66 : pbm.oe66 (.text:PBM_open)
                  847e3fa0    000000a0                        : pipe.oe66 (.text:PipeCheck)
                  847e4040    000000a0     ti.drv.qmss.ae66 : qmss_drv.oe66 (.text:Qmss_queueClose)
                  847e40e0    000000a0                      : qmss_drv.oe66 (.text:Qmss_startCfg)
[...]
84844f10   ti_sysbios_knl_Task_Module__diagsIncluded__C
84844f14   ti_sysbios_knl_Task_Module__diagsMask__C
84844f18   ti_sysbios_knl_Task_Module__loggerFxn2__C
84844f1c   ti_sysbios_knl_Task_Module__loggerFxn4__C
84844f20   ti_sysbios_knl_Task_Module__loggerObj__C
84844f24   ti_sysbios_knl_Task_Object__count__C
84844f28   ti_sysbios_knl_Task_Object__heap__C
84844f2c   ti_sysbios_knl_Task_Object__table__C
84844f30   ti_sysbios_knl_Task_allBlockedFunc__C
84844f34   ti_sysbios_knl_Task_defaultStackHeap__C
84844f38   ti_sysbios_knl_Task_defaultStackSize__C
84844f3c   ti_sysbios_knl_Task_numConstructedTasks__C
84844f40   ti_sysbios_knl_Task_numPriorities__C
84844f44   ti_sysbios_timers_timer64_Timer_A_notAvailable__C
84844f48   ti_sysbios_timers_timer64_Timer_E_cannotSupport__C
84844f4c   ti_sysbios_timers_timer64_Timer_Module__diagsEnabled__C
84844f50   ti_sysbios_timers_timer64_Timer_Module__diagsIncluded__C
84844f54   ti_sysbios_timers_timer64_Timer_Module__diagsMask__C
84844f58   ti_sysbios_timers_timer64_Timer_anyMask__C
84844f5c   ti_sysbios_timers_timer64_Timer_freqDivisor__C
84844f60   ti_sysbios_timers_timer64_Timer_numLocalTimers__C
84844f64   ti_sysbios_timers_timer64_Timer_numTimerDevices__C
84844f68   xdc_runtime_Assert_E_assertFailed__C
84844f6c   xdc_runtime_Core_A_initializedParams__C
84844f70   xdc_runtime_Core_Module__diagsEnabled__C
84844f74   xdc_runtime_Core_Module__diagsIncluded__C
84844f78   xdc_runtime_Core_Module__diagsMask__C
84844f7c   xdc_runtime_Error_E_generic__C
84844f80   xdc_runtime_Error_E_memory__C
84844f84   xdc_runtime_Error_Module__diagsEnabled__C
84844f88   xdc_runtime_Error_Module__diagsIncluded__C
84844f8c   xdc_runtime_Error_Module__diagsMask__C
84844f90   xdc_runtime_Error_Module__loggerFxn8__C
84844f94   xdc_runtime_Error_Module__loggerObj__C
84844f98   xdc_runtime_Error_policy__C
84844f9c   xdc_runtime_Error_raiseHook__C
84844fa0   xdc_runtime_IFilterLogger_Interface__BASE__C
84844fa4   xdc_runtime_IGateProvider_Interface__BASE__C
84844fa8   xdc_runtime_IHeap_Interface__BASE__C
84844fac   xdc_runtime_ILogger_Interface__BASE__C
84844fb0   xdc_runtime_IModule_Interface__BASE__C
84844fb4   xdc_runtime_Log_L_error__C
84844fb8   xdc_runtime_LoggerBuf_E_badLevel__C
84844fbc   xdc_runtime_LoggerBuf_Module__gateObj__C
84844fc0   xdc_runtime_LoggerBuf_Object__count__C
84844fc4   xdc_runtime_LoggerBuf_Object__table__C
84844fc8   xdc_runtime_LoggerBuf_statusLogger__C
84844fcc   xdc_runtime_Memory_defaultHeapInstance__C
84844fd0   xdc_runtime_Startup_execImpl__C
84844fd4   xdc_runtime_Startup_maxPasses__C
84844fd8   xdc_runtime_Startup_lastFxns__A
84844fdc   xdc_runtime_Startup_sfxnRts__C
84844fe0   xdc_runtime_Startup_sfxnTab__C
84844fe4   xdc_runtime_Startup_startModsFxn__C
84844fe8   xdc_runtime_System_Module__gateObj__C
84844fec   xdc_runtime_System_extendFxn__C
84844ff0   xdc_runtime_System_maxAtexitHandlers__C
84844ff4   xdc_runtime_Text_charTab__C
84844ff8   xdc_runtime_Text_nameEmpty__C
84844ffc   xdc_runtime_Text_nameStatic__C
84845000   xdc_runtime_Text_nameUnknown__C
84845004   xdc_runtime_Text_nodeTab__C
84845008   xdc_runtime_Text_visitRopeFxn__C
84845010   _ZTSSd
84845018   _ZTSSi
84845020   _ZTSSo
84845028   _ZZNKSt7num_putIcSt19ostreambuf_iteratorIcSt11char_traitsIcEEE6do_putES3_RSt8ios_basecPKvEs
84845030   _ZZNKSt7num_putIcSt19ostreambuf_iteratorIcSt11char_traitsIcEEE6do_putES3_RSt8ios_baseclEs
84845038   _ZZNKSt7num_putIcSt19ostreambuf_iteratorIcSt11char_traitsIcEEE6do_putES3_RSt8ios_basecmEs
84845040   _ZZNKSt7num_putIcSt19ostreambuf_iteratorIcSt11char_traitsIcEEE6do_putES3_RSt8ios_basecxEs
84845048   _ZZNKSt7num_putIcSt19ostreambuf_iteratorIcSt11char_traitsIcEEE6do_putES3_RSt8ios_basecyEs
84845050   _ZZNKSt7num_putIcSt19ostreambuf_iteratorIcSt11char_traitsIcEEE5_FputES3_RSt8ios_basecPKcjjjjEs
84845058   _ZZNKSt7num_putIcSt19ostreambuf_iteratorIcSt11char_traitsIcEEE5_FputES3_RSt8ios_basecPKcjjjjEs_0
84845060   internalDataMemory
8484d060   ti_sysbios_BIOS_Module__state__V
8484d07c   ti_sysbios_family_c64p_EventCombiner_Module__state__V
8484d47c   ti_sysbios_family_c64p_Exception_Module__state__V
8484d4a8   ti_sysbios_family_c64p_Hwi_Module__root__V
8484d4b0   ti_sysbios_family_c64p_Hwi_Module__state__V
8484d518   ti_sysbios_family_c66_tci66xx_CpIntc_Module__state__V
8484d528   ti_sysbios_gates_GateHwi_Module__root__V
8484d530   ti_sysbios_gates_GateMutex_Module__root__V
8484d538   ti_sysbios_hal_Hwi_Module__root__V
8484d540   ti_sysbios_hal_Timer_Module__root__V
8484d548   ti_sysbios_heaps_HeapBuf_Module__root__V
8484d550   ti_sysbios_heaps_HeapBuf_Module__state__V
8484d554   ti_sysbios_heaps_HeapMem_Module__root__V
8484d55c   ti_sysbios_knl_Clock_Module__root__V
8484d564   ti_sysbios_knl_Clock_Module__state__V
8484d590   ti_sysbios_knl_Queue_Module__root__V
8484d598   ti_sysbios_knl_Semaphore_Module__root__V
8484d5a0   ti_sysbios_knl_Swi_Module__root__V
8484d5a8   ti_sysbios_knl_Swi_Module__state__V
8484d5c4   ti_sysbios_knl_Task_Module__root__V
8484d5cc   ti_sysbios_knl_Task_Module__state__V
8484d600   ti_sysbios_timers_timer64_Timer_Module__root__V
8484d608   ti_sysbios_timers_timer64_Timer_Module__state__V
8484d61c   xdc_runtime_Error_Module__state__V
8484d620   xdc_runtime_LoggerBuf_Module__root__V
8484d628   xdc_runtime_LoggerBuf_Module__state__V
8484d630   xdc_runtime_Memory_Module__state__V
8484d634   xdc_runtime_Registry_Module__state__V
8484d63c   xdc_runtime_Startup_Module__state__V
8484d644   xdc_runtime_System_Module__state__V
8484d650   xdc_runtime_Text_Module__state__V
8484d658   __xdc__init__addr
8484d65c   _ZNSt9_FacetptrISt5ctypeIcEE6_PsaveE
8484d660   ti_sysbios_family_c66_tci66xx_CpIntc_Module_State_0_dispatchTab__A
8484db60   pHttpHeadbuffer
8484df60   _ftable
8484e140   ti_sysbios_timers_timer64_Timer_Module_State_0_device__A
8484e2c0   qmssGblCfgParams
8484e3e0   ti_sysbios_knl_Task_Object__table__V
8484e470   TSK_idle
8484e4b8   _ipcfg
8484e56c   _ZNSt9_FacetptrISt5ctypeIwEE6_PsaveE
8484e698   ti_sysbios_knl_Swi_Module_State_0_readyQ__A
8484e718   ti_sysbios_knl_Task_Module_State_0_readyQ__A
8484e798   ti_sysbios_timers_timer64_Timer_Module_State_0_gctrl__A
8484e818   ti_sysbios_timers_timer64_Timer_Module_State_0_handles__A
8484e898   ti_sysbios_timers_timer64_Timer_Module_State_0_intFreqs__A
8484e990   cppiGblCfgParams
8484ea08   ti_sysbios_family_c64p_Hwi_Object__table__V
8484eae0   IJPEGDEC_PARAMS
8484eb38   JPEGDEC_TI_IJPEGDEC
8484eb64   JPEGDEC_TI_IALG
8484eb88   NIMUDeviceTable
8484ebe0   ti_sysbios_family_c66_tci66xx_CpIntc_Module_State_0_hostIntToSysInt__A
8484ec2c   _ZNSt9_FacetptrISt7codecvtIcciEE6_PsaveE
8484ec30   ti_sysbios_timers_timer64_Timer_Object__table__V
8484ec7c   _ZNSt9_FacetptrISt7codecvtIwciEE6_PsaveE
8484ee80   ti_sysbios_gates_GateMutex_Object__table__V
8484eef8   C_locale
8484ef2c   _ZNSt9_FacetptrISt7num_getIcSt19istreambuf_iteratorIcSt11char_traitsIcEEEE6_PsaveE
8484ef64   _cleanup_ptr
8484ef68   _dtors_ptr
8484ef6c   __TI_enable_exit_profile_output
8484efa0   ti_sysbios_knl_Swi_Object__table__V
8484eff8   _oscfg
8484f01c   _ZNSt9_FacetptrISt7num_putIcSt19ostreambuf_iteratorIcSt11char_traitsIcEEEE6_PsaveE
8484f020   xdc_runtime_LoggerBuf_Object__table__V
8484f044   _ZNSt9_FacetptrISt8numpunctIcEE6_PsaveE
8484f088   Qmss_highEoiVector
8484f0b0   pstrMsgName
8484f0f0   xdc_runtime_System_Module_State_0_atexitHandlers__A
8484f130   ti_ndk_config_Global_Id2Size
8484f14c   _ft_end
8484f394   __errno
8484f394   errno
8484f3c4   _ZNSt8ios_base4Init9_Init_cntE
8484f3f4   _ZSt14_Raise_handler
8484f40c   _new_handler
8484f424   _ZNSt8ios_base6_IndexE
8484f428   _ZNSt8ios_base5_SyncE
8484f42c   _ZSt4_Fpz
8484f444   _ZNSt6_Winit9_Init_cntE
8484f448   ti_sysbios_family_c66_tci66xx_CpIntc_Module_State_0_initSIER__A
8484f45c   cppiLObj
8484f460   ti_sysbios_heaps_HeapMem_Object__table__V
8484f474   paLObj
8484f774   _ZNSt6locale2id7_Id_cntE
8484f778   _ZNSt6locale7_Locimp8_ClocptrE
8484f788   Qmss_lowEoiVector
8484f818   ti_sysbios_family_c66_tci66xx_CpIntc_Module_State_0_controller__A
8484ff38   _lock
8484ff3c   _unlock
8484ff40   ti_sysbios_hal_Hwi_Object__table__V
8484ff48   ti_sysbios_hal_Timer_Object__table__V
8484ffe8   ti_sysbios_gates_GateHwi_Object__table__V
8484fff0   Qmss_cdmaEoiVector
84850000   queueFree
84852000   qmssGObj
84852458   gDeviceNandBBlist
84853684   gDeviceNand
848536bc   gDeviceNor
848536f4   gDeviceEeprom0
8485372c   gDeviceEeprom1
84853768   emac_port_mode
84853fa0   __TI_STATIC_BASE
84853fa0   inputData
84853fa4   handle
84853fa8   resizeOption
84853fac   progressiveDecFlag
84853fb0   RGB_Format
84853fb4   alpha_rgb
84853fb8   outImgRes
84853fbc   numMCU_row
84853fc0   x_org
84853fc4   y_org
84853fc8   x_length
84853fcc   y_length
84854028   Memory
8485402c   Size_external_persist
84854030   Size_Internal_persist
84854034   Size_external_Scratch
84854038   Size_Internal_Scratch
8485403c   _IGMPInDiscard
84854040   _IGMPInQuery
84854044   _IGMPInQueryGroup
84854048   _IGMPInResponse
8485404c   _IGMPOutResponse
84854060   gTxCmdReturnQHnd
84854064   gTxCmdFreeQHnd
84854068   ethSemHandle
84854084   _ZGVNSt7codecvtIcciE2idE
84854088   _ZGVNSt7num_getIcSt19istreambuf_iteratorIcSt11char_traitsIcEEE2idE
8485408c   _ZGVNSt7num_putIcSt19ostreambuf_iteratorIcSt11char_traitsIcEEE2idE
84854090   _ZGVNSt8numpunctIcE2idE
8485409c   __dso_handle
848540ac   icvNorm_Inf_8u_C1R_p
848540b0   icvNormDiff_Inf_8u_C1R_p
848540b4   icvNorm_Inf_8u_C1MR_p
848540b8   icvNormDiff_Inf_8u_C1MR_p
848540bc   icvNorm_Inf_16u_C1R_p
848540c0   icvNormDiff_Inf_16u_C1R_p
848540c4   icvNorm_Inf_16u_C1MR_p
848540c8   icvNormDiff_Inf_16u_C1MR_p
848540cc   icvNorm_Inf_16s_C1R_p
848540d0   icvNormDiff_Inf_16s_C1R_p
848540d4   icvNorm_Inf_16s_C1MR_p
848540d8   icvNormDiff_Inf_16s_C1MR_p
848540dc   icvNorm_Inf_32s_C1R_p
848540e0   icvNormDiff_Inf_32s_C1R_p
848540e4   icvNorm_Inf_32s_C1MR_p
848540e8   icvNormDiff_Inf_32s_C1MR_p
848540ec   icvNorm_Inf_32f_C1R_p
848540f0   icvNormDiff_Inf_32f_C1R_p
848540f4   icvNorm_Inf_32f_C1MR_p
848540f8   icvNormDiff_Inf_32f_C1MR_p
848540fc   icvNorm_Inf_64f_C1R_p
84854100   icvNormDiff_Inf_64f_C1R_p
84854104   icvNorm_Inf_64f_C1MR_p
84854108   icvNormDiff_Inf_64f_C1MR_p
8485410c   icvNorm_L1_8u_C1R_p
84854110   icvNormDiff_L1_8u_C1R_p
84854114   icvNorm_L1_8u_C1MR_p
84854118   icvNormDiff_L1_8u_C1MR_p
8485411c   icvNorm_L1_16u_C1R_p
84854120   icvNormDiff_L1_16u_C1R_p
84854124   icvNorm_L1_16u_C1MR_p
84854128   icvNormDiff_L1_16u_C1MR_p
8485412c   icvNorm_L1_16s_C1R_p
84854130   icvNormDiff_L1_16s_C1R_p
84854134   icvNorm_L1_16s_C1MR_p
84854138   icvNormDiff_L1_16s_C1MR_p
8485413c   icvNorm_L1_32s_C1R_p
84854140   icvNormDiff_L1_32s_C1R_p
84854144   icvNorm_L1_32s_C1MR_p
84854148   icvNormDiff_L1_32s_C1MR_p
8485414c   icvNorm_L1_32f_C1R_p
84854150   icvNormDiff_L1_32f_C1R_p
84854154   icvNorm_L1_32f_C1MR_p
84854158   icvNormDiff_L1_32f_C1MR_p
8485415c   icvNorm_L1_64f_C1R_p
84854160   icvNormDiff_L1_64f_C1R_p
84854164   icvNorm_L1_64f_C1MR_p
84854168   icvNormDiff_L1_64f_C1MR_p
8485416c   icvNorm_L2_8u_C1R_p
84854170   icvNormDiff_L2_8u_C1R_p
84854174   icvNorm_L2_8u_C1MR_p
84854178   icvNormDiff_L2_8u_C1MR_p
8485417c   icvNorm_L2_16u_C1R_p
84854180   icvNormDiff_L2_16u_C1R_p
84854184   icvNorm_L2_16u_C1MR_p
84854188   icvNormDiff_L2_16u_C1MR_p
8485418c   icvNorm_L2_16s_C1R_p
84854190   icvNormDiff_L2_16s_C1R_p
84854194   icvNorm_L2_16s_C1MR_p
84854198   icvNormDiff_L2_16s_C1MR_p
8485419c   icvNorm_L2_32s_C1R_p
848541a0   icvNormDiff_L2_32s_C1R_p
848541a4   icvNorm_L2_32s_C1MR_p
848541a8   icvNormDiff_L2_32s_C1MR_p
848541ac   icvNorm_L2_32f_C1R_p
848541b0   icvNormDiff_L2_32f_C1R_p
848541b4   icvNorm_L2_32f_C1MR_p
848541b8   icvNormDiff_L2_32f_C1MR_p
848541bc   icvNorm_L2_64f_C1R_p
848541c0   icvNormDiff_L2_64f_C1R_p
848541c4   icvNorm_L2_64f_C1MR_p
848541c8   icvNormDiff_L2_64f_C1MR_p
848541d0   icvResize_8u_C1R_p
848541d4   icvResize_8u_C3R_p
848541d8   icvResize_8u_C4R_p
848541dc   icvResize_16u_C1R_p
848541e0   icvResize_16u_C3R_p
848541e4   icvResize_16u_C4R_p
848541e8   icvResize_32f_C1R_p
848541ec   icvResize_32f_C3R_p
848541f0   icvResize_32f_C4R_p
848541f4   icvWarpAffineBack_8u_C1R_p
848541f8   icvWarpAffineBack_8u_C3R_p
848541fc   icvWarpAffineBack_8u_C4R_p
84854200   icvWarpAffineBack_32f_C1R_p
84854204   icvWarpAffineBack_32f_C3R_p
84854208   icvWarpAffineBack_32f_C4R_p
8485420c   icvWarpPerspectiveBack_8u_C1R_p
84854210   icvWarpPerspectiveBack_8u_C3R_p
84854214   icvWarpPerspectiveBack_8u_C4R_p
84854218   icvWarpPerspectiveBack_32f_C1R_p
8485421c   icvWarpPerspectiveBack_32f_C3R_p
84854220   icvWarpPerspectiveBack_32f_C4R_p
84854224   icvWarpPerspective_8u_C1R_p
84854228   icvWarpPerspective_8u_C3R_p
8485422c   icvWarpPerspective_8u_C4R_p
84854230   icvWarpPerspective_32f_C1R_p
84854234   icvWarpPerspective_32f_C3R_p
84854238   icvWarpPerspective_32f_C4R_p
8485423c   icvRemap_8u_C1R_p
84854240   icvRemap_8u_C3R_p
84854244   icvRemap_8u_C4R_p
84854248   icvRemap_32f_C1R_p
8485424c   icvRemap_32f_C3R_p
84854250   icvRemap_32f_C4R_p
8485426c   icvCopy_8u_C2P2R_p
84854270   icvCopy_8u_C3P3R_p
84854274   icvCopy_8u_C4P4R_p
84854278   icvCopy_16s_C2P2R_p
8485427c   icvCopy_16s_C3P3R_p
84854280   icvCopy_16s_C4P4R_p
84854284   icvCopy_32f_C2P2R_p
84854288   icvCopy_32f_C3P3R_p
8485428c   icvCopy_32f_C4P4R_p
84854290   icvCopy_64f_C2P2R_p
84854294   icvCopy_64f_C3P3R_p
84854298   icvCopy_64f_C4P4R_p
8485429c   icvCopy_8u_CnC1CR_p
848542a0   icvCopy_16s_CnC1CR_p
848542a4   icvCopy_32f_CnC1CR_p
848542a8   icvCopy_64f_CnC1CR_p
848542ac   icvCopy_8u_P2C2R_p
848542b0   icvCopy_8u_P3C3R_p
848542b4   icvCopy_8u_P4C4R_p
848542b8   icvCopy_16s_P2C2R_p
848542bc   icvCopy_16s_P3C3R_p
848542c0   icvCopy_16s_P4C4R_p
848542c4   icvCopy_32f_P2C2R_p
848542c8   icvCopy_32f_P3C3R_p
848542cc   icvCopy_32f_P4C4R_p
848542d0   icvCopy_64f_P2C2R_p
848542d4   icvCopy_64f_P3C3R_p
848542d8   icvCopy_64f_P4C4R_p
848542dc   icvCopy_8u_C1CnCR_p
848542e0   icvCopy_16s_C1CnCR_p
848542e4   icvCopy_32f_C1CnCR_p
848542e8   icvCopy_64f_C1CnCR_p
848542ec   icvCvt_32f64f_p
848542f0   icvCvt_64f32f_p
84854304   icvSum_8u_C1R_p
84854308   icvSum_8u_C2R_p
8485430c   icvSum_8u_C3R_p
84854310   icvSum_8u_C4R_p
84854314   icvSum_16u_C1R_p
84854318   icvSum_16u_C2R_p
8485431c   icvSum_16u_C3R_p
84854320   icvSum_16u_C4R_p
84854324   icvSum_16s_C1R_p
84854328   icvSum_16s_C2R_p
8485432c   icvSum_16s_C3R_p
84854330   icvSum_16s_C4R_p
84854334   icvSum_32s_C1R_p
84854338   icvSum_32s_C2R_p
8485433c   icvSum_32s_C3R_p
84854340   icvSum_32s_C4R_p
84854344   icvSum_32f_C1R_p
84854348   icvSum_32f_C2R_p
8485434c   icvSum_32f_C3R_p
84854350   icvSum_32f_C4R_p
84854354   icvSum_64f_C1R_p
84854358   icvSum_64f_C2R_p
8485435c   icvSum_64f_C3R_p
84854360   icvSum_64f_C4R_p
84854364   icvCountNonZero_8u_C1R_p
84854368   icvCountNonZero_16s_C1R_p
8485436c   icvCountNonZero_32s_C1R_p
84854370   icvCountNonZero_32f_C1R_p
84854374   icvCountNonZero_64f_C1R_p
84854380   icvCopy_8u_C1R_p
84854384   icvSet_8u_C1MR_p
84854388   icvSet_16s_C1MR_p
8485438c   icvSet_8u_C3MR_p
84854390   icvSet_8u_C4MR_p
84854394   icvSet_16s_C3MR_p
84854398   icvSet_16s_C4MR_p
8485439c   icvSet_32f_C3MR_p
848543a0   icvSet_32f_C4MR_p
848543a4   icvSet_64s_C3MR_p
848543a8   icvSet_64s_C4MR_p
848543ac   icvCopy_8u_C1MR_p
848543b0   icvCopy_16s_C1MR_p
848543b4   icvCopy_8u_C3MR_p
848543b8   icvCopy_8u_C4MR_p
848543bc   icvCopy_16s_C3MR_p
848543c0   icvCopy_16s_C4MR_p
848543c4   icvCopy_32f_C3MR_p
848543c8   icvCopy_32f_C4MR_p
848543cc   icvCopy_64s_C3MR_p
848543d0   icvCopy_64s_C4MR_p
848543d4   icvSetByte_8u_C1R_p
848543e4   icvBLAS_GEMM_32f_p
848543e8   icvBLAS_GEMM_64f_p
848543ec   icvBLAS_GEMM_32fc_p
848543f0   icvBLAS_GEMM_64fc_p
848543f4   icvColorTwist_8u_C3R_p
848543f8   icvColorTwist_16u_C3R_p
848543fc   icvColorTwist_16s_C3R_p
84854400   icvColorTwist_32f_C3R_p
84854404   icvColorTwist_32f_C4R_p
84854408   icvColorToGray_8u_C3C1R_p
8485440c   icvColorToGray_16u_C3C1R_p
84854410   icvColorToGray_16s_C3C1R_p
84854414   icvColorToGray_32f_C3C1R_p
84854418   icvColorToGray_8u_AC4C1R_p
8485441c   icvColorToGray_16u_AC4C1R_p
84854420   icvColorToGray_16s_AC4C1R_p
84854424   icvColorToGray_32f_AC4C1R_p
84854444   icvAdd_8u_C1R_p
84854448   icvAdd_16u_C1R_p
8485444c   icvAdd_16s_C1R_p
84854450   icvAdd_32s_C1R_p
84854454   icvAdd_32f_C1R_p
84854458   icvAdd_64f_C1R_p
8485445c   icvSub_8u_C1R_p
84854460   icvSub_16u_C1R_p
84854464   icvSub_16s_C1R_p
84854468   icvSub_32s_C1R_p
8485446c   icvSub_32f_C1R_p
84854470   icvSub_64f_C1R_p
84854490   CONTENT_TYPE_APPLET
84854494   CONTENT_TYPE_AU
84854498   CONTENT_TYPE_CSS
8485449c   CONTENT_TYPE_DOC
848544a0   CONTENT_TYPE_GIF
848544a4   CONTENT_TYPE_HTML
848544a8   CONTENT_TYPE_JPG
848544ac   CONTENT_TYPE_MPEG
848544b0   CONTENT_TYPE_PDF
848544b4   CONTENT_TYPE_WAV
848544b8   CONTENT_TYPE_ZIP
848544bc   CONTENT_TYPE
848544c0   CONTENT_LENGTH
848544c4   CRLF
848544c8   DEFAULT_NAME
848544cc   HTTP_VER
848544d0   SPACE
848544d4   icvMinMaxIndx_8u_C1R_p
848544d8   icvMinMaxIndx_16u_C1R_p
848544dc   icvMinMaxIndx_16s_C1R_p
848544e0   icvMinMaxIndx_32s_C1R_p
848544e4   icvMinMaxIndx_32f_C1R_p
848544e8   icvMinMaxIndx_64f_C1R_p
848544ec   icvMinMaxIndx_8u_C1MR_p
848544f0   icvMinMaxIndx_16u_C1MR_p
848544f4   icvMinMaxIndx_16s_C1MR_p
848544f8   icvMinMaxIndx_32s_C1MR_p
848544fc   icvMinMaxIndx_32f_C1MR_p
84854500   icvMinMaxIndx_64f_C1MR_p
84854508   icvFastArctan_32f_p
8485450c   icvInvSqrt_32f_p
84854510   icvSqrt_32f_p
84854514   icvSqrt_64f_p
84854518   icvInvSqrt_64f_p
8485451c   icvExp_32f_p
84854520   icvExp_64f_p
84854524   icvLog_32f_p
84854528   icvLog_64f_p
8485452c   icvCheckArray_32f_C1R_p
84854530   icvCheckArray_64f_C1R_p
84854538   pMotorParam0
8485453c   pMotorParam1
84854540   pMotorParam2
84854544   pMotorParam3
84854548   pMotorParam4
8485454c   pMotorParam5
84854550   pMotorParam6
84854554   pMotorParam7
84854558   pMotorParam8
8485455c   pMotorParam9
84854560   pMotorParam10
84854564   pMotorParam11
84854568   VerStr
8485456c   debuginfoLength
84854570   LocalIPAddr
84854574   PCStaticIP
84854578   EVMStaticIP
8485457c   LocalIPMask
84854580   GatewayIP
84854584   DomainName
84854588   HostName
8485458c   DNSServer
84854590   PITCount
84854594   PITUsed
84854598   PITHigh
848545f8   pInternalDataMemory
848545fc   internalDataMemorySize
84854600   pExternalDataMemory
84854604   externalDataMemorySize
84854610   _IGMPForceVersion1
8485463c   _ICMPInErrors
84854640   _ICMPOutErrors
84854644   _IPExecuting
8485466c   tcp_iss
84854670   ptTimeFirst
8485467c   platform_errno
84854680   platform_init_return_code
84854684   _ZN5zftdt12g_DPM_memoryE
8485469c   g_DownloadFlags
848546a8   httpErrorResponseHook
848546b4   _IPReasmPtr
848546c8   qmssLObjIsValid
848546cc   ti_ndk_config_Global_rawPageSize
848546d0   ti_ndk_config_Global_rawPageCount
848546d4   ti_ndk_config_Global_smallest
848546d8   ti_ndk_config_Global_largest
848546e4   ti_ndk_config_Global_numFrameBuf
848546e8   ti_ndk_config_Global_sizeFrameBuf
848546ec   __TI_INITARRAY_Base
84854720   __TI_INITARRAY_Limit
84854800   ti_sysbios_family_c64p_Hwi0
84854820   ti_sysbios_family_c64p_Hwi1
84854840   ti_sysbios_family_c64p_Hwi2
84854860   ti_sysbios_family_c64p_Hwi3
84854880   ti_sysbios_family_c64p_Hwi4
848548a0   ti_sysbios_family_c64p_Hwi5
848548c0   ti_sysbios_family_c64p_Hwi6
848548e0   ti_sysbios_family_c64p_Hwi7
84854900   ti_sysbios_family_c64p_Hwi8
84854920   ti_sysbios_family_c64p_Hwi9
84854940   ti_sysbios_family_c64p_Hwi10
84854960   ti_sysbios_family_c64p_Hwi11
84854980   ti_sysbios_family_c64p_Hwi12
848549a0   ti_sysbios_family_c64p_Hwi13
848549c0   ti_sysbios_family_c64p_Hwi14
848549e0   ti_sysbios_family_c64p_Hwi15
84854a00   cppiObject
84854c00   __CIOBUF_
848573ac   __TI_Handler_Table_Base
848573b8   __TI_Handler_Table_Limit
84857418   __TI_CINIT_Base
84857490   __TI_CINIT_Limit
ffffffff   __TI_pprof_out_hndl
ffffffff   __TI_prof_data_size
ffffffff   __TI_prof_data_start
ffffffff   __binit__
ffffffff   __c_args__
ffffffff   binit

[3368 symbols]
