******************************************************************************
               TMS320C6x Linker Unix v7.4.16                   
******************************************************************************
>> Linked Wed Mar 30 15:37:49 2016

OUTPUT FILE NAME:   <../out/DSPC8681_framework.out>
ENTRY POINT SYMBOL: "_c_int00"  address: 847eab60


MEMORY CONFIGURATION

         name            origin    length      used     unused   attr    fill
----------------------  --------  ---------  --------  --------  ----  --------
  L2SRAM                00800000   00080000  00006840  000797c0  RW X
  L1PSRAM               00e00000   00008000  00000000  00008000  RW X
  L1DSRAM               00f00000   00008000  00000000  00008000  RW  
  MSMCSRAM              0c000000   00400000  00000000  00400000  RW X
  DDR3                  80000000   1f400000  048563d4  1aba9c2c  RW X
  WtSpace               9f400000   1f400000  00000000  1f400000  RW X
  RdSpace               be800000   01800000  00000000  01800000  RW X


SEGMENT ALLOCATION MAP

run origin  load origin   length   init length attrs members
----------  ----------- ---------- ----------- ----- -------
00800000    00800000    00006488   00000000    rw-
  00800000    00800000    00004000   00000000    rw- .resmgr_memregion
  00804000    00804000    00001488   00000000    rw- .resmgr_pa
  00805488    00805488    00001000   00000000    rw- .stack
00806500    00806500    00000318   00000318    rw-
  00806500    00806500    00000318   00000318    rw- .nimu_eth_ll2
00806820    00806820    000000a0   00000000    rw-
  00806820    00806820    000000a0   00000000    rw- .resmgr_handles
80000000    80000000    0368f0b4   00000000    rw-
  80000000    80000000    01f20000   00000000    rw- .extDataMem
  81f20000    81f20000    0176f0b4   00000000    rw- .far
8368f0b8    8368f0b8    00fff000   00000000    rw-
  8368f0b8    8368f0b8    00fff000   00000000    rw- systemHeap
8468e0c0    8468e0c0    001b5eaa   001b5eaa    r-x
  8468e0c0    8468e0c0    001689c0   001689c0    r-x .text
  847f6a80    847f6a80    0004d4ea   0004d4ea    r-- .const
84843f70    84843f70    00008000   00000000    rw-
  84843f70    84843f70    00008000   00000000    rw- .intDataMem
8484bf70    8484bf70    00002ff2   00002ff2    rw-
  8484bf70    8484bf70    00002ff2   00002ff2    rw- .fardata
8484ef64    8484ef64    0000001c   0000001c    r--
  8484ef64    8484ef64    0000001c   0000001c    r-- .switch.1
8484ef80    8484ef80    00002400   00000000    rw-
  8484ef80    8484ef80    00002400   00000000    rw- .qmss
84851380    84851380    00001370   00001370    rw-
  84851380    84851380    00001370   00001370    rw- platform_lib
848526f0    848526f0    00000814   00000814    r--
  848526f0    848526f0    00000814   00000814    r-- .switch.2
84852f08    84852f08    0000010c   00000000    rw-
  84852f08    84852f08    0000010c   00000000    rw- .bss
84853014    84853014    00000625   00000625    rw-
  84853014    84853014    00000625   00000625    rw- .neardata
8485363c    8485363c    0000002c   0000002c    r--
  8485363c    8485363c    0000002c   0000002c    r-- .rodata
84853668    84853668    00000120   00000000    rw-
  84853668    84853668    00000120   00000000    rw- .cio
84853788    84853788    00000034   00000034    r--
  84853788    84853788    00000034   00000034    r-- .init_array
84853800    84853800    00000200   00000200    r-x
  84853800    84853800    00000200   00000200    r-x .vecs
84853a00    84853a00    00000200   00000000    rw-
  84853a00    84853a00    00000200   00000000    rw- .cppi
84853c00    84853c00    00002830   00002830    r--
  84853c00    84853c00    00002830   00002830    r-- .cinit


SECTION ALLOCATION MAP

 output                                  attributes/
section   page    origin      length       input sections
--------  ----  ----------  ----------   ----------------
.resmgr_memregion 
*          0    00800000    00004000     UNINITIALIZED
                  00800000    00004000     resourcemgr.obj (.resmgr_memregion)

.resmgr_pa 
*          0    00804000    00001488     UNINITIALIZED
                  00804000    00001488     resourcemgr.obj (.resmgr_pa)

.stack     0    00805488    00001000     UNINITIALIZED
                  00805488    00000008     boot.ae66 : boot.oe66 (.stack)
                  00805490    00000ff8     --HOLE--

.nimu_eth_ll2 
*          0    00806500    00000318     
                  00806500    00000308     ti.transport.ndk.nimu.ae66 : nimu_eth.obj (.nimu_eth_ll2:uninit) [fill = 0]
                  00806808    00000010                                : nimu_eth.obj (.nimu_eth_ll2:init)

.resmgr_handles 
*          0    00806820    000000a0     UNINITIALIZED
                  00806820    000000a0     resourcemgr.obj (.resmgr_handles)

xdc.meta   0    80000000    000000f8     COPY SECTION
                  80000000    000000f8     frame_pe66.oe66 (xdc.meta)

.extDataMem 
*          0    80000000    01f20000     UNINITIALIZED
                  80000000    01f20000     alg_malloc.obj (.extDataMem)

.far       0    81f20000    0176f0b4     UNINITIALIZED
                  81f20000    00c801b8     TestAppDecoder.obj (.far)
                  82ba01b8    00500094     main.obj (.far)
                  830a024c    00000004     rts6600_elf.lib : wlocale.obj (.far:_ZGVNSt10moneypunctIwLb0EE2idE)
                  830a0250    00302b00     http.obj (.far)
                  833a2d50    00280000     HOG.obj (.far)
                  83622d50    00000030     stk_ppp_pppoe.ae66 : udp.oe66 (.far)
                  83622d80    00051900                        : pbm_data.oe66 (.far:NDK_PACKETMEM)
                  83674680    0000c1c0     os.ae66 : mem_data.oe66 (.far:NDK_MMBUFFER)
                  83680840    00004110     OpenCV_6678.lib : cvimgwarp.obj (.far)
                  83684950    00003c00     frame_pe66.oe66 (.far:taskStackSection)
                  83688550    00003100     OpenCV_6678.lib : cxmatmul.obj (.far)
                  8368b650    000010a0                     : cxconvert.obj (.far)
                  8368c6f0    00000860                     : cxsumpixels.obj (.far)
                  8368cf50    00000818     frame_pe66.oe66 (.far)
                  8368d768    00000300     OpenCV_6678.lib : cxnorm.obj (.far)
                  8368da68    00000008     rts6600_elf.lib : trgdrv.obj (.far)
                  8368da70    00000270     nettool_ipv4.ae66 : daemon.oe66 (.far)
                  8368dce0    000001d8     rts6600_elf.lib : wiostrea.obj (.far)
                  8368deb8    000001d4                     : iostream.obj (.far)
                  8368e08c    0000018c     OpenCV_6678.lib : cxcopy.obj (.far)
                  8368e218    00000148                     : cxmatrix.obj (.far)
                  8368e360    00000140     rts6600_elf.lib : defs.obj (.far)
                  8368e4a0    00000120     ti.drv.qmss.ae66 : qmss_drv.oe66 (.far)
                  8368e5c0    00000110     stk_ppp_pppoe.ae66 : igmp.oe66 (.far)
                  8368e6d0    00000100     OpenCV_6678.lib : cxarithm.obj (.far)
                  8368e7d0    00000100                     : cxerror.obj (.far)
                  8368e8d0    000000d8     netctrl_ipv4.ae66 : netsrv.oe66 (.far)
                  8368e9a8    000000c4     stk_ppp_pppoe.ae66 : tcp.oe66 (.far)
                  8368ea6c    00000004     rts6600_elf.lib : wlocale.obj (.far:_ZGVNSt10moneypunctIwLb1EE2idE)
                  8368ea70    0000009c     stk_ppp_pppoe.ae66 : icmp.oe66 (.far)
                  8368eb0c    0000009a     DPM.obj (.far)
                  8368eba6    00000002     DPMDtector.obj (.far)
                  8368eba8    0000008a     DPMMain.obj (.far)
                  8368ec32    00000002     memAlloc.obj (.far)
                  8368ec34    00000080     OpenCV_6678.lib : cxminmaxloc.obj (.far)
                  8368ecb4    0000000c     rts6600_elf.lib : locale0.obj (.far)
                  8368ecc0    0000007c     os.ae66 : mem.oe66 (.far)
                  8368ed3c    00000068     stk_ppp_pppoe.ae66 : ip.oe66 (.far)
                  8368eda4    00000004     rts6600_elf.lib : wlocale.obj (.far:_ZGVNSt7collateIwE2idE)
                  8368eda8    00000060     OpenCV_6678.lib : cxrand.obj (.far)
                  8368ee08    00000060     stk_ppp_pppoe.ae66 : nimu.oe66 (.far)
                  8368ee68    00000050     OpenCV_6678.lib : cxlut.obj (.far)
                  8368eeb8    00000044     ti.platform.dspc8681.ae66 : evmc66x_i2c_eeprom.obj (.far)
                  8368eefc    0000003e     convMixtureFastHelper.obj (.far)
                  8368ef3a    00000002     mixture.obj (.far)
                  8368ef3c    00000004     rts6600_elf.lib : wlocale.obj (.far:_ZGVNSt7num_getIwSt19istreambuf_iteratorIwSt11char_traitsIwEEE2idE)
                  8368ef40    00000030     ti.transport.ndk.nimu.ae66 : nimu_eth.obj (.far)
                  8368ef70    00000028     stk_ppp_pppoe.ae66 : vlan.oe66 (.far)
                  8368ef98    00000020     OpenCV_6678.lib : cxmathfuncs.obj (.far)
                  8368efb8    00000020     resourcemgr.obj (.far)
                  8368efd8    00000014     OpenCV_6678.lib : cxarray.obj (.far)
                  8368efec    00000004     rts6600_elf.lib : wlocale.obj (.far:_ZGVNSt7num_putIwSt19ostreambuf_iteratorIwSt11char_traitsIwEEE2idE)
                  8368eff0    00000014     stk_ppp_pppoe.ae66 : rtc.oe66 (.far)
                  8368f004    00000010     netctrl_ipv4.ae66 : netctrl.oe66 (.far)
                  8368f014    00000010     stk_ppp_pppoe.ae66 : raw.oe66 (.far)
                  8368f024    00000010                        : raweth.oe66 (.far)
                  8368f034    0000000e     testAll.obj (.far)
                  8368f042    00000002     model.obj (.far)
                  8368f044    0000000c     stk_ppp_pppoe.ae66 : pbm.oe66 (.far)
                  8368f050    00000004     rts6600_elf.lib : wlocale.obj (.far:_ZGVNSt8messagesIwE2idE)
                  8368f054    00000004                     : wlocale.obj (.far:_ZGVNSt8numpunctIwE2idE)
                  8368f058    00000004                     : wlocale.obj (.far:_ZGVNSt8time_getIwSt19istreambuf_iteratorIwSt11char_traitsIwEEE2idE)
                  8368f05c    00000004                     : wlocale.obj (.far:_ZGVNSt9money_getIwSt19istreambuf_iteratorIwSt11char_traitsIwEEE2idE)
                  8368f060    00000004                     : wlocale.obj (.far:_ZGVNSt9money_putIwSt19ostreambuf_iteratorIwSt11char_traitsIwEEE2idE)
                  8368f064    00000004                     : wlocale.obj (.far:_ZNSt10moneypunctIwLb0EE2idE)
                  8368f068    00000004                     : wlocale.obj (.far:_ZNSt10moneypunctIwLb1EE2idE)
                  8368f06c    00000004     DPMMain.obj (.far:_ZNSt13basic_filebufIcSt11char_traitsIcEE7_StinitE)
                  8368f070    00000004     rts6600_elf.lib : wiostrea.obj (.far:_ZNSt13basic_filebufIwSt11char_traitsIwEE7_StinitE)
                  8368f074    00000004     DPMMain.obj (.far:_ZNSt4fposIiE4_StzE)
                  8368f078    00000004     DPMMain.obj (.far:_ZNSt7codecvtIcciE2idE)
                  8368f07c    00000004     rts6600_elf.lib : wlocale.obj (.far:_ZNSt7collateIwE2idE)
                  8368f080    00000004     model.obj (.far:_ZNSt7num_getIcSt19istreambuf_iteratorIcSt11char_traitsIcEEE2idE)
                  8368f084    00000004     rts6600_elf.lib : wlocale.obj (.far:_ZNSt7num_getIwSt19istreambuf_iteratorIwSt11char_traitsIwEEE2idE)
                  8368f088    00000004     model.obj (.far:_ZNSt7num_putIcSt19ostreambuf_iteratorIcSt11char_traitsIcEEE2idE)
                  8368f08c    00000004     rts6600_elf.lib : wlocale.obj (.far:_ZNSt7num_putIwSt19ostreambuf_iteratorIwSt11char_traitsIwEEE2idE)
                  8368f090    00000004                     : wlocale.obj (.far:_ZNSt8messagesIwE2idE)
                  8368f094    00000004     model.obj (.far:_ZNSt8numpunctIcE2idE)
                  8368f098    00000004     rts6600_elf.lib : wlocale.obj (.far:_ZNSt8numpunctIwE2idE)
                  8368f09c    00000004                     : wlocale.obj (.far:_ZNSt8time_getIwSt19istreambuf_iteratorIwSt11char_traitsIwEEE2idE)
                  8368f0a0    00000004                     : wlocale.obj (.far:_ZNSt8time_putIwSt19ostreambuf_iteratorIwSt11char_traitsIwEEE2idE)
                  8368f0a4    00000004                     : wlocale.obj (.far:_ZNSt9money_getIwSt19istreambuf_iteratorIwSt11char_traitsIwEEE2idE)
                  8368f0a8    00000004                     : wlocale.obj (.far:_ZNSt9money_putIwSt19ostreambuf_iteratorIwSt11char_traitsIwEEE2idE)
                  8368f0ac    00000004                     : wlocale.obj (.far)
                  8368f0b0    00000004     stk_ppp_pppoe.ae66 : rawethsock_pcb.oe66 (.far)

systemHeap 
*          0    8368f0b8    00fff000     UNINITIALIZED
                  8368f0b8    00fff000     frame_pe66.oe66 (systemHeap)

.text      0    8468e0c0    001689c0     
                  8468e0c0    0002a060     OpenCV_6678.lib : cxmatmul.obj (.text)
                  846b8120    000228e0     jpegdec_ti.le66 (.text:JPEGIDEC_TI_cSect)
                  846daa00    0001d840     OpenCV_6678.lib : cxconvert.obj (.text)
                  846f8240    0001bbe0                     : cxarithm.obj (.text)
                  84713e20    0000e6e0                     : cxnorm.obj (.text)
                  84722500    0000caa0                     : cxsumpixels.obj (.text)
                  8472efa0    0000c4e0                     : cvimgwarp.obj (.text)
                  8473b480    0000ac00                     : cxdatastructs.obj (.text)
                  84746080    0000a8c0                     : cxarray.obj (.text)
                  84750940    00008220                     : cxmatrix.obj (.text)
                  84758b60    000076e0                     : cxmathfuncs.obj (.text)
                  84760240    00006160                     : cxsvd.obj (.text)
                  847663a0    00005440                     : cxcopy.obj (.text)
                  8476b7e0    00004a00                     : cxrand.obj (.text)
                  847701e0    00003900     convMixtureFastHelper.obj (.text)
                  84773ae0    00003560     OpenCV_6678.lib : cxminmaxloc.obj (.text)
                  84777040    000030e0     DPM.obj (.text)
                  8477a120    00002e00     OpenCV_6678.lib : cxlut.obj (.text)
                  8477cf20    000028c0                     : cxutils.obj (.text)
                  8477f7e0    000021a0     HOG.obj (.text)
                  84781980    00002100     ti.platform.dspc8681.ae66 : platform.obj (.text)
                  84783a80    00001e20     ti.transport.ndk.nimu.ae66 : nimu_eth.obj (.text)
                  847858a0    00001c40     ti.platform.dspc8681.ae66 : dspc8681.obj (.text)
                  847874e0    00001be0     http.obj (.text)
                  847890c0    000019e0     stk_ppp_pppoe.ae66 : tcpin.oe66 (.text:TcpInput)
                  8478aaa0    00001700     DSPF_sp_ifftSPxSP_d.obj (.text)
                  8478c1a0    00001600     model.obj (.text)
                  8478d7a0    000015c0     model.obj (.text:_ZNKSt7num_getIcSt19istreambuf_iteratorIcSt11char_traitsIcEEE8_GetffldEPcRS3_S6_RKSt6locale)
                  8478ed60    000013e0     testAll.obj (.text)
                  84790140    00001240     stk_ppp_pppoe.ae66 : tcpout.oe66 (.text:TcpOutput)
                  84791380    00001160     ti.platform.dspc8681.ae66 : evm66x_nand.obj (.text)
                  847924e0    00000ec0     resourcemgr.obj (.text)
                  847933a0    00000e20     model.obj (.text:_ZNKSt7num_putIcSt19ostreambuf_iteratorIcSt11char_traitsIcEEE5_FputES3_RSt8ios_basecPKcjjjj)
                  847941c0    00000e00     TestAppDecoder.obj (.text)
                  84794fc0    00000d80     ti.platform.dspc8681.ae66 : evmc66x_i2c_eeprom.obj (.text)
                  84795d40    00000c60     Trimps_LoadImage.obj (.text)
                  847969a0    00000c40     mixture.obj (.text)
                  847975e0    00000c20     memAlloc.obj (.text)
                  84798200    00000c00     nettool_ipv4.ae66 : httpclie.oe66 (.text:httpClientProcess)
                  84798e00    00000be0     model.obj (.text:_ZNKSt7num_getIcSt19istreambuf_iteratorIcSt11char_traitsIcEEE8_GetifldEPcRS3_S6_NSt5_IosbIiE9_FmtflagsERKSt6locale)
                  847999e0    00000b80     stk_ppp_pppoe.ae66 : ipin.oe66 (.text:IPRxPacket)
                  8479a560    00000b20     convMixtureFastHelper.obj (.text:_ZNSt5_TreeISt12_Tset_traitsI6CvRect18PositionComparatorSaIS1_ELb0EEE5eraseENS5_8iteratorE)
                  8479b080    00000aa0     stk_ppp_pppoe.ae66 : md5.oe66 (.text:MD5Transform)
                  8479bb20    000009a0                        : ipout.oe66 (.text:IPTxPacket)
                  8479c4c0    000009a0     OpenCV_6678.lib : cxerror.obj (.text)
                  8479ce60    000009a0     stk_ppp_pppoe.ae66 : lcp.oe66 (.text:lcpInput)
                  8479d800    000009a0     ti.targets.rts6000.ae66 : System.oe66 (.text:xdc_runtime_System_doPrint__I)
                  8479e1a0    00000920     rts6600_elf.lib : wiostrea.obj (.text:_ZNSt6_WinitC1Ev)
                  8479eac0    00000900     nettool_ipv4.ae66 : httpsend.oe66 (.text:SetContentType)
                  8479f3c0    000008e0     convMixtureFastHelper.obj (.text:_ZNSt5_TreeISt12_Tset_traitsI6CvRect18PositionComparatorSaIS1_ELb0EEE7_InsertEbPNSt9_Tree_nodIS4_E5_NodeERKS1_)
                  8479fca0    00000880     DSPF_sp_fftSPxSP_d.obj (.text)
                  847a0520    00000860     alg_malloc.obj (.text:create)
                  847a0d80    00000800     jpegdec_ti.le66 (.text:JPEGDEC_TI_control:jpegdec_ti.oc)
                  847a1580    000007e0     ti.drv.qmss.ae66 : qmss_drv.oe66 (.text:Qmss_insertMemoryRegion)
                  847a1d60    000007e0     convMixtureFastHelper.obj (.text:_ZSt20_Unguarded_partitionIPi14AreaComparatorESt4pairIT_S3_ES3_S3_T0_)
                  847a2540    000007e0     stk_ppp_pppoe.ae66 : ipcp.oe66 (.text:ipcpInput)
                  847a2d20    000007c0                        : sock.oe66 (.text:SockSet)
                  847a34e0    00000780     sysbios.lib : BIOS.obj (.text:ti_sysbios_family_c64p_Exception_handler__I)
                  847a3c60    00000760     model.obj (.text:_ZNKSt7num_getIcSt19istreambuf_iteratorIcSt11char_traitsIcEEE6do_getES3_S3_RSt8ios_baseRNSt5_IosbIiE8_IostateERb)
                  847a43c0    00000760     rts6600_elf.lib : iostream.obj (.text:_ZNSt8ios_base4InitC1Ev)
                  847a4b20    00000760     main.obj (.text)
                  847a5280    00000720     ti.drv.pa.ae66 : pa.oe66 (.text:Pa_addMac)
                  847a59a0    00000700     DPMDtector.obj (.text)
                  847a60a0    00000700     rts6600_elf.lib : pow.obj (.text:pow)
                  847a67a0    00000700     yuv2bmp.obj (.text)
                  847a6ea0    000006c0     nettool_ipv4.ae66 : telnetd.oe66 (.text:telnet_netdata)
                  847a7560    000006a0     model.obj (.text:_ZNKSt7num_putIcSt19ostreambuf_iteratorIcSt11char_traitsIcEEE5_IputES3_RSt8ios_basecPcj)
                  847a7c00    00000680     stk_ppp_pppoe.ae66 : fileuser.oe66 (.text:fdPoll)
                  847a8280    00000660     ti.drv.cppi.ae66 : cppi_drv.oe66 (.text:Cppi_configureRxFlow)
                  847a88e0    00000660     rts6600_elf.lib : wiostrea.obj (.text:_ZNSt13basic_filebufIwSt11char_traitsIwEE8overflowEj)
                  847a8f40    00000660     sysbios.lib : BIOS.obj (.text:ti_sysbios_heaps_HeapMem_free__E)
                  847a95a0    00000640     DPMMain.obj (.text:_ZNSt13basic_filebufIcSt11char_traitsIcEE8overflowEi)
                  847a9be0    00000620     rts6600_elf.lib : wiostrea.obj (.text:_ZNSt13basic_filebufIwSt11char_traitsIwEE5uflowEv)
                  847aa200    00000620     sysbios.lib : BIOS.obj (.text:ti_sysbios_heaps_HeapMem_alloc__E)
                  847aa820    000005e0     DPMMain.obj (.text:_ZNSt13basic_filebufIcSt11char_traitsIcEE5uflowEv)
                  847aae00    000005c0     stk_ppp_pppoe.ae66 : ipfrag.oe66 (.text:IPReasm)
                  847ab3c0    000005c0     rts6600_elf.lib : divd.obj (.text:__c6xabi_divd)
                  847ab980    000005c0                     : _printfi.obj (.text:_getarg_diouxp)
                  847abf40    000005c0     sysbios.lib : BIOS.obj (.text:ti_sysbios_timers_timer64_Timer_Module_startup__F)
                  847ac500    000005a0     stk_ppp_pppoe.ae66 : icmpin.oe66 (.text:ICMPInput)
                  847acaa0    000005a0     convMixtureFastHelper.obj (.text:_ZSt5_SortIPii14AreaComparatorEvT_S2_T0_T1_)
                  847ad040    000005a0     ti.platform.dspc8681.ae66 : evmc66x_spi.obj (.text)
                  847ad5e0    00000580     stk_ppp_pppoe.ae66 : nimuppp.oe66 (.text:pppEvent)
                  847adb60    00000580     ti.platform.dspc8681.ae66 : dspc8681_phy.obj (.text)
                  847ae0e0    00000540     DPMMain.obj (.text:_ZNSt13basic_filebufIcSt11char_traitsIcEE9_EndwriteEv)
                  847ae620    00000540     rts6600_elf.lib : wiostrea.obj (.text:_ZNSt13basic_filebufIwSt11char_traitsIwEE9_EndwriteEv)
                  847aeb60    00000520     stk_ppp_pppoe.ae66 : sock.oe66 (.text:SockNew)
                  847af080    00000520     rts6600_elf.lib : _printfi.obj (.text:_setfield)
                  847af5a0    00000520     nettool_ipv4.ae66 : httpsend.oe66 (.text:httpSendStatusLine)
                  847afac0    00000520     rts6600_elf.lib : strtod.obj (.text:strtod)
                  847affe0    00000520                     : strtold.obj (.text:strtold)
                  847b0500    00000520     ti.platform.dspc8681.ae66 : evmc66x_nor.obj (.text)
                  847b0a20    00000500     model.obj (.text:_ZNKSt7num_putIcSt19ostreambuf_iteratorIcSt11char_traitsIcEEE6do_putES3_RSt8ios_basecb)
                  847b0f20    00000500     rts6600_elf.lib : ios.obj (.text:_ZNSt8ios_base5clearENSt5_IosbIiE8_IostateEb)
                  847b1420    00000500     sysbios.lib : BIOS.obj (.text:ti_sysbios_knl_Task_Instance_finalize__F)
                  847b1920    000004e0     stk_ppp_pppoe.ae66 : udp.oe66 (.text:UdpInput)
                  847b1e00    000004e0                        : nimupppoe.oe66 (.text:pppoeInputS)
                  847b22e0    000004c0     ti.drv.cppi.ae66 : cppi_drv.oe66 (.text:Cppi_txChannelOpen)
                  847b27a0    000004c0     rts6600_elf.lib : fwrite.obj (.text:fwrite)
                  847b2c60    000004c0     ti.platform.dspc8681.ae66 : evmc66x_fpga.obj (.text)
                  847b3120    000004a0     stk_ppp_pppoe.ae66 : lliin.oe66 (.text:LLIRxPacket)
                  847b35c0    000004a0                        : sock.oe66 (.text:SockRecv)
                  847b3a60    000004a0     model.obj (.text:_ZSt4endlIcSt11char_traitsIcEERSt13basic_ostreamIT_T0_ES6_)
                  847b3f00    000004a0     model.obj (.text:_ZStlsISt11char_traitsIcEERSt13basic_ostreamIcT_ES5_c)
                  847b43a0    00000480     DSPF_sp_ifftSPxSP_cn.obj (.text)
                  847b4820    00000460     rts6600_elf.lib : _printfi.obj (.text:_printfi)
                  847b4c80    00000460     stk_ppp_pppoe.ae66 : nimuppp.oe66 (.text:pppNew)
                  847b50e0    00000460     rts6600_elf.lib : strtoll.obj (.text:strtoll)
                  847b5540    00000440     ti.drv.cppi.ae66 : cppi_drv.oe66 (.text:Cppi_rxChannelOpen)
                  847b5980    00000440     jpegdec_ti.le66 (.text:JPEGDEC_TI_initObj:jpegdec_ti.oc)
                  847b5dc0    00000440     model.obj (.text:_ZSt10_GetloctxtIcSt19istreambuf_iteratorIcSt11char_traitsIcEEEiRT0_S5_jPKT_)
                  847b6200    00000440     stk_ppp_pppoe.ae66 : auth.oe66 (.text:chapInput)
                  847b6640    00000440                        : fileuser.oe66 (.text:fdSelect)
                  847b6a80    00000440                        : nimupppoe.oe66 (.text:pppoeInputC)
                  847b6ec0    00000420     DSPF_sp_fftSPxSP_cn.obj (.text)
                  847b72e0    00000420     model.obj (.text:_ZNSi5_IpfxEb)
                  847b7700    00000420     nettool_ipv4.ae66 : daemon.oe66 (.text:daemon)
                  847b7b20    00000420     ti.drv.pa.ae66 : pa.oe66 (.text:pa_conv_routing_info)
                  847b7f40    00000400     rts6600_elf.lib : wlocale.obj (.text:__sti___11_wlocale_cpp_1f56ad1c)
                  847b8340    00000400     os.ae66 : efs.oe66 (.text:efs_filecheck)
                  847b8740    00000400     rts6600_elf.lib : strtoull.obj (.text:strtoull)
                  847b8b40    00000400     sysbios.lib : BIOS.obj (.text:ti_sysbios_knl_Semaphore_pend__E)
                  847b8f40    000003c0     ti.drv.cppi.ae66 : cppi_desc.oe66 (.text:Cppi_initDescriptor)
                  847b9300    000003c0     stk_ppp_pppoe.ae66 : sock.oe66 (.text:SockSend)
                  847b96c0    000003c0                        : tcp.oe66 (.text:TcpTimeoutCheck)
                  847b9a80    000003c0     rts6600_elf.lib : strtol.obj (.text:strtol)
                  847b9e40    000003c0     sysbios.lib : BIOS.obj (.text:ti_sysbios_knl_Task_Instance_init__F)
                  847ba200    000003c0                 : BIOS.obj (.text:ti_sysbios_knl_Task_setPri__E)
                  847ba5c0    000003a0     stk_ppp_pppoe.ae66 : nimu.oe66 (.text:NIMUIoctl)
                  847ba960    000003a0                        : route.oe66 (.text:RtCreate)
                  847bad00    000003a0                        : sb.oe66 (.text:SBRead)
                  847bb0a0    000003a0     rts6600_elf.lib : fputs.obj (.text:fputs)
                  847bb440    000003a0     stk_ppp_pppoe.ae66 : auth.oe66 (.text:papInput)
                  847bb7e0    00000380                        : igmp.oe66 (.text:IGMPInput)
                  847bbb60    00000380                        : sock.oe66 (.text:SockConnect)
                  847bbee0    00000380                        : sockint.oe66 (.text:SockNotify)
                  847bc260    00000380     nettool_ipv4.ae66 : dhcppkt.oe66 (.text:dhcpPacketProcess)
                  847bc5e0    00000360     stk_ppp_pppoe.ae66 : lliout.oe66 (.text:LLITxIpPacket)
                  847bc940    00000360     DPMDtector.obj (.text:_ZNSt15basic_stringbufIcSt11char_traitsIcESaIcEE8overflowEi)
                  847bcca0    00000360     convMixtureFastHelper.obj (.text:_ZNSt5_TreeISt12_Tset_traitsI6CvRect18PositionComparatorSaIS1_ELb0EEE6insertERKS1_)
                  847bd000    00000340     ti.drv.pa.ae66 : painit.oe66 (.text:Pa_create)
                  847bd340    00000340     ti.drv.qmss.ae66 : qmss_drv.oe66 (.text:Qmss_init)
                  847bd680    00000340     convMixtureFastHelper.obj (.text:_ZSt12_Adjust_heapIPiii14AreaComparatorEvT_T0_S3_T1_T2_)
                  847bd9c0    00000340     convMixtureFastHelper.obj (.text:_ZSt7_MedianIPi14AreaComparatorEvT_S2_S2_T0_)
                  847bdd00    00000340     os.ae66 : mem.oe66 (.text:mmAlloc)
                  847be040    00000320     nettool_ipv4.ae66 : config.oe66 (.text:CfgAddEntry)
                  847be360    00000320     stk_ppp_pppoe.ae66 : nimupppoe.oe66 (.text:SendServerMsg)
                  847be680    00000320     rts6600_elf.lib : _printfi.obj (.text:_pproc_fge)
                  847be9a0    00000320     stk_ppp_pppoe.ae66 : nimupppoe.oe66 (.text:pppoeSI)
                  847becc0    00000320     rts6600_elf.lib : strtoul.obj (.text:strtoul)
                  847befe0    00000320     nettool_ipv4.ae66 : telnetd.oe66 (.text:telnet_engine)
                  847bf300    00000320     ti.platform.dspc8681.ae66 : evmc66x_uart.obj (.text)
                  847bf620    00000300     netctrl_ipv4.ae66 : netctrl.oe66 (.text:NetScheduler)
                  847bf920    00000300     alg_malloc.obj (.text)
                  847bfc20    00000300     nettool_ipv4.ae66 : inetaddr.oe66 (.text:inet_aton)
                  847bff20    00000300     sysbios.lib : BIOS.obj (.text:ti_sysbios_family_c64p_Hwi_dispatchC__I)
                  847c0220    000002e0     ti.drv.pa.ae66 : pa.oe66 (.text:Pa_forwardResult)
                  847c0500    000002e0     stk_ppp_pppoe.ae66 : nimupppoe.oe66 (.text:SendClientMsg)
                  847c07e0    000002e0                        : udp.oe66 (.text:UdpOutput)
                  847c0ac0    000002e0     DPMDtector.obj (.text:_ZNSt15basic_stringbufIcSt11char_traitsIcESaIcEE7seekoffElNSt5_IosbIiE8_SeekdirENS5_9_OpenmodeE)
                  847c0da0    000002e0     rts6600_elf.lib : _printfi.obj (.text:_pproc_fwp)
                  847c1080    000002e0     sysbios.lib : BIOS.obj (.text:ti_sysbios_knl_Task_Module_startup__F)
                  847c1360    000002c0     stk_ppp_pppoe.ae66 : bind.oe66 (.text:BindNew)
                  847c1620    000002c0     rts6600_elf.lib : cos.obj (.text:cos)
                  847c18e0    000002c0                     : fread.obj (.text:fread)
                  847c1ba0    000002c0     stk_ppp_pppoe.ae66 : nimuppp.oe66 (.text:pppInput)
                  847c1e60    000002a0     nettool_ipv4.ae66 : dhcpmain.oe66 (.text:DHCPOpen)
                  847c2100    000002a0     stk_ppp_pppoe.ae66 : node.oe66 (.text:NodeAdd)
                  847c23a0    000002a0                        : rtable.oe66 (.text:RtFind)
                  847c2640    000002a0                        : sock.oe66 (.text:SockClose)
                  847c28e0    000002a0                        : tcpprot.oe66 (.text:TcpPrSetOption)
                  847c2b80    000002a0     model.obj (.text:_ZNKSt7num_putIcSt19ostreambuf_iteratorIcSt11char_traitsIcEEE6do_putES3_RSt8ios_basecd)
                  847c2e20    000002a0     model.obj (.text:_ZNKSt7num_putIcSt19ostreambuf_iteratorIcSt11char_traitsIcEEE6do_putES3_RSt8ios_basece)
                  847c30c0    000002a0     testAll.obj (.text:_ZNSs6assignERKSsjj)
                  847c3360    000002a0     convMixtureFastHelper.obj (.text:_ZSt15_Insertion_sortIPi14AreaComparatorEvT_S2_T0_)
                  847c3600    000002a0     rts6600_elf.lib : _printfi.obj (.text:fcvt)
                  847c38a0    000002a0     sysbios.lib : BIOS.obj (.text:ti_sysbios_family_c66_tci66xx_CpIntc_Module_startup__F)
                  847c3b40    000002a0                 : BIOS.obj (.text:ti_sysbios_knl_Clock_workFunc__E)
                  847c3de0    000002a0                 : BIOS.obj (.text:ti_sysbios_knl_Task_sleep__E)
                  847c4080    00000280     DPMMain.obj (.text)
                  847c4300    00000280     stk_ppp_pppoe.ae66 : icmp.oe66 (.text:ICMPGenPacket)
                  847c4580    00000280                        : sockpcb.oe66 (.text:SockPcbResolve)
                  847c4800    00000280     rts6600_elf.lib : divf.obj (.text:__c6xabi_divf)
                  847c4a80    00000280     sysbios.lib : BIOS.obj (.text:deviceConfig$44)
                  847c4d00    00000280     rts6600_elf.lib : _printfi.obj (.text:ecvt)
                  847c4f80    00000280     stk_ppp_pppoe.ae66 : ipcp.oe66 (.text:ipcpSendCfg)
                  847c5200    00000280                        : lcp.oe66 (.text:lcpSendCfg)
                  847c5480    00000280     platform_osal.obj (.text)
                  847c5700    00000280     rts6600_elf.lib : sin.obj (.text:sin)
                  847c5980    00000280     sysbios.lib : BIOS.obj (.text:ti_sysbios_knl_Clock_Instance_init__F)
                  847c5c00    00000280                 : BIOS.obj (.text:ti_sysbios_knl_Task_exit__E)
                  847c5e80    00000280     ti.targets.rts6000.ae66 : Core-mem.oe66 (.text:xdc_runtime_Core_createObject__I)
                  847c6100    00000280                             : Error.oe66 (.text:xdc_runtime_Error_raiseX__F)
                  847c6380    00000260     stk_ppp_pppoe.ae66 : rawethsock.oe66 (.text:RawEthSockSet)
                  847c65e0    00000260                        : sb.oe66 (.text:SBWrite)
                  847c6840    00000260                        : sockpcb.oe66 (.text:SockPcbBind)
                  847c6aa0    00000260     model.obj (.text:_ZNSolsEf)
                  847c6d00    00000260     model.obj (.text:_ZNSolsEi)
                  847c6f60    00000260     model.obj (.text:_ZNSolsEj)
                  847c71c0    00000260     rts6600_elf.lib : wiostrea.obj (.text:_ZNSt6_WinitD1Ev)
                  847c7420    00000260                     : iostream.obj (.text:__sti___12_iostream_cpp_3a72482d)
                  847c7680    00000260                     : wiostrea.obj (.text:__sti___12_wiostrea_cpp_1f56ad1c)
                  847c78e0    00000260     nettool_ipv4.ae66 : httppars.oe66 (.text:httpParseRecv)
                  847c7b40    00000260                       : httpsend.oe66 (.text:httpSendErrorHTML)
                  847c7da0    00000260     ti.targets.rts6000.ae66 : Startup.oe66 (.text:xdc_runtime_Startup_startMods__I)
                  847c8000    00000260     frame_pe66.oe66 (.text:xdc_runtime_System_printfExtend__I)
                  847c8260    00000240     ti.drv.cppi.ae66 : cppi_drv.oe66 (.text:Cppi_open)
                  847c84a0    00000240     nettool_ipv4.ae66 : daemon.oe66 (.text:DaemonNew)
                  847c86e0    00000240     OpenCV_6678.lib : cxalloc.obj (.text)
                  847c8920    00000240     ti.drv.pa.ae66 : pa.oe66 (.text:Pa_resetControl)
                  847c8b60    00000240     stk_ppp_pppoe.ae66 : pipe.oe66 (.text:PipeRecv)
                  847c8da0    00000240                        : raw.oe66 (.text:RawInput)
                  847c8fe0    00000240     DPMMain.obj (.text:_ZNSt13basic_filebufIcSt11char_traitsIcEE5imbueERKSt6locale)
                  847c9220    00000240     rts6600_elf.lib : wiostrea.obj (.text:_ZNSt13basic_filebufIwSt11char_traitsIwEE5imbueERKSt6locale)
                  847c9460    00000240                     : imath64.obj (.text:__c6xabi_divull)
                  847c96a0    00000240                     : _printfi.obj (.text:_pconv_e)
                  847c98e0    00000240                     : _printfi.obj (.text:_pproc_diouxp)
                  847c9b20    00000240     nettool_ipv4.ae66 : dhcpsm.oe66 (.text:dhcpIPAdd)
                  847c9d60    00000240                       : dhcpsm.oe66 (.text:dhcpState)
                  847c9fa0    00000240     sysbios.lib : BIOS.obj (.text:ti_sysbios_family_c64p_Exception_internalHandler__I)
                  847ca1e0    00000240                 : BIOS.obj (.text:ti_sysbios_knl_Semaphore_post__E)
                  847ca420    00000240     ti.targets.rts6000.ae66 : LoggerBuf.oe66 (.text:xdc_runtime_LoggerBuf_write8__F)
                  847ca660    00000220     stk_ppp_pppoe.ae66 : igmp.oe66 (.text:IGMPJoinHostGroup)
                  847ca880    00000220                        : nimu.oe66 (.text:NIMUReceivePacket)
                  847caaa0    00000220                        : rawethsock.oe66 (.text:RawEthSockNew)
                  847cacc0    00000220                        : sockpcb.oe66 (.text:SockPcbFind)
                  847caee0    00000220     rts6600_elf.lib : _printfi.obj (.text:_pproc_str)
                  847cb100    00000220     nettool_ipv4.ae66 : dhcppkt.oe66 (.text:dhcpVerifyMessage)
                  847cb320    00000220     rts6600_elf.lib : fputc.obj (.text:fputc)
                  847cb540    00000220     nettool_ipv4.ae66 : httpclie.oe66 (.text:httpGetAuthParams)
                  847cb760    00000220     sysbios.lib : BIOS.obj (.text:ti_sysbios_family_c64p_Hwi_reconfig__E)
                  847cb980    00000220                 : BIOS.obj (.text:ti_sysbios_knl_Swi_run__I)
                  847cbba0    00000220                 : BIOS.obj (.text:ti_sysbios_knl_Task_schedule__I)
                  847cbdc0    00000220                 : BIOS.obj (.text:ti_sysbios_knl_Task_startup__E)
                  847cbfe0    00000200     ti.drv.qmss.ae66 : qmss_drv.oe66 (.text:Qmss_internalQueueOpen)
                  847cc1e0    00000200                      : qmss_acc.oe66 (.text:Qmss_programAccumulator)
                  847cc3e0    00000200     stk_ppp_pppoe.ae66 : rtc.oe66 (.text:RTCReport)
                  847cc5e0    00000200     model.obj (.text:_ZNSirsERf)
                  847cc7e0    00000200     model.obj (.text:_ZNSirsERi)
                  847cc9e0    00000200     convMixtureFastHelper.obj (.text:_ZNSt5_TreeISt12_Tset_traitsI6CvRect18PositionComparatorSaIS1_ELb0EEE5eraseENS5_8iteratorES6_)
                  847ccbe0    00000200     model.obj (.text:_ZSteqIcSt11char_traitsIcEEbRKSt19istreambuf_iteratorIT_T0_ES7_)
                  847ccde0    00000200     model.obj (.text:_ZStneIcSt11char_traitsIcEEbRKSt19istreambuf_iteratorIT_T0_ES7_)
                  847ccfe0    00000200     rts6600_elf.lib : _printfi.obj (.text:_pconv_g)
                  847cd1e0    00000200     sysbios.lib : c64p_Hwi_disp_always.obj (.text:_ti_sysbios_family_c64p_Hwi_dispatchAlways)
                  847cd3e0    00000200                 : BIOS.obj (.text:block$56)
                  847cd5e0    00000200     ti.drv.cppi.ae66 : cppi_heap.oe66 (.text:cppi_internal_heap_add)
                  847cd7e0    00000200     rts6600_elf.lib : exp.obj (.text:exp)
                  847cd9e0    00000200     stk_ppp_pppoe.ae66 : nimupppoe.oe66 (.text:pppoeCtrlMsg)
                  847cdbe0    00000200     rts6600_elf.lib : setvbuf.obj (.text:setvbuf)
                  847cdde0    000001e0     stk_ppp_pppoe.ae66 : igmp.oe66 (.text:IGMPSendReply)
                  847cdfc0    000001e0                        : tcpout.oe66 (.text:TcpGenPacket)
                  847ce1a0    000001e0     DPMMain.obj (.text:_ZNSoC2EPSt15basic_streambufIcSt11char_traitsIcEEb)
                  847ce380    000001e0     DPMDtector.obj (.text:_ZNSt15basic_stringbufIcSt11char_traitsIcESaIcEE7seekposESt4fposIiENSt5_IosbIiE9_OpenmodeE)
                  847ce560    000001e0     rts6600_elf.lib : acos.obj (.text:acos)
                  847ce740    000001e0     stk_ppp_pppoe.ae66 : auth.oe66 (.text:chapSendMsg)
                  847ce920    000001e0     nettool_ipv4.ae66 : dhcpsock.oe66 (.text:dhcpSocketOpen)
                  847ceb00    000001e0     sysbios.lib : BIOS.obj (.text:ti_sysbios_knl_Task_postInit__I)
                  847cece0    000001e0                 : BIOS.obj (.text:ti_sysbios_timers_timer64_Timer_getFreq__E)
                  847ceec0    000001c0     nettool_ipv4.ae66 : config.oe66 (.text:CfgExecute)
                  847cf080    000001c0     ti.drv.cppi.ae66 : cppi_drv.oe66 (.text:Cppi_channelClose)
                  847cf240    000001c0                      : cppi_drv.oe66 (.text:Cppi_initCfg)
                  847cf400    000001c0     stk_ppp_pppoe.ae66 : ip.oe66 (.text:IPGetRoute)
                  847cf5c0    000001c0     jpegdec_ti.le66 (.text:JPEGDEC_TI_alloc:jpegdec_ti.oc)
                  847cf780    000001c0     stk_ppp_pppoe.ae66 : lliout.oe66 (.text:LLIGenArpPacket)
                  847cf940    000001c0     ti.drv.qmss.ae66 : qmss_drv.oe66 (.text:Qmss_internaldownloadFirmware)
                  847cfb00    000001c0     netctrl_ipv4.ae66 : netsrv.oe66 (.text:SPIpNet)
                  847cfcc0    000001c0     stk_ppp_pppoe.ae66 : tcptime.oe66 (.text:TcpTimeoutRexmt)
                  847cfe80    000001c0                        : lli.oe66 (.text:_LLITimeoutCheck)
                  847d0040    000001c0     rts6600_elf.lib : string.obj (.text:_ZNKSt12_String_base5_XranEv)
                  847d0200    000001c0     model.obj (.text:_ZNKSt8numpunctIcE11do_groupingEv)
                  847d03c0    000001c0     model.obj (.text:_ZNKSt8numpunctIcE11do_truenameEv)
                  847d0580    000001c0     model.obj (.text:_ZNKSt8numpunctIcE12do_falsenameEv)
                  847d0740    000001c0     model.obj (.text:_ZNSs6appendEPKcj)
                  847d0900    000001c0     model.obj (.text:_ZNSs6insertEjjc)
                  847d0ac0    000001c0     rts6600_elf.lib : iostream.obj (.text:_ZNSt8ios_base4InitD1Ev)
                  847d0c80    000001c0                     : _printfi.obj (.text:_mcpy)
                  847d0e40    000001c0                     : fopen.obj (.text:_openfile)
                  847d1000    000001c0                     : atan.obj (.text:atan)
                  847d11c0    000001c0     nettool_ipv4.ae66 : dhcpbild.oe66 (.text:dhcpBuildHeader)
                  847d1380    000001c0     sysbios.lib : BIOS.obj (.text:ti_sysbios_knl_Task_checkStacks__E)
                  847d1540    000001c0                 : BIOS.obj (.text:ti_sysbios_timers_timer64_Timer_setPeriodMicroSecs__E)
                  847d1700    000001a0     nettool_ipv4.ae66 : config.oe66 (.text:CfgRemoveEntry)
                  847d18a0    000001a0     rts6600_elf.lib : trgdrv.obj (.text:HOSTrename)
                  847d1a40    000001a0     stk_ppp_pppoe.ae66 : icmpin.oe66 (.text:ICMPRevSrcRoute)
                  847d1be0    000001a0     netctrl_ipv4.ae66 : netctrl.oe66 (.text:NC_NetStart)
                  847d1d80    000001a0     stk_ppp_pppoe.ae66 : node.oe66 (.text:NodeTreeFree)
                  847d1f20    000001a0     ti.drv.pa.ae66 : pa.oe66 (.text:Pa_downloadImage)
                  847d20c0    000001a0     stk_ppp_pppoe.ae66 : sockint.oe66 (.text:SockCreatePacket)
                  847d2260    000001a0     nettool_ipv4.ae66 : dhcpsm.oe66 (.text:StateRenewRebind)
                  847d2400    000001a0     rts6600_elf.lib : xlocinfo.obj (.text:_Getctyptab)
                  847d25a0    000001a0                     : vec_newdel.obj (.text:_Z17array_new_generalPvjjjS_PFYS_S_ES1_PFYS_jEPFYvS_Eii)
                  847d2740    000001a0                     : wiostrea.obj (.text:_ZNKSt7codecvtIwciE5do_inERiPKcS3_RS3_PwS5_RS5_)
                  847d28e0    000001a0     testAll.obj (.text:_ZNSs6appendERKSsjj)
                  847d2a80    000001a0     DPMMain.obj (.text:_ZNSt13basic_filebufIcSt11char_traitsIcEE7seekoffElNSt5_IosbIiE8_SeekdirENS4_9_OpenmodeE)
                  847d2c20    000001a0     rts6600_elf.lib : wiostrea.obj (.text:_ZNSt13basic_filebufIwSt11char_traitsIwEE7seekoffElNSt5_IosbIiE8_SeekdirENS4_9_OpenmodeE)
                  847d2dc0    000001a0     model.obj (.text:_ZNSt8numpunctIcE5_InitERKSt8_Locinfo)
                  847d2f60    000001a0     DPMMain.obj (.text:_ZTv0_n12_NSt14basic_ofstreamIcSt11char_traitsIcEED0Ev)
                  847d3100    000001a0     rts6600_elf.lib : imath40.obj (.text:__c6xabi_divul)
                  847d32a0    000001a0     nettool_ipv4.ae66 : dhcptags.oe66 (.text:dhcpBuildOptions)
                  847d3440    000001a0     rts6600_elf.lib : log.obj (.text:log)
                  847d35e0    000001a0     nettool_ipv4.ae66 : telnetd.oe66 (.text:telnet_termdata)
                  847d3780    000001a0     sysbios.lib : BIOS.obj (.text:ti_sysbios_family_c66_tci66xx_CpIntc_dispatch__F)
                  847d3920    000001a0                 : BIOS.obj (.text:ti_sysbios_gates_GateMutex_enter__E)
                  847d3ac0    000001a0                 : BIOS.obj (.text:ti_sysbios_timers_timer64_Timer_start__E)
                  847d3c60    000001a0     ti.targets.rts6000.ae66 : LoggerBuf.oe66 (.text:xdc_runtime_LoggerBuf_write4__F)
                  847d3e00    00000180     stk_ppp_pppoe.ae66 : igmp.oe66 (.text:IGMPMsg)
                  847d3f80    00000180                        : nimu.oe66 (.text:NIMURegister)
                  847d4100    00000180     netctrl_ipv4.ae66 : netsrv.oe66 (.text:ServiceScan)
                  847d4280    00000180                       : netsrv.oe66 (.text:ServiceSpawn)
                  847d4400    00000180     nettool_ipv4.ae66 : dhcpsm.oe66 (.text:StateBound)
                  847d4580    00000180     rts6600_elf.lib : wiostrea.obj (.text:_ZNKSt5ctypeIwE10do_toupperEPwPKw)
                  847d4700    00000180                     : wiostrea.obj (.text:_ZNKSt7codecvtIwciE6do_outERiPKwS3_RS3_PcS5_RS5_)
                  847d4880    00000180     DPMMain.obj (.text:_ZNSt13basic_filebufIcSt11char_traitsIcEE7seekposESt4fposIiENSt5_IosbIiE9_OpenmodeE)
                  847d4a00    00000180     rts6600_elf.lib : wiostrea.obj (.text:_ZNSt13basic_filebufIwSt11char_traitsIwEE7seekposESt4fposIiENSt5_IosbIiE9_OpenmodeE)
                  847d4b80    00000180     DPMDtector.obj (.text:_ZNSt18basic_stringstreamIcSt11char_traitsIcESaIcEEC2ENSt5_IosbIiE9_OpenmodeE)
                  847d4d00    00000180     rts6600_elf.lib : wiostrea.obj (.text:_ZSt9use_facetISt5ctypeIwEERKT_RKSt6locale)
                  847d4e80    00000180                     : copy_decompress_rle.obj (.text:__TI_decompress_rle_core)
                  847d5000    00000180                     : atan2.obj (.text:atan2)
                  847d5180    00000180     nettool_ipv4.ae66 : dhcpbild.oe66 (.text:dhcpBuildRequest)
                  847d5300    00000180     stk_ppp_pppoe.ae66 : fileuser.oe66 (.text:fdClose)
                  847d5480    00000180     rts6600_elf.lib : frexp.obj (.text:frexp)
                  847d5600    00000180     os.ae66 : task.oe66 (.text:llEnter)
                  847d5780    00000180     rts6600_elf.lib : lowlev.obj (.text:open)
                  847d5900    00000180     stk_ppp_pppoe.ae66 : auth.oe66 (.text:papSendCfg)
                  847d5a80    00000180     sysbios.lib : c64p_Exception_asm.obj (.text)
                  847d5c00    00000180                 : BIOS.obj (.text:ti_sysbios_heaps_HeapBuf_Module_startup__F)
                  847d5d80    00000180                 : BIOS.obj (.text:ti_sysbios_heaps_HeapMem_Instance_init__F)
                  847d5f00    00000180                 : BIOS.obj (.text:ti_sysbios_knl_Swi_schedule__I)
                  847d6080    00000180                 : BIOS.obj (.text:ti_sysbios_knl_Task_unblockI__E)
                  847d6200    00000180     ti.targets.rts6000.ae66 : Text.oe66 (.text:xdc_runtime_Text_putSite__F)
                  847d6380    00000160     nettool_ipv4.ae66 : config.oe66 (.text:CfgGetEntry)
                  847d64e0    00000160                       : config.oe66 (.text:CfgGetNextEntry)
                  847d6640    00000160     stk_ppp_pppoe.ae66 : igmp.oe66 (.text:IGMPDoMCast)
                  847d67a0    00000160     jpegdec_ti.le66 (.text:JPEGDEC_TI_free:jpegdec_ti.oc)
                  847d6900    00000160     stk_ppp_pppoe.ae66 : nimu.oe66 (.text:NIMUIoctlSpecialCmd)
                  847d6a60    00000160                        : nimuppp.oe66 (.text:PPPStop)
                  847d6bc0    00000160                        : pipe.oe66 (.text:PipeSend)
                  847d6d20    00000160                        : raw.oe66 (.text:RawOutput)
                  847d6e80    00000160                        : rtable.oe66 (.text:RtTimeoutCheck)
                  847d6fe0    00000160                        : rtable.oe66 (.text:RtWalkNext)
                  847d7140    00000160     netctrl_ipv4.ae66 : netsrv.oe66 (.text:SPRoute)
                  847d72a0    00000160     stk_ppp_pppoe.ae66 : sock.oe66 (.text:SockCheck)
                  847d7400    00000160                        : sockpcb.oe66 (.text:SockPcbConnect)
                  847d7560    00000160     nettool_ipv4.ae66 : dhcpsm.oe66 (.text:StateRequesting)
                  847d76c0    00000160     stk_ppp_pppoe.ae66 : tcptime.oe66 (.text:TcpTimeoutKeep)
                  847d7820    00000160     DPM.obj (.text:_ZNK11IntersectorclE6CvRect)
                  847d7980    00000160     rts6600_elf.lib : string.obj (.text:_ZNKSt12_String_base5_XlenEv)
                  847d7ae0    00000160     testAll.obj (.text:_ZNSs6assignEPKcj)
                  847d7c40    00000160     DPMMain.obj (.text:_ZNSt13basic_filebufIcSt11char_traitsIcEE9pbackfailEi)
                  847d7da0    00000160     rts6600_elf.lib : wiostrea.obj (.text:_ZNSt13basic_filebufIwSt11char_traitsIwEE9pbackfailEj)
                  847d7f00    00000160                     : wiostrea.obj (.text:_ZNSt13basic_filebufIwSt11char_traitsIwEED0Ev)
                  847d8060    00000160     DPMMain.obj (.text:_ZNSt14basic_ofstreamIcSt11char_traitsIcEED0Ev)
                  847d81c0    00000160     DPMDtector.obj (.text:_ZNSt9basic_iosIcSt11char_traitsIcEE4initEPSt15basic_streambufIcS1_Eb)
                  847d8320    00000160     rts6600_elf.lib : wiostrea.obj (.text:_ZNSt9basic_iosIwSt11char_traitsIwEE4initEPSt15basic_streambufIwS1_Eb)
                  847d8480    00000160     model.obj (.text:_ZSt9use_facetISt5ctypeIcEERKT_RKSt6locale)
                  847d85e0    00000160     stk_ppp_pppoe.ae66 : auth.oe66 (.text:authInit)
                  847d8740    00000160     nettool_ipv4.ae66 : httpclie.oe66 (.text:httpExtractTag)
                  847d88a0    00000160     rts6600_elf.lib : ldexp.obj (.text:ldexp)
                  847d8a00    00000160                     : sqrt.obj (.text:sqrt)
                  847d8b60    00000160     nettool_ipv4.ae66 : telnetd.oe66 (.text:telnetClientProcess)
                  847d8cc0    00000140     ti.csl.ae66 : csl_chip.oe66 (.text:CSL_chipReadReg)
                  847d8e00    00000140     stk_ppp_pppoe.ae66 : icmp.oe66 (.text:ICMPSendRtAdv)
                  847d8f40    00000140                        : igmp.oe66 (.text:IGMPJoin)
                  847d9080    00000140                        : lli.oe66 (.text:LLINew)
                  847d91c0    00000140                        : node.oe66 (.text:NodeFind)
                  847d9300    00000140                        : node.oe66 (.text:NodeWalk)
                  847d9440    00000140                        : pbm.oe66 (.text:PBM_alloc)
                  847d9580    00000140                        : rtable.oe66 (.text:RtFlush)
                  847d96c0    00000140     netctrl_ipv4.ae66 : netsrv.oe66 (.text:ServiceKill)
                  847d9800    00000140     stk_ppp_pppoe.ae66 : sock.oe66 (.text:SockAccept)
                  847d9940    00000140                        : sock.oe66 (.text:SockListen)
                  847d9a80    00000140                        : sockpcb.oe66 (.text:SockPcbCtlError)
                  847d9bc0    00000140     model.obj (.text:_ZNKSt7num_getIcSt19istreambuf_iteratorIcSt11char_traitsIcEEE6do_getES3_S3_RSt8ios_baseRNSt5_IosbIiE8_IostateERt)
                  847d9d00    00000140     testAll.obj (.text:_ZNSs5_CopyEjj)
                  847d9e40    00000140     DPMMain.obj (.text:_ZNSt13basic_filebufIcSt11char_traitsIcEE6setbufEPci)
                  847d9f80    00000140     DPMMain.obj (.text:_ZNSt13basic_filebufIcSt11char_traitsIcEED1Ev)
                  847da0c0    00000140     rts6600_elf.lib : wiostrea.obj (.text:_ZNSt13basic_filebufIwSt11char_traitsIwEED1Ev)
                  847da200    00000140     DPMMain.obj (.text:_ZNSt14basic_ofstreamIcSt11char_traitsIcEED1Ev)
                  847da340    00000140     DPMDtector.obj (.text:_ZNSt15basic_stringbufIcSt11char_traitsIcESaIcEE5_InitEPKcji)
                  847da480    00000140     rts6600_elf.lib : locale0.obj (.text:_ZNSt6locale5_InitEv)
                  847da5c0    00000140                     : locale0.obj (.text:_ZNSt6locale7_LocimpD1Ev)
                  847da700    00000140                     : locale0.obj (.text:_ZNSt8_LocinfoC1EPKc)
                  847da840    00000140     convMixtureFastHelper.obj (.text:_ZSt7_RotateIPiiiEvT_S1_S1_PT0_PT1_)
                  847da980    00000140     model.obj (.text:_ZSt9use_facetISt7num_getIcSt19istreambuf_iteratorIcSt11char_traitsIcEEEERKT_RKSt6locale)
                  847daac0    00000140     model.obj (.text:_ZSt9use_facetISt7num_putIcSt19ostreambuf_iteratorIcSt11char_traitsIcEEEERKT_RKSt6locale)
                  847dac00    00000140     model.obj (.text:_ZSt9use_facetISt8numpunctIcEERKT_RKSt6locale)
                  847dad40    00000140     boot.ae66 : autoinit.oe66 (.text:_auto_init_elf)
                  847dae80    00000140     rts6600_elf.lib : _printfi.obj (.text:_pproc_fflags)
                  847dafc0    00000140     stk_ppp_pppoe.ae66 : auth.oe66 (.text:authGetPassword)
                  847db100    00000140     nettool_ipv4.ae66 : dhcptags.oe66 (.text:dhcpDecodeType)
                  847db240    00000140     rts6600_elf.lib : fgetc.obj (.text:fgetc)
                  847db380    00000140                     : lowlev.obj (.text:getdevice)
                  847db4c0    00000140     nettool_ipv4.ae66 : httpsend.oe66 (.text:httpAuthenticationReq)
                  847db600    00000140     os.ae66 : mem.oe66 (.text:mmCopy)
                  847db740    00000140     stk_ppp_pppoe.ae66 : nimuppp.oe66 (.text:pppAddClient)
                  847db880    00000140                        : socket.oe66 (.text:sendto)
                  847db9c0    00000140     sysbios.lib : BIOS.obj (.text:ti_sysbios_family_c64p_Hwi_Module_startup__F)
                  847dbb00    00000140                 : BIOS.obj (.text:ti_sysbios_family_c66_Cache_Module_startup__F)
                  847dbc40    00000140                 : BIOS.obj (.text:ti_sysbios_knl_Clock_Instance_finalize__F)
                  847dbd80    00000140                 : BIOS.obj (.text:ti_sysbios_knl_Semaphore_Instance_init__F)
                  847dbec0    00000140                 : BIOS.obj (.text:ti_sysbios_knl_Swi_post__E)
                  847dc000    00000140                 : BIOS.obj (.text:ti_sysbios_knl_Task_blockI__E)
                  847dc140    00000140     rts6600_elf.lib : ungetc.obj (.text:ungetc)
                  847dc280    00000120     stk_ppp_pppoe.ae66 : bind.oe66 (.text:BindFree)
                  847dc3a0    00000120     nettool_ipv4.ae66 : config.oe66 (.text:CfgFree)
                  847dc4c0    00000120                       : daemon.oe66 (.text:DaemonFree)
                  847dc5e0    00000120     stk_ppp_pppoe.ae66 : file.oe66 (.text:FdWaitEvent)
                  847dc700    00000120                        : igmp.oe66 (.text:IGMPLeaveHostGroup)
                  847dc820    00000120                        : ip.oe66 (.text:IPMsg)
                  847dc940    00000120                        : ipin.oe66 (.text:IPRouteIP)
                  847dca60    00000120                        : md5.oe66 (.text:MD5Update)
                  847dcb80    00000120     netctrl_ipv4.ae66 : netctrl.oe66 (.text:NC_SystemOpen)
                  847dcca0    00000120     stk_ppp_pppoe.ae66 : nimu.oe66 (.text:NIMUAddEthernetHeader)
                  847dcdc0    00000120                        : pbm.oe66 (.text:PBM_free)
                  847dcee0    00000120     ti.drv.qmss.ae66 : qmss_acc.oe66 (.text:Qmss_disableAccumulator)
                  847dd000    00000120     stk_ppp_pppoe.ae66 : raweth.oe66 (.text:RawEthRxPacket)
                  847dd120    00000120                        : raweth.oe66 (.text:RawEthTxPacket)
                  847dd240    00000120                        : sb.oe66 (.text:SBNew)
                  847dd360    00000120     netctrl_ipv4.ae66 : netsrv.oe66 (.text:SPConfig)
                  847dd480    00000120                       : netsrv.oe66 (.text:SPService)
                  847dd5a0    00000120     stk_ppp_pppoe.ae66 : sockpcb.oe66 (.text:SockPcbFindRaw)
                  847dd6c0    00000120                        : sock.oe66 (.text:SockShutdown)
                  847dd7e0    00000120                        : tcpprot.oe66 (.text:TcpPrAttach)
                  847dd900    00000120     nettool_ipv4.ae66 : telnetd.oe66 (.text:TelnetOpen)
                  847dda20    00000120     stk_ppp_pppoe.ae66 : rtable.oe66 (.text:_RtNodeInsert)
                  847ddb40    00000120     rts6600_elf.lib : vec_newdel.obj (.text:_Z20array_delete_generalPvijjPFYS_S_EiPFYvS_Eii)
                  847ddc60    00000120     convMixtureFastHelper.obj (.text:_ZNK14AreaComparatorclEii)
                  847ddd80    00000120     rts6600_elf.lib : wiostrea.obj (.text:_ZNKSt5ctypeIwE5do_isEPKwS2_Ps)
                  847ddea0    00000120                     : wiostrea.obj (.text:_ZNKSt5ctypeIwE9do_narrowEPKwS2_cPc)
                  847ddfc0    00000120                     : wiostrea.obj (.text:_ZNKSt7codecvtIwciE9do_lengthERKiPKcS4_j)
                  847de0e0    00000120     model.obj (.text:_ZNKSt7num_getIcSt19istreambuf_iteratorIcSt11char_traitsIcEEE6do_getES3_S3_RSt8ios_baseRNSt5_IosbIiE8_IostateERPv)
                  847de200    00000120     model.obj (.text:_ZNKSt7num_getIcSt19istreambuf_iteratorIcSt11char_traitsIcEEE6do_getES3_S3_RSt8ios_baseRNSt5_IosbIiE8_IostateERd)
                  847de320    00000120     model.obj (.text:_ZNKSt7num_getIcSt19istreambuf_iteratorIcSt11char_traitsIcEEE6do_getES3_S3_RSt8ios_baseRNSt5_IosbIiE8_IostateERe)
                  847de440    00000120     model.obj (.text:_ZNKSt7num_getIcSt19istreambuf_iteratorIcSt11char_traitsIcEEE6do_getES3_S3_RSt8ios_baseRNSt5_IosbIiE8_IostateERj)
                  847de560    00000120     model.obj (.text:_ZNKSt7num_putIcSt19ostreambuf_iteratorIcSt11char_traitsIcEEE11_PutgroupedES3_PKcjc)
                  847de680    00000120     model.obj (.text:_ZNKSt7num_putIcSt19ostreambuf_iteratorIcSt11char_traitsIcEEE5_PutcES3_PKcj)
                  847de7a0    00000120     rts6600_elf.lib : wiostrea.obj (.text:_ZNSt13basic_filebufIwSt11char_traitsIwEE6setbufEPwi)
                  847de8c0    00000120                     : wiostrea.obj (.text:_ZNSt15basic_streambufIwSt11char_traitsIwEE6xsgetnEPwi)
                  847de9e0    00000120                     : locale0.obj (.text:_ZNSt8_LocinfoD1Ev)
                  847deb00    00000120                     : _bufread.obj (.text:_buff_read)
                  847dec20    00000120                     : fclose.obj (.text:_closefile)
                  847ded40    00000120                     : _printfi.obj (.text:_ltostr)
                  847dee60    00000120     os.ae66 : mem.oe66 (.text:_mmInit)
                  847def80    00000120     rts6600_elf.lib : fopen.obj (.text:_search_fp)
                  847df0a0    00000120     stk_ppp_pppoe.ae66 : socket.oe66 (.text:accept)
                  847df1c0    00000120     alg_create.obj (.text:create)
                  847df2e0    00000120     nettool_ipv4.ae66 : daemon.oe66 (.text:dchild)
                  847df400    00000120     stk_ppp_pppoe.ae66 : fileuser.oe66 (.text:fdOpenSession)
                  847df520    00000120     rts6600_elf.lib : fseek.obj (.text:fseek)
                  847df640    00000120                     : ftell.obj (.text:ftell)
                  847df760    00000120     nettool_ipv4.ae66 : http.oe66 (.text:httpOpen)
                  847df880    00000120     stk_ppp_pppoe.ae66 : lcp.oe66 (.text:lcpOpen)
                  847df9a0    00000120                        : lcp.oe66 (.text:lcpReject)
                  847dfac0    00000120                        : socket.oe66 (.text:recv)
                  847dfbe0    00000120     sysbios.lib : BIOS.obj (.text:rtsUnlock$0)
                  847dfd00    00000120     stk_ppp_pppoe.ae66 : socket.oe66 (.text:send)
                  847dfe20    00000120                        : socket.oe66 (.text:setsockopt)
                  847dff40    00000120     ti.targets.rts6000.ae66 : LoggerBuf.oe66 (.text:xdc_runtime_LoggerBuf_setFilterLevel__F)
                  847e0060    00000120                             : Text.oe66 (.text:xdc_runtime_Text_putLab__F)
                  847e0180    00000100     nettool_ipv4.ae66 : config.oe66 (.text:CfgNew)
                  847e0280    00000100                       : config.oe66 (.text:CfgSetExecuteOrder)
                  847e0380    00000100     os.ae66 : ossys.oe66 (.text:DbgPrintf)
                  847e0480    00000100     stk_ppp_pppoe.ae66 : exec.oe66 (.text:ExecOpen)
                  847e0580    00000100     rts6600_elf.lib : trgdrv.obj (.text:HOSTlseek)
                  847e0680    00000100     stk_ppp_pppoe.ae66 : igmp.oe66 (.text:IGMPTimer)
                  847e0780    00000100                        : rtc.oe66 (.text:RTCMsg)
                  847e0880    00000100                        : rawethsock.oe66 (.text:RawEthSockCheck)
                  847e0980    00000100                        : route.oe66 (.text:RtRedirect)
                  847e0a80    00000100                        : sockint.oe66 (.text:SockValidateRoute)
                  847e0b80    00000100     nettool_ipv4.ae66 : dhcpsm.oe66 (.text:StateSelecting)
                  847e0c80    00000100     stk_ppp_pppoe.ae66 : tcpprot.oe66 (.text:TcpPrInherit)
                  847e0d80    00000100                        : tcptime.oe66 (.text:TcpXmitTimer)
                  847e0e80    00000100                        : rtable.oe66 (.text:_RtNodeRemove)
                  847e0f80    00000100     memAlloc.obj (.text:_ZN5zftdt9DetectionC1Ev)
                  847e1080    00000100     DPMMain.obj (.text:_ZNSt15basic_streambufIcSt11char_traitsIcEE6xsgetnEPci)
                  847e1180    00000100     DPMMain.obj (.text:_ZNSt15basic_streambufIcSt11char_traitsIcEE6xsputnEPKci)
                  847e1280    00000100     rts6600_elf.lib : wiostrea.obj (.text:_ZNSt15basic_streambufIwSt11char_traitsIwEE6xsputnEPKwi)
                  847e1380    00000100                     : _io_perm.obj (.text:_wrt_ok)
                  847e1480    00000100                     : fprintf.obj (.text:fprintf)
                  847e1580    00000100     stk_ppp_pppoe.ae66 : socket.oe66 (.text:getpeername)
                  847e1680    00000100     sysbios.lib : BIOS.obj (.text:initDevice$44)
                  847e1780    00000100     os.ae66 : mem.oe66 (.text:mmFree)
                  847e1880    00000100     stk_ppp_pppoe.ae66 : socket.oe66 (.text:socket)
                  847e1980    00000100     sysbios.lib : BIOS.obj (.text:ti_sysbios_family_c64p_EventCombiner_dispatch__F)
                  847e1a80    00000100     frame_pe66.oe66 (.text:ti_sysbios_family_c64p_Hwi_Object__create__S)
                  847e1b80    00000100     frame_pe66.oe66 (.text:ti_sysbios_hal_Hwi_Object__create__S)
                  847e1c80    00000100     sysbios.lib : BIOS.obj (.text:ti_sysbios_knl_Clock_startI__E)
                  847e1d80    00000100                 : BIOS.obj (.text:ti_sysbios_knl_Swi_restoreHwi__E)
                  847e1e80    00000100     frame_pe66.oe66 (.text:ti_sysbios_knl_Task_Object__create__S)
                  847e1f80    00000100     stk_ppp_pppoe.ae66 : lliin.oe66 (.text:updateRtTable)
                  847e2080    00000100     ti.targets.rts6000.ae66 : Core-mem.oe66 (.text:xdc_runtime_Core_deleteObject__I)
                  847e2180    00000100                             : LoggerBuf.oe66 (.text:xdc_runtime_LoggerBuf_getFilterLevel__F)
                  847e2280    00000100                             : Startup.oe66 (.text:xdc_runtime_Startup_exec__F)
                  847e2380    00000100                             : Text.oe66 (.text:xdc_runtime_Text_putMod__F)
                  847e2480    00000100                             : Text.oe66 (.text:xdc_runtime_Text_visitRope2__I)
                  847e2580    000000e0     nettool_ipv4.ae66 : config.oe66 (.text:CfgGetEntryCnt)
                  847e2660    000000e0                       : dhcpmain.oe66 (.text:DHCPClose)
                  847e2740    000000e0     rts6600_elf.lib : trgdrv.obj (.text:HOSTopen)
                  847e2820    000000e0                     : trgdrv.obj (.text:HOSTread)
                  847e2900    000000e0     stk_ppp_pppoe.ae66 : igmp.oe66 (.text:IGMPLeave)
                  847e29e0    000000e0                        : nimu.oe66 (.text:NIMUAllocateIndex)
                  847e2ac0    000000e0                        : nimu.oe66 (.text:NIMUAllocateName)
                  847e2ba0    000000e0                        : node.oe66 (.text:NodeDeRef)
                  847e2c80    000000e0                        : node.oe66 (.text:NodeNew)
                  847e2d60    000000e0                        : node.oe66 (.text:NodeTreeNew)
                  847e2e40    000000e0                        : pbm.oe66 (.text:PBMQ_enq)
                  847e2f20    000000e0                        : rawethsock.oe66 (.text:RawEthSockNotify)
                  847e3000    000000e0                        : rawethsock_pcb.oe66 (.text:RawEthSockPcbAttach)
                  847e30e0    000000e0                        : rawethsock.oe66 (.text:RawEthSockSend)
                  847e31c0    000000e0                        : route.oe66 (.text:RtDeRef)
                  847e32a0    000000e0                        : route.oe66 (.text:RtRemove)
                  847e3380    000000e0                        : sb.oe66 (.text:SBSetMax)
                  847e3460    000000e0                        : sock.oe66 (.text:SockDisconnect)
                  847e3540    000000e0                        : sockint.oe66 (.text:SockSpawnAbort)
                  847e3620    000000e0                        : tcpprot.oe66 (.text:TcpPrDetach)
                  847e3700    000000e0                        : tcpprot.oe66 (.text:TcpPrDisconnect)
                  847e37e0    000000e0                        : tcpprot.oe66 (.text:TcpValidateMetrics)
                  847e38c0    000000e0                        : timer.oe66 (.text:TimerListInsert)
                  847e39a0    000000e0                        : udp.oe66 (.text:UdpChecksum)
                  847e3a80    000000e0                        : vlan.oe66 (.text:VLANDeinit)
                  847e3b60    000000e0                        : vlan.oe66 (.text:VLANReceivePacket)
                  847e3c40    000000e0     nettool_ipv4.ae66 : config.oe66 (.text:_CfgEntryScan)
                  847e3d20    000000e0     rts6600_elf.lib : locale0.obj (.text:_Fac_tidy)
                  847e3e00    000000e0     stk_ppp_pppoe.ae66 : lli.oe66 (.text:_LLIExpListInsert)
                  847e3ee0    000000e0                        : rtable.oe66 (.text:_RtExpListInsert)
                  847e3fc0    000000e0     memAlloc.obj (.text:_ZN5zftdt9DetectionD1Ev)
                  847e40a0    000000e0     model.obj (.text:_ZNKSt7num_getIcSt19istreambuf_iteratorIcSt11char_traitsIcEEE6do_getES3_S3_RSt8ios_baseRNSt5_IosbIiE8_IostateERf)
                  847e4180    000000e0     model.obj (.text:_ZNKSt7num_getIcSt19istreambuf_iteratorIcSt11char_traitsIcEEE6do_getES3_S3_RSt8ios_baseRNSt5_IosbIiE8_IostateERl)
                  847e4260    000000e0     model.obj (.text:_ZNKSt7num_getIcSt19istreambuf_iteratorIcSt11char_traitsIcEEE6do_getES3_S3_RSt8ios_baseRNSt5_IosbIiE8_IostateERm)
                  847e4340    000000e0     model.obj (.text:_ZNKSt7num_getIcSt19istreambuf_iteratorIcSt11char_traitsIcEEE6do_getES3_S3_RSt8ios_baseRNSt5_IosbIiE8_IostateERx)
                  847e4420    000000e0     model.obj (.text:_ZNKSt7num_getIcSt19istreambuf_iteratorIcSt11char_traitsIcEEE6do_getES3_S3_RSt8ios_baseRNSt5_IosbIiE8_IostateERy)
                  847e4500    000000e0     DPMDtector.obj (.text:_ZNSdC2EPSt15basic_streambufIcSt11char_traitsIcEE)
                  847e45e0    000000e0     model.obj (.text:_ZNSs5eraseEjj)
                  847e46c0    000000e0     model.obj (.text:_ZNSt19istreambuf_iteratorIcSt11char_traitsIcEE5_PeekEv)
                  847e47a0    000000e0     model.obj (.text:_ZNSt19istreambuf_iteratorIcSt11char_traitsIcEEppEv)
                  847e4880    000000e0     model.obj (.text:_ZNSt19ostreambuf_iteratorIcSt11char_traitsIcEEaSEc)
                  847e4960    000000e0     convMixtureFastHelper.obj (.text:_ZNSt5_TreeISt12_Tset_traitsI6CvRect18PositionComparatorSaIS1_ELb0EEE5_CopyEPNSt9_Tree_nodIS4_E5_NodeES9_)
                  847e4a40    000000e0     rts6600_elf.lib : fltllid.obj (.text:__c6xabi_fltllid)
                  847e4b20    000000e0                     : divi.obj (.text:__divi)
                  847e4c00    000000e0                     : _printfi.obj (.text:_div)
                  847e4ce0    000000e0                     : atoi.obj (.text:atoi)
                  847e4dc0    000000e0     stk_ppp_pppoe.ae66 : socket.oe66 (.text:bind)
                  847e4ea0    000000e0     rts6600_elf.lib : lowlev.obj (.text:close)
                  847e4f80    000000e0     stk_ppp_pppoe.ae66 : socket.oe66 (.text:connect)
                  847e5060    000000e0     rts6600_elf.lib : copy_zero_init.obj (.text:decompress:ZI:__TI_zero_init)
                  847e5140    000000e0     alg_create.obj (.text:delete)
                  847e5220    000000e0     os.ae66 : efs.oe66 (.text:efs_internal_remove)
                  847e5300    000000e0     stk_ppp_pppoe.ae66 : file.oe66 (.text:fdint_lockfd)
                  847e53e0    000000e0                        : file.oe66 (.text:fdint_unlockfd)
                  847e54c0    000000e0     rts6600_elf.lib : fflush.obj (.text:fflush)
                  847e55a0    000000e0     nettool_ipv4.ae66 : httpclie.oe66 (.text:httpGetMimeBits)
                  847e5680    000000e0     os.ae66 : task.oe66 (.text:llExit)
                  847e5760    000000e0     rts6600_elf.lib : ltoa.obj (.text:ltoa)
                  847e5840    000000e0                     : memset.obj (.text:memset)
                  847e5920    000000e0     os.ae66 : mem.oe66 (.text:mmBulkAlloc)
                  847e5a00    000000e0     stk_ppp_pppoe.ae66 : nimuppp.oe66 (.text:pppFree)
                  847e5ae0    000000e0     rts6600_elf.lib : printf.obj (.text:printf)
                  847e5bc0    000000e0     sysbios.lib : BIOS.obj (.text:ti_sysbios_family_c64p_Hwi_Instance_finalize__F)
                  847e5ca0    000000e0                 : BIOS.obj (.text:ti_sysbios_family_c64p_Hwi_Instance_init__F)
                  847e5d80    000000e0                 : BIOS.obj (.text:ti_sysbios_knl_Clock_start__E)
                  847e5e60    000000e0                 : BIOS.obj (.text:ti_sysbios_timers_timer64_Timer_startup__E)
                  847e5f40    000000e0     ti.targets.rts6000.ae66 : Error.oe66 (.text:xdc_runtime_Error_print__F)
                  847e6020    000000e0     frame_pe66.oe66 (.text:xdc_runtime_LoggerBuf_Object__create__S)
                  847e6100    000000e0     ti.targets.rts6000.ae66 : Memory.oe66 (.text:xdc_runtime_Memory_alloc__F)
                  847e61e0    000000c0     rts6600_elf.lib : trgdrv.obj (.text:HOSTunlink)
                  847e62a0    000000c0                     : trgdrv.obj (.text:HOSTwrite)
                  847e6360    000000c0     stk_ppp_pppoe.ae66 : lli.oe66 (.text:LLIGetValidTime)
                  847e6420    000000c0                        : lli.oe66 (.text:LLIMsg)
                  847e64e0    000000c0                        : nimu.oe66 (.text:NIMUFindByName)
                  847e65a0    000000c0     netctrl_ipv4.ae66 : netsrv.oe66 (.text:NS_BootTask)
                  847e6660    000000c0     stk_ppp_pppoe.ae66 : node.oe66 (.text:NodeUpdatePL)
                  847e6720    000000c0     nettool_ipv4.ae66 : ipaddr.oe66 (.text:NtIfIdx2Ip)
                  847e67e0    000000c0     stk_ppp_pppoe.ae66 : pbm.oe66 (.text:PBM_copy)
                  847e68a0    000000c0     ti.drv.qmss.ae66 : qmss_drv.oe66 (.text:Qmss_setEoiVector)
                  847e6960    000000c0     stk_ppp_pppoe.ae66 : rtable.oe66 (.text:RtWalkBegin)
                  847e6a20    000000c0                        : sb.oe66 (.text:SBFlush)
                  847e6ae0    000000c0                        : sock.oe66 (.text:SockIntAbort)
                  847e6ba0    000000c0                        : sockpcb.oe66 (.text:SockPcbRtChange)
                  847e6c60    000000c0     os.ae66 : task.oe66 (.text:TaskGetEnv)
                  847e6d20    000000c0     stk_ppp_pppoe.ae66 : tcp.oe66 (.text:TcpChecksum)
                  847e6de0    000000c0                        : tcpprot.oe66 (.text:TcpClose)
                  847e6ea0    000000c0                        : tcptime.oe66 (.text:TcpTimeoutSackRexmt)
                  847e6f60    000000c0     rts6600_elf.lib : stox.obj (.text:_Stodx)
                  847e7020    000000c0                     : stox.obj (.text:_Stoldx)
                  847e70e0    000000c0                     : dtor_list.obj (.text:_Z11__TI_atexitPFYvPvES_S_)
                  847e71a0    000000c0                     : wiostrea.obj (.text:_ZNKSt5ctypeIwE10do_tolowerEPwPKw)
                  847e7260    000000c0                     : wiostrea.obj (.text:_ZNKSt7codecvtIwciE10do_unshiftERiPcS2_RS2_)
                  847e7320    000000c0     DPMDtector.obj (.text:_ZNSdD2Ev)
                  847e73e0    000000c0     model.obj (.text:_ZNSo5flushEv)
                  847e74a0    000000c0     rts6600_elf.lib : iostream.obj (.text:_ZNSt13basic_filebufIcSt11char_traitsIcEE5_InitEPSt4FILENS2_7_InitflE)
                  847e7560    000000c0     DPMDtector.obj (.text:_ZNSt15basic_stringbufIcSt11char_traitsIcESaIcEE5_TidyEv)
                  847e7620    000000c0     DPMDtector.obj (.text:_ZNSt15basic_stringbufIcSt11char_traitsIcESaIcEE9underflowEv)
                  847e76e0    000000c0     DPMDtector.obj (.text:_ZNSt18basic_stringstreamIcSt11char_traitsIcESaIcEED1Ev)
                  847e77a0    000000c0     convMixtureFastHelper.obj (.text:_ZNSt3setI6CvRect18PositionComparatorSaIS0_EEC1Ev)
                  847e7860    000000c0     rts6600_elf.lib : locale0.obj (.text:_ZNSt6locale7_LocimpC1Eb)
                  847e7920    000000c0                     : ios.obj (.text:_ZNSt8ios_baseD1Ev)
                  847e79e0    000000c0     DPMDtector.obj (.text:_ZTv0_n12_NSt18basic_stringstreamIcSt11char_traitsIcESaIcEED1Ev)
                  847e7aa0    000000c0     rts6600_elf.lib : dtor_list.obj (.text:__cxa_finalize)
                  847e7b60    000000c0                     : divu.obj (.text:__divu)
                  847e7c20    000000c0                     : remi.obj (.text:__remi)
                  847e7ce0    000000c0                     : fflush.obj (.text:_doflush)
                  847e7da0    000000c0                     : _io_perm.obj (.text:_rd_ok)
                  847e7e60    000000c0     ti.drv.cppi.ae66 : cppi_listlib.oe66 (.text:cppi_list_remove_node)
                  847e7f20    000000c0     nettool_ipv4.ae66 : dhcptags.oe66 (.text:dhcpOptionsClear)
                  847e7fe0    000000c0     os.ae66 : efs.oe66 (.text:efs_fopen)
                  847e80a0    000000c0     rts6600_elf.lib : exit.obj (.text:exit)
                  847e8160    000000c0     nettool_ipv4.ae66 : httpsend.oe66 (.text:httpSendFullResponse)
                  847e8220    000000c0     os.ae66 : mem.oe66 (.text:mmZeroInit)
                  847e82e0    000000c0     stk_ppp_pppoe.ae66 : nimuppp.oe66 (.text:pppAddIP)
                  847e83a0    000000c0     frame_pe66.oe66 (.text:ti_ndk_config_Global_stackThread)
                  847e8460    000000c0     sysbios.lib : BIOS.obj (.text:ti_sysbios_BIOS_errorRaiseHook__I)
                  847e8520    000000c0                 : BIOS.obj (.text:ti_sysbios_family_c66_Cache_setMar__E)
                  847e85e0    000000c0                 : BIOS.obj (.text:ti_sysbios_heaps_HeapMem_getStats__E)
                  847e86a0    000000c0                 : BIOS.obj (.text:ti_sysbios_knl_Clock_logTick__E)
                  847e8760    000000c0                 : BIOS.obj (.text:ti_sysbios_timers_timer64_Timer_stop__E)
                  847e8820    000000c0     ti.targets.rts6000.ae66 : LoggerBuf.oe66 (.text:xdc_runtime_LoggerBuf_Instance_init__F)
                  847e88e0    000000c0                             : System.oe66 (.text:xdc_runtime_System_formatNum__I)
                  847e89a0    000000a0     nettool_ipv4.ae66 : config.oe66 (.text:CfgEntryDeRef)
                  847e8a40    000000a0                       : config.oe66 (.text:CfgEntryGetData)
                  847e8ae0    000000a0                       : config.oe66 (.text:CfgGetImmediate)
                  847e8b80    000000a0                       : telnetd.oe66 (.text:CmdWriteBytes)
                  847e8c20    000000a0                       : telnetd.oe66 (.text:CmdWriteCmd)
                  847e8cc0    000000a0     ti.drv.cppi.ae66 : cppi_drv.oe66 (.text:Cppi_channelEnable)
                  847e8d60    000000a0     stk_ppp_pppoe.ae66 : file.oe66 (.text:FdSignalEvent)
                  847e8e00    000000a0     rts6600_elf.lib : trgdrv.obj (.text:HOSTclose)
                  847e8ea0    000000a0     stk_ppp_pppoe.ae66 : ipfrag.oe66 (.text:IPReasmFree)
                  847e8f40    000000a0                        : ipfrag.oe66 (.text:IPReasmTimeout)
                  847e8fe0    000000a0                        : lliin.oe66 (.text:LLIValidateRoute)
                  847e9080    000000a0                        : md5.oe66 (.text:MD5Final)
                  847e9120    000000a0                        : nimu.oe66 (.text:NIMUShutdown)
                  847e91c0    000000a0                        : nimu.oe66 (.text:NIMUUnregister)
                  847e9260    000000a0     nettool_ipv4.ae66 : ipaddr.oe66 (.text:NtAddNetwork)
                  847e9300    000000a0     stk_ppp_pppoe.ae66 : pbm.oe66 (.text:PBM_open)
                  847e93a0    000000a0                        : pipe.oe66 (.text:PipeCheck)
                  847e9440    000000a0     ti.drv.qmss.ae66 : qmss_drv.oe66 (.text:Qmss_queueClose)
                  847e94e0    000000a0                      : qmss_drv.oe66 (.text:Qmss_startCfg)
                  847e9580    000000a0     stk_ppp_pppoe.ae66 : rtable.oe66 (.text:RouteMsg)
                  847e9620    000000a0                        : route.oe66 (.text:RtNew)
                  847e96c0    000000a0                        : sb.oe66 (.text:SBFree)
                  847e9760    000000a0     os.ae66 : semaphore.oe66 (.text:SemCreate)
                  847e9800    000000a0     stk_ppp_pppoe.ae66 : sock.oe66 (.text:SockBind)
                  847e98a0    000000a0                        : sockpcb.oe66 (.text:SockCleanPcb)
                  847e9940    000000a0                        : sockpcb.oe66 (.text:SockPcbResolveChain)
                  847e99e0    000000a0     os.ae66 : task.oe66 (.text:TaskCreate)
                  847e9a80    000000a0     stk_ppp_pppoe.ae66 : tcpprot.oe66 (.text:TcpDrop)
                  847e9b20    000000a0                        : tcpprot.oe66 (.text:TcpPrCtlError)
                  847e9bc0    000000a0                        : tcpprot.oe66 (.text:TcpPrSend)
                  847e9c60    000000a0                        : tcpprot.oe66 (.text:TcpPrSendOOB)
                  847e9d00    000000a0                        : timer.oe66 (.text:TimerNew)
                  847e9da0    000000a0     nettool_ipv4.ae66 : config.oe66 (.text:_CfgRelease)
                  847e9e40    000000a0     stk_ppp_pppoe.ae66 : lli.oe66 (.text:_LLITimeoutFlush)
                  847e9ee0    000000a0     rts6600_elf.lib : locale0.obj (.text:_Setgloballocale)
                  847e9f80    000000a0     testAll.obj (.text:_ZN5zftdt6ResultC1Ev)
                  847ea020    000000a0     rts6600_elf.lib : wiostrea.obj (.text:_ZNKSt5ctypeIwE8do_widenEPKcS2_Pw)
                  847ea0c0    000000a0     model.obj (.text:_ZNKSt7num_putIcSt19ostreambuf_iteratorIcSt11char_traitsIcEEE5_IfmtEPcPKcNSt5_IosbIiE9_FmtflagsE)
                  847ea160    000000a0     convMixtureFastHelper.obj (.text:_ZNSt11logic_errorD1Ev)
                  847ea200    000000a0     convMixtureFastHelper.obj (.text:_ZNSt12length_errorD1Ev)
                  847ea2a0    000000a0     rts6600_elf.lib : string.obj (.text:_ZNSt12out_of_rangeC1ERKSs)
                  847ea340    000000a0     convMixtureFastHelper.obj (.text:_ZNSt12out_of_rangeD1Ev)
                  847ea3e0    000000a0     DPMMain.obj (.text:_ZNSt13basic_filebufIcSt11char_traitsIcEE9underflowEv)
[...]
84843e34   ti_sysbios_knl_Task_Module__loggerFxn2__C
84843e38   ti_sysbios_knl_Task_Module__loggerFxn4__C
84843e3c   ti_sysbios_knl_Task_Module__loggerObj__C
84843e40   ti_sysbios_knl_Task_Object__count__C
84843e44   ti_sysbios_knl_Task_Object__heap__C
84843e48   ti_sysbios_knl_Task_allBlockedFunc__C
84843e4c   ti_sysbios_knl_Task_defaultStackHeap__C
84843e50   ti_sysbios_knl_Task_defaultStackSize__C
84843e54   ti_sysbios_knl_Task_numConstructedTasks__C
84843e58   ti_sysbios_knl_Task_numPriorities__C
84843e5c   ti_sysbios_timers_timer64_Timer_A_notAvailable__C
84843e60   ti_sysbios_timers_timer64_Timer_E_cannotSupport__C
84843e64   ti_sysbios_timers_timer64_Timer_Module__diagsEnabled__C
84843e68   ti_sysbios_timers_timer64_Timer_Module__diagsIncluded__C
84843e6c   ti_sysbios_timers_timer64_Timer_Module__diagsMask__C
84843e70   ti_sysbios_timers_timer64_Timer_anyMask__C
84843e74   ti_sysbios_timers_timer64_Timer_freqDivisor__C
84843e78   ti_sysbios_timers_timer64_Timer_numLocalTimers__C
84843e7c   ti_sysbios_timers_timer64_Timer_numTimerDevices__C
84843e80   xdc_runtime_Assert_E_assertFailed__C
84843e84   xdc_runtime_Core_A_initializedParams__C
84843e88   xdc_runtime_Core_Module__diagsEnabled__C
84843e8c   xdc_runtime_Core_Module__diagsIncluded__C
84843e90   xdc_runtime_Core_Module__diagsMask__C
84843e94   xdc_runtime_Error_E_generic__C
84843e98   xdc_runtime_Error_E_memory__C
84843e9c   xdc_runtime_Error_Module__diagsEnabled__C
84843ea0   xdc_runtime_Error_Module__diagsIncluded__C
84843ea4   xdc_runtime_Error_Module__diagsMask__C
84843ea8   xdc_runtime_Error_Module__loggerFxn8__C
84843eac   xdc_runtime_Error_Module__loggerObj__C
84843eb0   xdc_runtime_Error_policy__C
84843eb4   xdc_runtime_Error_raiseHook__C
84843eb8   xdc_runtime_IFilterLogger_Interface__BASE__C
84843ebc   xdc_runtime_IGateProvider_Interface__BASE__C
84843ec0   xdc_runtime_IHeap_Interface__BASE__C
84843ec4   xdc_runtime_ILogger_Interface__BASE__C
84843ec8   xdc_runtime_IModule_Interface__BASE__C
84843ecc   xdc_runtime_Log_L_error__C
84843ed0   xdc_runtime_LoggerBuf_E_badLevel__C
84843ed4   xdc_runtime_LoggerBuf_Module__gateObj__C
84843ed8   xdc_runtime_LoggerBuf_Object__count__C
84843edc   xdc_runtime_LoggerBuf_statusLogger__C
84843ee0   xdc_runtime_Memory_defaultHeapInstance__C
84843ee4   xdc_runtime_Startup_execImpl__C
84843ee8   xdc_runtime_Startup_lastFxns__A
84843eec   xdc_runtime_Startup_maxPasses__C
84843ef0   xdc_runtime_Startup_sfxnRts__C
84843ef4   xdc_runtime_Startup_sfxnTab__C
84843ef8   xdc_runtime_System_Module__gateObj__C
84843efc   xdc_runtime_System_extendFxn__C
84843f00   xdc_runtime_System_maxAtexitHandlers__C
84843f04   xdc_runtime_Text_charTab__C
84843f08   xdc_runtime_Text_nameEmpty__C
84843f0c   xdc_runtime_Text_nameStatic__C
84843f10   xdc_runtime_Text_nameUnknown__C
84843f14   xdc_runtime_Text_nodeTab__C
84843f18   xdc_runtime_Text_visitRopeFxn__C
84843f20   _ZTSSd
84843f28   _ZTSSi
84843f30   _ZTSSo
84843f38   _ZZNKSt7num_putIcSt19ostreambuf_iteratorIcSt11char_traitsIcEEE6do_putES3_RSt8ios_basecPKvEs
84843f40   _ZZNKSt7num_putIcSt19ostreambuf_iteratorIcSt11char_traitsIcEEE6do_putES3_RSt8ios_baseclEs
84843f48   _ZZNKSt7num_putIcSt19ostreambuf_iteratorIcSt11char_traitsIcEEE6do_putES3_RSt8ios_basecmEs
84843f50   _ZZNKSt7num_putIcSt19ostreambuf_iteratorIcSt11char_traitsIcEEE6do_putES3_RSt8ios_basecxEs
84843f58   _ZZNKSt7num_putIcSt19ostreambuf_iteratorIcSt11char_traitsIcEEE6do_putES3_RSt8ios_basecyEs
84843f60   _ZZNKSt7num_putIcSt19ostreambuf_iteratorIcSt11char_traitsIcEEE5_FputES3_RSt8ios_basecPKcjjjjEs
84843f68   _ZZNKSt7num_putIcSt19ostreambuf_iteratorIcSt11char_traitsIcEEE5_FputES3_RSt8ios_basecPKcjjjjEs_0
84843f70   internalDataMemory
8484bf70   ti_sysbios_BIOS_Module__state__V
8484bf8c   ti_sysbios_family_c64p_EventCombiner_Module__state__V
8484c38c   ti_sysbios_family_c64p_Exception_Module__state__V
8484c3b8   ti_sysbios_family_c64p_Hwi_Module__root__V
8484c3c0   ti_sysbios_family_c64p_Hwi_Module__state__V
8484c428   ti_sysbios_family_c66_tci66xx_CpIntc_Module__state__V
8484c438   ti_sysbios_gates_GateHwi_Module__root__V
8484c440   ti_sysbios_gates_GateMutex_Module__root__V
8484c448   ti_sysbios_hal_Hwi_Module__root__V
8484c450   ti_sysbios_hal_Timer_Module__root__V
8484c458   ti_sysbios_heaps_HeapBuf_Module__root__V
8484c460   ti_sysbios_heaps_HeapBuf_Module__state__V
8484c464   ti_sysbios_heaps_HeapMem_Module__root__V
8484c46c   ti_sysbios_knl_Clock_Module__root__V
8484c474   ti_sysbios_knl_Clock_Module__state__V
8484c4a0   ti_sysbios_knl_Queue_Module__root__V
8484c4a8   ti_sysbios_knl_Semaphore_Module__root__V
8484c4b0   ti_sysbios_knl_Swi_Module__root__V
8484c4b8   ti_sysbios_knl_Swi_Module__state__V
8484c4d4   ti_sysbios_knl_Task_Module__root__V
8484c4dc   ti_sysbios_knl_Task_Module__state__V
8484c510   ti_sysbios_timers_timer64_Timer_Module__root__V
8484c518   ti_sysbios_timers_timer64_Timer_Module__state__V
8484c52c   xdc_runtime_Error_Module__state__V
8484c530   xdc_runtime_LoggerBuf_Module__root__V
8484c538   xdc_runtime_LoggerBuf_Module__state__V
8484c540   xdc_runtime_Memory_Module__state__V
8484c544   xdc_runtime_Registry_Module__state__V
8484c54c   xdc_runtime_Startup_Module__state__V
8484c554   xdc_runtime_System_Module__state__V
8484c560   xdc_runtime_Text_Module__state__V
8484c568   __xdc__init__addr
8484c56c   _ZNSt9_FacetptrISt5ctypeIcEE6_PsaveE
8484c570   ti_sysbios_family_c66_tci66xx_CpIntc_Module_State_0_dispatchTab__A
8484ca70   pHttpHeadbuffer
8484ce70   _ftable
8484d050   ti_sysbios_timers_timer64_Timer_Module_State_0_device__A
8484d1d0   qmssGblCfgParams
8484d2f0   ti_sysbios_knl_Task_Object__table__V
8484d380   TSK_idle
8484d3c8   _ipcfg
8484d47c   _ZNSt9_FacetptrISt5ctypeIwEE6_PsaveE
8484d5a8   ti_sysbios_knl_Swi_Module_State_0_readyQ__A
8484d628   ti_sysbios_knl_Task_Module_State_0_readyQ__A
8484d6a8   ti_sysbios_timers_timer64_Timer_Module_State_0_gctrl__A
8484d728   ti_sysbios_timers_timer64_Timer_Module_State_0_handles__A
8484d7a8   ti_sysbios_timers_timer64_Timer_Module_State_0_intFreqs__A
8484d8a0   cppiGblCfgParams
8484d918   ti_sysbios_family_c64p_Hwi_Object__table__V
8484d9f0   ti_sysbios_knl_Semaphore_Object__table__V
8484da50   IJPEGDEC_PARAMS
8484daa8   JPEGDEC_TI_IJPEGDEC
8484dad4   JPEGDEC_TI_IALG
8484daf8   NIMUDeviceTable
8484db50   ti_sysbios_family_c66_tci66xx_CpIntc_Module_State_0_hostIntToSysInt__A
8484db9c   _ZNSt9_FacetptrISt7codecvtIcciEE6_PsaveE
8484dba0   ti_sysbios_timers_timer64_Timer_Object__table__V
8484dbec   _ZNSt9_FacetptrISt7codecvtIwciEE6_PsaveE
8484ddf0   ti_sysbios_gates_GateMutex_Object__table__V
8484de68   C_locale
8484de9c   _ZNSt9_FacetptrISt7num_getIcSt19istreambuf_iteratorIcSt11char_traitsIcEEEE6_PsaveE
8484ded4   _cleanup_ptr
8484ded8   _dtors_ptr
8484dedc   __TI_enable_exit_profile_output
8484df10   ti_sysbios_knl_Swi_Object__table__V
8484df68   _oscfg
8484df8c   _ZNSt9_FacetptrISt7num_putIcSt19ostreambuf_iteratorIcSt11char_traitsIcEEEE6_PsaveE
8484df90   xdc_runtime_LoggerBuf_Object__table__V
8484dfb4   _ZNSt9_FacetptrISt8numpunctIcEE6_PsaveE
8484dff8   Qmss_highEoiVector
8484e020   pstrMsgName
8484e060   xdc_runtime_System_Module_State_0_atexitHandlers__A
8484e0a0   ti_ndk_config_Global_Id2Size
8484e0bc   _ft_end
8484e304   __errno
8484e304   errno
8484e334   _ZNSt8ios_base4Init9_Init_cntE
8484e364   _ZSt14_Raise_handler
8484e37c   _new_handler
8484e394   _ZNSt8ios_base6_IndexE
8484e398   _ZNSt8ios_base5_SyncE
8484e39c   _ZSt4_Fpz
8484e3b4   _ZNSt6_Winit9_Init_cntE
8484e3b8   ti_sysbios_family_c66_tci66xx_CpIntc_Module_State_0_initSIER__A
8484e3cc   cppiLObj
8484e3d0   ti_sysbios_heaps_HeapMem_Object__table__V
8484e3e4   paLObj
8484e6e4   _ZNSt6locale2id7_Id_cntE
8484e6e8   _ZNSt6locale7_Locimp8_ClocptrE
8484e6f8   Qmss_lowEoiVector
8484e788   ti_sysbios_family_c66_tci66xx_CpIntc_Module_State_0_controller__A
8484eea8   _lock
8484eeac   _unlock
8484eeb0   ti_sysbios_hal_Hwi_Object__table__V
8484eeb8   ti_sysbios_hal_Timer_Object__table__V
8484ef58   ti_sysbios_gates_GateHwi_Object__table__V
8484ef60   Qmss_cdmaEoiVector
8484ef80   queueFree
84850f80   qmssGObj
848513d8   gDeviceNandBBlist
84852604   gDeviceNand
8485263c   gDeviceNor
84852674   gDeviceEeprom0
848526ac   gDeviceEeprom1
848526e8   emac_port_mode
84852f08   __TI_STATIC_BASE
84852f08   inputData
84852f0c   handle
84852f10   resizeOption
84852f14   progressiveDecFlag
84852f18   RGB_Format
84852f1c   alpha_rgb
84852f20   outImgRes
84852f24   numMCU_row
84852f28   x_org
84852f2c   y_org
84852f30   x_length
84852f34   y_length
84852f90   Memory
84852f94   Size_external_persist
84852f98   Size_Internal_persist
84852f9c   Size_external_Scratch
84852fa0   Size_Internal_Scratch
84852fa4   _IGMPInDiscard
84852fa8   _IGMPInQuery
84852fac   _IGMPInQueryGroup
84852fb0   _IGMPInResponse
84852fb4   _IGMPOutResponse
84852fc8   gTxCmdReturnQHnd
84852fcc   gTxCmdFreeQHnd
84852fd0   ethSemHandle
84852fec   _ZGVNSt7codecvtIcciE2idE
84852ff0   _ZGVNSt7num_getIcSt19istreambuf_iteratorIcSt11char_traitsIcEEE2idE
84852ff4   _ZGVNSt7num_putIcSt19ostreambuf_iteratorIcSt11char_traitsIcEEE2idE
84852ff8   _ZGVNSt8numpunctIcE2idE
84853004   __dso_handle
84853014   icvNorm_Inf_8u_C1R_p
84853018   icvNormDiff_Inf_8u_C1R_p
8485301c   icvNorm_Inf_8u_C1MR_p
84853020   icvNormDiff_Inf_8u_C1MR_p
84853024   icvNorm_Inf_16u_C1R_p
84853028   icvNormDiff_Inf_16u_C1R_p
8485302c   icvNorm_Inf_16u_C1MR_p
84853030   icvNormDiff_Inf_16u_C1MR_p
84853034   icvNorm_Inf_16s_C1R_p
84853038   icvNormDiff_Inf_16s_C1R_p
8485303c   icvNorm_Inf_16s_C1MR_p
84853040   icvNormDiff_Inf_16s_C1MR_p
84853044   icvNorm_Inf_32s_C1R_p
84853048   icvNormDiff_Inf_32s_C1R_p
8485304c   icvNorm_Inf_32s_C1MR_p
84853050   icvNormDiff_Inf_32s_C1MR_p
84853054   icvNorm_Inf_32f_C1R_p
84853058   icvNormDiff_Inf_32f_C1R_p
8485305c   icvNorm_Inf_32f_C1MR_p
84853060   icvNormDiff_Inf_32f_C1MR_p
84853064   icvNorm_Inf_64f_C1R_p
84853068   icvNormDiff_Inf_64f_C1R_p
8485306c   icvNorm_Inf_64f_C1MR_p
84853070   icvNormDiff_Inf_64f_C1MR_p
84853074   icvNorm_L1_8u_C1R_p
84853078   icvNormDiff_L1_8u_C1R_p
8485307c   icvNorm_L1_8u_C1MR_p
84853080   icvNormDiff_L1_8u_C1MR_p
84853084   icvNorm_L1_16u_C1R_p
84853088   icvNormDiff_L1_16u_C1R_p
8485308c   icvNorm_L1_16u_C1MR_p
84853090   icvNormDiff_L1_16u_C1MR_p
84853094   icvNorm_L1_16s_C1R_p
84853098   icvNormDiff_L1_16s_C1R_p
8485309c   icvNorm_L1_16s_C1MR_p
848530a0   icvNormDiff_L1_16s_C1MR_p
848530a4   icvNorm_L1_32s_C1R_p
848530a8   icvNormDiff_L1_32s_C1R_p
848530ac   icvNorm_L1_32s_C1MR_p
848530b0   icvNormDiff_L1_32s_C1MR_p
848530b4   icvNorm_L1_32f_C1R_p
848530b8   icvNormDiff_L1_32f_C1R_p
848530bc   icvNorm_L1_32f_C1MR_p
848530c0   icvNormDiff_L1_32f_C1MR_p
848530c4   icvNorm_L1_64f_C1R_p
848530c8   icvNormDiff_L1_64f_C1R_p
848530cc   icvNorm_L1_64f_C1MR_p
848530d0   icvNormDiff_L1_64f_C1MR_p
848530d4   icvNorm_L2_8u_C1R_p
848530d8   icvNormDiff_L2_8u_C1R_p
848530dc   icvNorm_L2_8u_C1MR_p
848530e0   icvNormDiff_L2_8u_C1MR_p
848530e4   icvNorm_L2_16u_C1R_p
848530e8   icvNormDiff_L2_16u_C1R_p
848530ec   icvNorm_L2_16u_C1MR_p
848530f0   icvNormDiff_L2_16u_C1MR_p
848530f4   icvNorm_L2_16s_C1R_p
848530f8   icvNormDiff_L2_16s_C1R_p
848530fc   icvNorm_L2_16s_C1MR_p
84853100   icvNormDiff_L2_16s_C1MR_p
84853104   icvNorm_L2_32s_C1R_p
84853108   icvNormDiff_L2_32s_C1R_p
8485310c   icvNorm_L2_32s_C1MR_p
84853110   icvNormDiff_L2_32s_C1MR_p
84853114   icvNorm_L2_32f_C1R_p
84853118   icvNormDiff_L2_32f_C1R_p
8485311c   icvNorm_L2_32f_C1MR_p
84853120   icvNormDiff_L2_32f_C1MR_p
84853124   icvNorm_L2_64f_C1R_p
84853128   icvNormDiff_L2_64f_C1R_p
8485312c   icvNorm_L2_64f_C1MR_p
84853130   icvNormDiff_L2_64f_C1MR_p
84853138   icvResize_8u_C1R_p
8485313c   icvResize_8u_C3R_p
84853140   icvResize_8u_C4R_p
84853144   icvResize_16u_C1R_p
84853148   icvResize_16u_C3R_p
8485314c   icvResize_16u_C4R_p
84853150   icvResize_32f_C1R_p
84853154   icvResize_32f_C3R_p
84853158   icvResize_32f_C4R_p
8485315c   icvWarpAffineBack_8u_C1R_p
84853160   icvWarpAffineBack_8u_C3R_p
84853164   icvWarpAffineBack_8u_C4R_p
84853168   icvWarpAffineBack_32f_C1R_p
8485316c   icvWarpAffineBack_32f_C3R_p
84853170   icvWarpAffineBack_32f_C4R_p
84853174   icvWarpPerspectiveBack_8u_C1R_p
84853178   icvWarpPerspectiveBack_8u_C3R_p
8485317c   icvWarpPerspectiveBack_8u_C4R_p
84853180   icvWarpPerspectiveBack_32f_C1R_p
84853184   icvWarpPerspectiveBack_32f_C3R_p
84853188   icvWarpPerspectiveBack_32f_C4R_p
8485318c   icvWarpPerspective_8u_C1R_p
84853190   icvWarpPerspective_8u_C3R_p
84853194   icvWarpPerspective_8u_C4R_p
84853198   icvWarpPerspective_32f_C1R_p
8485319c   icvWarpPerspective_32f_C3R_p
848531a0   icvWarpPerspective_32f_C4R_p
848531a4   icvRemap_8u_C1R_p
848531a8   icvRemap_8u_C3R_p
848531ac   icvRemap_8u_C4R_p
848531b0   icvRemap_32f_C1R_p
848531b4   icvRemap_32f_C3R_p
848531b8   icvRemap_32f_C4R_p
848531d4   icvCopy_8u_C2P2R_p
848531d8   icvCopy_8u_C3P3R_p
848531dc   icvCopy_8u_C4P4R_p
848531e0   icvCopy_16s_C2P2R_p
848531e4   icvCopy_16s_C3P3R_p
848531e8   icvCopy_16s_C4P4R_p
848531ec   icvCopy_32f_C2P2R_p
848531f0   icvCopy_32f_C3P3R_p
848531f4   icvCopy_32f_C4P4R_p
848531f8   icvCopy_64f_C2P2R_p
848531fc   icvCopy_64f_C3P3R_p
84853200   icvCopy_64f_C4P4R_p
84853204   icvCopy_8u_CnC1CR_p
84853208   icvCopy_16s_CnC1CR_p
8485320c   icvCopy_32f_CnC1CR_p
84853210   icvCopy_64f_CnC1CR_p
84853214   icvCopy_8u_P2C2R_p
84853218   icvCopy_8u_P3C3R_p
8485321c   icvCopy_8u_P4C4R_p
84853220   icvCopy_16s_P2C2R_p
84853224   icvCopy_16s_P3C3R_p
84853228   icvCopy_16s_P4C4R_p
8485322c   icvCopy_32f_P2C2R_p
84853230   icvCopy_32f_P3C3R_p
84853234   icvCopy_32f_P4C4R_p
84853238   icvCopy_64f_P2C2R_p
8485323c   icvCopy_64f_P3C3R_p
84853240   icvCopy_64f_P4C4R_p
84853244   icvCopy_8u_C1CnCR_p
84853248   icvCopy_16s_C1CnCR_p
8485324c   icvCopy_32f_C1CnCR_p
84853250   icvCopy_64f_C1CnCR_p
84853254   icvCvt_32f64f_p
84853258   icvCvt_64f32f_p
8485326c   icvSum_8u_C1R_p
84853270   icvSum_8u_C2R_p
84853274   icvSum_8u_C3R_p
84853278   icvSum_8u_C4R_p
8485327c   icvSum_16u_C1R_p
84853280   icvSum_16u_C2R_p
84853284   icvSum_16u_C3R_p
84853288   icvSum_16u_C4R_p
8485328c   icvSum_16s_C1R_p
84853290   icvSum_16s_C2R_p
84853294   icvSum_16s_C3R_p
84853298   icvSum_16s_C4R_p
8485329c   icvSum_32s_C1R_p
848532a0   icvSum_32s_C2R_p
848532a4   icvSum_32s_C3R_p
848532a8   icvSum_32s_C4R_p
848532ac   icvSum_32f_C1R_p
848532b0   icvSum_32f_C2R_p
848532b4   icvSum_32f_C3R_p
848532b8   icvSum_32f_C4R_p
848532bc   icvSum_64f_C1R_p
848532c0   icvSum_64f_C2R_p
848532c4   icvSum_64f_C3R_p
848532c8   icvSum_64f_C4R_p
848532cc   icvCountNonZero_8u_C1R_p
848532d0   icvCountNonZero_16s_C1R_p
848532d4   icvCountNonZero_32s_C1R_p
848532d8   icvCountNonZero_32f_C1R_p
848532dc   icvCountNonZero_64f_C1R_p
848532e8   icvCopy_8u_C1R_p
848532ec   icvSet_8u_C1MR_p
848532f0   icvSet_16s_C1MR_p
848532f4   icvSet_8u_C3MR_p
848532f8   icvSet_8u_C4MR_p
848532fc   icvSet_16s_C3MR_p
84853300   icvSet_16s_C4MR_p
84853304   icvSet_32f_C3MR_p
84853308   icvSet_32f_C4MR_p
8485330c   icvSet_64s_C3MR_p
84853310   icvSet_64s_C4MR_p
84853314   icvCopy_8u_C1MR_p
84853318   icvCopy_16s_C1MR_p
8485331c   icvCopy_8u_C3MR_p
84853320   icvCopy_8u_C4MR_p
84853324   icvCopy_16s_C3MR_p
84853328   icvCopy_16s_C4MR_p
8485332c   icvCopy_32f_C3MR_p
84853330   icvCopy_32f_C4MR_p
84853334   icvCopy_64s_C3MR_p
84853338   icvCopy_64s_C4MR_p
8485333c   icvSetByte_8u_C1R_p
8485334c   icvBLAS_GEMM_32f_p
84853350   icvBLAS_GEMM_64f_p
84853354   icvBLAS_GEMM_32fc_p
84853358   icvBLAS_GEMM_64fc_p
8485335c   icvColorTwist_8u_C3R_p
84853360   icvColorTwist_16u_C3R_p
84853364   icvColorTwist_16s_C3R_p
84853368   icvColorTwist_32f_C3R_p
8485336c   icvColorTwist_32f_C4R_p
84853370   icvColorToGray_8u_C3C1R_p
84853374   icvColorToGray_16u_C3C1R_p
84853378   icvColorToGray_16s_C3C1R_p
8485337c   icvColorToGray_32f_C3C1R_p
84853380   icvColorToGray_8u_AC4C1R_p
84853384   icvColorToGray_16u_AC4C1R_p
84853388   icvColorToGray_16s_AC4C1R_p
8485338c   icvColorToGray_32f_AC4C1R_p
848533ac   icvAdd_8u_C1R_p
848533b0   icvAdd_16u_C1R_p
848533b4   icvAdd_16s_C1R_p
848533b8   icvAdd_32s_C1R_p
848533bc   icvAdd_32f_C1R_p
848533c0   icvAdd_64f_C1R_p
848533c4   icvSub_8u_C1R_p
848533c8   icvSub_16u_C1R_p
848533cc   icvSub_16s_C1R_p
848533d0   icvSub_32s_C1R_p
848533d4   icvSub_32f_C1R_p
848533d8   icvSub_64f_C1R_p
848533f8   CONTENT_TYPE_APPLET
848533fc   CONTENT_TYPE_AU
84853400   CONTENT_TYPE_CSS
84853404   CONTENT_TYPE_DOC
84853408   CONTENT_TYPE_GIF
8485340c   CONTENT_TYPE_HTML
84853410   CONTENT_TYPE_JPG
84853414   CONTENT_TYPE_MPEG
84853418   CONTENT_TYPE_PDF
8485341c   CONTENT_TYPE_WAV
84853420   CONTENT_TYPE_ZIP
84853424   CONTENT_TYPE
84853428   CONTENT_LENGTH
8485342c   CRLF
84853430   DEFAULT_NAME
84853434   HTTP_VER
84853438   SPACE
8485343c   icvMinMaxIndx_8u_C1R_p
84853440   icvMinMaxIndx_16u_C1R_p
84853444   icvMinMaxIndx_16s_C1R_p
84853448   icvMinMaxIndx_32s_C1R_p
8485344c   icvMinMaxIndx_32f_C1R_p
84853450   icvMinMaxIndx_64f_C1R_p
84853454   icvMinMaxIndx_8u_C1MR_p
84853458   icvMinMaxIndx_16u_C1MR_p
8485345c   icvMinMaxIndx_16s_C1MR_p
84853460   icvMinMaxIndx_32s_C1MR_p
84853464   icvMinMaxIndx_32f_C1MR_p
84853468   icvMinMaxIndx_64f_C1MR_p
84853470   icvFastArctan_32f_p
84853474   icvInvSqrt_32f_p
84853478   icvSqrt_32f_p
8485347c   icvSqrt_64f_p
84853480   icvInvSqrt_64f_p
84853484   icvExp_32f_p
84853488   icvExp_64f_p
8485348c   icvLog_32f_p
84853490   icvLog_64f_p
84853494   icvCheckArray_32f_C1R_p
84853498   icvCheckArray_64f_C1R_p
848534a0   pMotorParam0
848534a4   pMotorParam1
848534a8   pMotorParam2
848534ac   pMotorParam3
848534b0   pMotorParam4
848534b4   pMotorParam5
848534b8   pMotorParam6
848534bc   pMotorParam7
848534c0   pMotorParam8
848534c4   pMotorParam9
848534c8   pMotorParam10
848534cc   pMotorParam11
848534d0   VerStr
848534d4   debuginfoLength
848534d8   LocalIPAddr
848534dc   PCStaticIP
848534e0   EVMStaticIP
848534e4   LocalIPMask
848534e8   GatewayIP
848534ec   DomainName
848534f0   HostName
848534f4   DNSServer
848534f8   PITCount
848534fc   PITUsed
84853500   PITHigh
84853560   pInternalDataMemory
84853564   internalDataMemorySize
84853568   pExternalDataMemory
8485356c   externalDataMemorySize
84853578   _IGMPForceVersion1
84853594   inputSrc
84853598   jpegPicLength
848535ac   _ICMPInErrors
848535b0   _ICMPOutErrors
848535b4   _IPExecuting
848535dc   tcp_iss
848535e0   ptTimeFirst
848535ec   platform_errno
848535f0   platform_init_return_code
848535f4   _ZN5zftdt12g_DPM_memoryE
8485360c   g_DownloadFlags
84853618   httpErrorResponseHook
84853624   _IPReasmPtr
84853638   qmssLObjIsValid
8485363c   heap0
84853640   g_readSemaphore
84853644   g_writeSemaphore
84853648   gRecvSemaphore
8485364c   gSendSemaphore
84853650   ti_ndk_config_Global_rawPageSize
84853654   ti_ndk_config_Global_rawPageCount
84853658   ti_ndk_config_Global_smallest
8485365c   ti_ndk_config_Global_largest
84853660   ti_ndk_config_Global_numFrameBuf
84853664   ti_ndk_config_Global_sizeFrameBuf
84853668   __CIOBUF_
84853788   __TI_INITARRAY_Base
848537bc   __TI_INITARRAY_Limit
84853800   ti_sysbios_family_c64p_Hwi0
84853820   ti_sysbios_family_c64p_Hwi1
84853840   ti_sysbios_family_c64p_Hwi2
84853860   ti_sysbios_family_c64p_Hwi3
84853880   ti_sysbios_family_c64p_Hwi4
848538a0   ti_sysbios_family_c64p_Hwi5
848538c0   ti_sysbios_family_c64p_Hwi6
848538e0   ti_sysbios_family_c64p_Hwi7
84853900   ti_sysbios_family_c64p_Hwi8
84853920   ti_sysbios_family_c64p_Hwi9
84853940   ti_sysbios_family_c64p_Hwi10
84853960   ti_sysbios_family_c64p_Hwi11
84853980   ti_sysbios_family_c64p_Hwi12
848539a0   ti_sysbios_family_c64p_Hwi13
848539c0   ti_sysbios_family_c64p_Hwi14
848539e0   ti_sysbios_family_c64p_Hwi15
84853a00   cppiObject
84856350   __TI_Handler_Table_Base
8485635c   __TI_Handler_Table_Limit
848563b8   __TI_CINIT_Base
84856430   __TI_CINIT_Limit
ffffffff   __TI_pprof_out_hndl
ffffffff   __TI_prof_data_size
ffffffff   __TI_prof_data_start
ffffffff   __binit__
ffffffff   __c_args__
ffffffff   binit

[2996 symbols]
