******************************************************************************
               TMS320C6x Linker Unix v7.4.16                   
******************************************************************************
>> Linked Wed Jan 13 09:52:35 2016

OUTPUT FILE NAME:   <../out/DSPC8681_framework.out>
ENTRY POINT SYMBOL: "_c_int00"  address: 847ea260


MEMORY CONFIGURATION

         name            origin    length      used     unused   attr    fill
----------------------  --------  ---------  --------  --------  ----  --------
  L2SRAM                00800000   00080000  00006840  000797c0  RW X
  L1PSRAM               00e00000   00008000  00000000  00008000  RW X
  L1DSRAM               00f00000   00008000  00000000  00008000  RW  
  MSMCSRAM              0c000000   00400000  00000000  00400000  RW X
  DDR3                  80000000   1f400000  048553cc  1abaac34  RW X
  WtSpace               9f400000   1f400000  00000000  1f400000  RW X
  RdSpace               be800000   01800000  00000000  01800000  RW X


SEGMENT ALLOCATION MAP

run origin  load origin   length   init length attrs members
----------  ----------- ---------- ----------- ----- -------
00800000    00800000    00006488   00000000    rw-
  00800000    00800000    00004000   00000000    rw- .resmgr_memregion
  00804000    00804000    00001488   00000000    rw- .resmgr_pa
  00805488    00805488    00001000   00000000    rw- .stack
00806500    00806500    00000318   00000318    rw-
  00806500    00806500    00000318   00000318    rw- .nimu_eth_ll2
00806820    00806820    000000a0   00000000    rw-
  00806820    00806820    000000a0   00000000    rw- .resmgr_handles
80000000    80000000    0368f0b4   00000000    rw-
  80000000    80000000    01f20000   00000000    rw- .extDataMem
  81f20000    81f20000    0176f0b4   00000000    rw- .far
8368f0b8    8368f0b8    00fff000   00000000    rw-
  8368f0b8    8368f0b8    00fff000   00000000    rw- systemHeap
8468e0c0    8468e0c0    001b4f02   001b4f02    r-x
  8468e0c0    8468e0c0    00167c80   00167c80    r-x .text
  847f5d40    847f5d40    0004d282   0004d282    r-- .const
84842fc8    84842fc8    00008000   00000000    rw-
  84842fc8    84842fc8    00008000   00000000    rw- .intDataMem
8484afd0    8484afd0    00002fc2   00002fc2    rw-
  8484afd0    8484afd0    00002fc2   00002fc2    rw- .fardata
8484df94    8484df94    00000060   00000060    r--
  8484df94    8484df94    00000060   00000060    r-- .switch.1
8484e000    8484e000    00002400   00000000    rw-
  8484e000    8484e000    00002400   00000000    rw- .qmss
84850400    84850400    00001370   00001370    rw-
  84850400    84850400    00001370   00001370    rw- platform_lib
84851770    84851770    000007d0   000007d0    r--
  84851770    84851770    000007d0   000007d0    r-- .switch.2
84851f40    84851f40    0000010c   00000000    rw-
  84851f40    84851f40    0000010c   00000000    rw- .bss
8485204c    8485204c    00000625   00000625    rw-
  8485204c    8485204c    00000625   00000625    rw- .neardata
84852674    84852674    00000024   00000024    r--
  84852674    84852674    00000024   00000024    r-- .rodata
84852698    84852698    00000120   00000000    rw-
  84852698    84852698    00000120   00000000    rw- .cio
848527b8    848527b8    00000034   00000034    r--
  848527b8    848527b8    00000034   00000034    r-- .init_array
84852800    84852800    00000200   00000200    r-x
  84852800    84852800    00000200   00000200    r-x .vecs
84852a00    84852a00    00000200   00000000    rw-
  84852a00    84852a00    00000200   00000000    rw- .cppi
84852c00    84852c00    00002808   00002808    r--
  84852c00    84852c00    00002808   00002808    r-- .cinit


SECTION ALLOCATION MAP

 output                                  attributes/
section   page    origin      length       input sections
--------  ----  ----------  ----------   ----------------
.resmgr_memregion 
*          0    00800000    00004000     UNINITIALIZED
                  00800000    00004000     resourcemgr.obj (.resmgr_memregion)

.resmgr_pa 
*          0    00804000    00001488     UNINITIALIZED
                  00804000    00001488     resourcemgr.obj (.resmgr_pa)

.stack     0    00805488    00001000     UNINITIALIZED
                  00805488    00000008     boot.ae66 : boot.oe66 (.stack)
                  00805490    00000ff8     --HOLE--

.nimu_eth_ll2 
*          0    00806500    00000318     
                  00806500    00000308     ti.transport.ndk.nimu.ae66 : nimu_eth.obj (.nimu_eth_ll2:uninit) [fill = 0]
                  00806808    00000010                                : nimu_eth.obj (.nimu_eth_ll2:init)

.resmgr_handles 
*          0    00806820    000000a0     UNINITIALIZED
                  00806820    000000a0     resourcemgr.obj (.resmgr_handles)

xdc.meta   0    80000000    000000f8     COPY SECTION
                  80000000    000000f8     frame_pe66.oe66 (xdc.meta)

.extDataMem 
*          0    80000000    01f20000     UNINITIALIZED
                  80000000    01f20000     alg_malloc.obj (.extDataMem)

.far       0    81f20000    0176f0b4     UNINITIALIZED
                  81f20000    00c801b8     TestAppDecoder.obj (.far)
                  82ba01b8    00500094     main.obj (.far)
                  830a024c    00000004     rts6600_elf.lib : wlocale.obj (.far:_ZGVNSt10moneypunctIwLb0EE2idE)
                  830a0250    00302b00     http.obj (.far)
                  833a2d50    00280000     HOG.obj (.far)
                  83622d50    00000030     stk_ppp_pppoe.ae66 : udp.oe66 (.far)
                  83622d80    00051900                        : pbm_data.oe66 (.far:NDK_PACKETMEM)
                  83674680    0000c1c0     os.ae66 : mem_data.oe66 (.far:NDK_MMBUFFER)
                  83680840    00004110     OpenCV_6678.lib : cvimgwarp.obj (.far)
                  83684950    00003c00     frame_pe66.oe66 (.far:taskStackSection)
                  83688550    00003100     OpenCV_6678.lib : cxmatmul.obj (.far)
                  8368b650    000010a0                     : cxconvert.obj (.far)
                  8368c6f0    00000860                     : cxsumpixels.obj (.far)
                  8368cf50    00000818     frame_pe66.oe66 (.far)
                  8368d768    00000300     OpenCV_6678.lib : cxnorm.obj (.far)
                  8368da68    00000008     rts6600_elf.lib : trgdrv.obj (.far)
                  8368da70    00000270     nettool_ipv4.ae66 : daemon.oe66 (.far)
                  8368dce0    000001d8     rts6600_elf.lib : wiostrea.obj (.far)
                  8368deb8    000001d4                     : iostream.obj (.far)
                  8368e08c    0000018c     OpenCV_6678.lib : cxcopy.obj (.far)
                  8368e218    00000148                     : cxmatrix.obj (.far)
                  8368e360    00000140     rts6600_elf.lib : defs.obj (.far)
                  8368e4a0    00000120     ti.drv.qmss.ae66 : qmss_drv.oe66 (.far)
                  8368e5c0    00000110     stk_ppp_pppoe.ae66 : igmp.oe66 (.far)
                  8368e6d0    00000100     OpenCV_6678.lib : cxarithm.obj (.far)
                  8368e7d0    00000100                     : cxerror.obj (.far)
                  8368e8d0    000000d8     netctrl_ipv4.ae66 : netsrv.oe66 (.far)
                  8368e9a8    000000c4     stk_ppp_pppoe.ae66 : tcp.oe66 (.far)
                  8368ea6c    00000004     rts6600_elf.lib : wlocale.obj (.far:_ZGVNSt10moneypunctIwLb1EE2idE)
                  8368ea70    0000009c     stk_ppp_pppoe.ae66 : icmp.oe66 (.far)
                  8368eb0c    0000009a     DPM.obj (.far)
                  8368eba6    00000002     DPMDtector.obj (.far)
                  8368eba8    0000008a     DPMMain.obj (.far)
                  8368ec32    00000002     memAlloc.obj (.far)
                  8368ec34    00000080     OpenCV_6678.lib : cxminmaxloc.obj (.far)
                  8368ecb4    0000000c     rts6600_elf.lib : locale0.obj (.far)
                  8368ecc0    0000007c     os.ae66 : mem.oe66 (.far)
                  8368ed3c    00000068     stk_ppp_pppoe.ae66 : ip.oe66 (.far)
                  8368eda4    00000004     rts6600_elf.lib : wlocale.obj (.far:_ZGVNSt7collateIwE2idE)
                  8368eda8    00000060     OpenCV_6678.lib : cxrand.obj (.far)
                  8368ee08    00000060     stk_ppp_pppoe.ae66 : nimu.oe66 (.far)
                  8368ee68    00000050     OpenCV_6678.lib : cxlut.obj (.far)
                  8368eeb8    00000044     ti.platform.dspc8681.ae66 : evmc66x_i2c_eeprom.obj (.far)
                  8368eefc    0000003e     convMixtureFastHelper.obj (.far)
                  8368ef3a    00000002     mixture.obj (.far)
                  8368ef3c    00000004     rts6600_elf.lib : wlocale.obj (.far:_ZGVNSt7num_getIwSt19istreambuf_iteratorIwSt11char_traitsIwEEE2idE)
                  8368ef40    00000030     ti.transport.ndk.nimu.ae66 : nimu_eth.obj (.far)
                  8368ef70    00000028     stk_ppp_pppoe.ae66 : vlan.oe66 (.far)
                  8368ef98    00000020     OpenCV_6678.lib : cxmathfuncs.obj (.far)
                  8368efb8    00000020     resourcemgr.obj (.far)
                  8368efd8    00000014     OpenCV_6678.lib : cxarray.obj (.far)
                  8368efec    00000004     rts6600_elf.lib : wlocale.obj (.far:_ZGVNSt7num_putIwSt19ostreambuf_iteratorIwSt11char_traitsIwEEE2idE)
                  8368eff0    00000014     stk_ppp_pppoe.ae66 : rtc.oe66 (.far)
                  8368f004    00000010     netctrl_ipv4.ae66 : netctrl.oe66 (.far)
                  8368f014    00000010     stk_ppp_pppoe.ae66 : raw.oe66 (.far)
                  8368f024    00000010                        : raweth.oe66 (.far)
                  8368f034    0000000e     testAll.obj (.far)
                  8368f042    00000002     model.obj (.far)
                  8368f044    0000000c     stk_ppp_pppoe.ae66 : pbm.oe66 (.far)
                  8368f050    00000004     rts6600_elf.lib : wlocale.obj (.far:_ZGVNSt8messagesIwE2idE)
                  8368f054    00000004                     : wlocale.obj (.far:_ZGVNSt8numpunctIwE2idE)
                  8368f058    00000004                     : wlocale.obj (.far:_ZGVNSt8time_getIwSt19istreambuf_iteratorIwSt11char_traitsIwEEE2idE)
                  8368f05c    00000004                     : wlocale.obj (.far:_ZGVNSt9money_getIwSt19istreambuf_iteratorIwSt11char_traitsIwEEE2idE)
                  8368f060    00000004                     : wlocale.obj (.far:_ZGVNSt9money_putIwSt19ostreambuf_iteratorIwSt11char_traitsIwEEE2idE)
                  8368f064    00000004                     : wlocale.obj (.far:_ZNSt10moneypunctIwLb0EE2idE)
                  8368f068    00000004                     : wlocale.obj (.far:_ZNSt10moneypunctIwLb1EE2idE)
                  8368f06c    00000004     DPMMain.obj (.far:_ZNSt13basic_filebufIcSt11char_traitsIcEE7_StinitE)
                  8368f070    00000004     rts6600_elf.lib : wiostrea.obj (.far:_ZNSt13basic_filebufIwSt11char_traitsIwEE7_StinitE)
                  8368f074    00000004     DPMMain.obj (.far:_ZNSt4fposIiE4_StzE)
                  8368f078    00000004     DPMMain.obj (.far:_ZNSt7codecvtIcciE2idE)
                  8368f07c    00000004     rts6600_elf.lib : wlocale.obj (.far:_ZNSt7collateIwE2idE)
                  8368f080    00000004     model.obj (.far:_ZNSt7num_getIcSt19istreambuf_iteratorIcSt11char_traitsIcEEE2idE)
                  8368f084    00000004     rts6600_elf.lib : wlocale.obj (.far:_ZNSt7num_getIwSt19istreambuf_iteratorIwSt11char_traitsIwEEE2idE)
                  8368f088    00000004     model.obj (.far:_ZNSt7num_putIcSt19ostreambuf_iteratorIcSt11char_traitsIcEEE2idE)
                  8368f08c    00000004     rts6600_elf.lib : wlocale.obj (.far:_ZNSt7num_putIwSt19ostreambuf_iteratorIwSt11char_traitsIwEEE2idE)
                  8368f090    00000004                     : wlocale.obj (.far:_ZNSt8messagesIwE2idE)
                  8368f094    00000004     model.obj (.far:_ZNSt8numpunctIcE2idE)
                  8368f098    00000004     rts6600_elf.lib : wlocale.obj (.far:_ZNSt8numpunctIwE2idE)
                  8368f09c    00000004                     : wlocale.obj (.far:_ZNSt8time_getIwSt19istreambuf_iteratorIwSt11char_traitsIwEEE2idE)
                  8368f0a0    00000004                     : wlocale.obj (.far:_ZNSt8time_putIwSt19ostreambuf_iteratorIwSt11char_traitsIwEEE2idE)
                  8368f0a4    00000004                     : wlocale.obj (.far:_ZNSt9money_getIwSt19istreambuf_iteratorIwSt11char_traitsIwEEE2idE)
                  8368f0a8    00000004                     : wlocale.obj (.far:_ZNSt9money_putIwSt19ostreambuf_iteratorIwSt11char_traitsIwEEE2idE)
                  8368f0ac    00000004                     : wlocale.obj (.far)
                  8368f0b0    00000004     stk_ppp_pppoe.ae66 : rawethsock_pcb.oe66 (.far)

systemHeap 
*          0    8368f0b8    00fff000     UNINITIALIZED
                  8368f0b8    00fff000     frame_pe66.oe66 (systemHeap)

.text      0    8468e0c0    00167c80     
                  8468e0c0    0002a060     OpenCV_6678.lib : cxmatmul.obj (.text)
                  846b8120    000228e0     jpegdec_ti.le66 (.text:JPEGIDEC_TI_cSect)
                  846daa00    0001d840     OpenCV_6678.lib : cxconvert.obj (.text)
                  846f8240    0001bbe0                     : cxarithm.obj (.text)
                  84713e20    0000e6e0                     : cxnorm.obj (.text)
                  84722500    0000caa0                     : cxsumpixels.obj (.text)
                  8472efa0    0000c4e0                     : cvimgwarp.obj (.text)
                  8473b480    0000ac00                     : cxdatastructs.obj (.text)
                  84746080    0000a8c0                     : cxarray.obj (.text)
                  84750940    00008220                     : cxmatrix.obj (.text)
                  84758b60    000076e0                     : cxmathfuncs.obj (.text)
                  84760240    00006160                     : cxsvd.obj (.text)
                  847663a0    00005440                     : cxcopy.obj (.text)
                  8476b7e0    00004a00                     : cxrand.obj (.text)
                  847701e0    00003900     convMixtureFastHelper.obj (.text)
                  84773ae0    00003560     OpenCV_6678.lib : cxminmaxloc.obj (.text)
                  84777040    000030e0     DPM.obj (.text)
                  8477a120    00002e00     OpenCV_6678.lib : cxlut.obj (.text)
                  8477cf20    000028c0                     : cxutils.obj (.text)
                  8477f7e0    000021a0     HOG.obj (.text)
                  84781980    00002100     ti.platform.dspc8681.ae66 : platform.obj (.text)
                  84783a80    00001e20     ti.transport.ndk.nimu.ae66 : nimu_eth.obj (.text)
                  847858a0    00001c40     ti.platform.dspc8681.ae66 : dspc8681.obj (.text)
                  847874e0    00001b80     http.obj (.text)
                  84789060    000019e0     stk_ppp_pppoe.ae66 : tcpin.oe66 (.text:TcpInput)
                  8478aa40    00001700     DSPF_sp_ifftSPxSP_d.obj (.text)
                  8478c140    00001600     model.obj (.text)
                  8478d740    000015c0     model.obj (.text:_ZNKSt7num_getIcSt19istreambuf_iteratorIcSt11char_traitsIcEEE8_GetffldEPcRS3_S6_RKSt6locale)
                  8478ed00    000013a0     testAll.obj (.text)
                  847900a0    00001240     stk_ppp_pppoe.ae66 : tcpout.oe66 (.text:TcpOutput)
                  847912e0    00001160     ti.platform.dspc8681.ae66 : evm66x_nand.obj (.text)
                  84792440    00000ec0     resourcemgr.obj (.text)
                  84793300    00000e20     model.obj (.text:_ZNKSt7num_putIcSt19ostreambuf_iteratorIcSt11char_traitsIcEEE5_FputES3_RSt8ios_basecPKcjjjj)
                  84794120    00000e00     TestAppDecoder.obj (.text)
                  84794f20    00000d80     ti.platform.dspc8681.ae66 : evmc66x_i2c_eeprom.obj (.text)
                  84795ca0    00000c60     Trimps_LoadImage.obj (.text)
                  84796900    00000c40     mixture.obj (.text)
                  84797540    00000c20     memAlloc.obj (.text)
                  84798160    00000c00     nettool_ipv4.ae66 : httpclie.oe66 (.text:httpClientProcess)
                  84798d60    00000be0     model.obj (.text:_ZNKSt7num_getIcSt19istreambuf_iteratorIcSt11char_traitsIcEEE8_GetifldEPcRS3_S6_NSt5_IosbIiE9_FmtflagsERKSt6locale)
                  84799940    00000b80     stk_ppp_pppoe.ae66 : ipin.oe66 (.text:IPRxPacket)
                  8479a4c0    00000b20     convMixtureFastHelper.obj (.text:_ZNSt5_TreeISt12_Tset_traitsI6CvRect18PositionComparatorSaIS1_ELb0EEE5eraseENS5_8iteratorE)
                  8479afe0    00000aa0     stk_ppp_pppoe.ae66 : md5.oe66 (.text:MD5Transform)
                  8479ba80    000009a0                        : ipout.oe66 (.text:IPTxPacket)
                  8479c420    000009a0     OpenCV_6678.lib : cxerror.obj (.text)
                  8479cdc0    000009a0     stk_ppp_pppoe.ae66 : lcp.oe66 (.text:lcpInput)
                  8479d760    000009a0     ti.targets.rts6000.ae66 : System.oe66 (.text:xdc_runtime_System_doPrint__I)
                  8479e100    00000920     rts6600_elf.lib : wiostrea.obj (.text:_ZNSt6_WinitC1Ev)
                  8479ea20    00000900     nettool_ipv4.ae66 : httpsend.oe66 (.text:SetContentType)
                  8479f320    000008e0     convMixtureFastHelper.obj (.text:_ZNSt5_TreeISt12_Tset_traitsI6CvRect18PositionComparatorSaIS1_ELb0EEE7_InsertEbPNSt9_Tree_nodIS4_E5_NodeERKS1_)
                  8479fc00    00000880     DSPF_sp_fftSPxSP_d.obj (.text)
                  847a0480    00000860     alg_malloc.obj (.text:create)
                  847a0ce0    00000800     jpegdec_ti.le66 (.text:JPEGDEC_TI_control:jpegdec_ti.oc)
                  847a14e0    000007e0     ti.drv.qmss.ae66 : qmss_drv.oe66 (.text:Qmss_insertMemoryRegion)
                  847a1cc0    000007e0     convMixtureFastHelper.obj (.text:_ZSt20_Unguarded_partitionIPi14AreaComparatorESt4pairIT_S3_ES3_S3_T0_)
                  847a24a0    000007e0     stk_ppp_pppoe.ae66 : ipcp.oe66 (.text:ipcpInput)
                  847a2c80    000007c0                        : sock.oe66 (.text:SockSet)
                  847a3440    00000780     sysbios.lib : BIOS.obj (.text:ti_sysbios_family_c64p_Exception_handler__I)
                  847a3bc0    00000760     model.obj (.text:_ZNKSt7num_getIcSt19istreambuf_iteratorIcSt11char_traitsIcEEE6do_getES3_S3_RSt8ios_baseRNSt5_IosbIiE8_IostateERb)
                  847a4320    00000760     rts6600_elf.lib : iostream.obj (.text:_ZNSt8ios_base4InitC1Ev)
                  847a4a80    00000720     ti.drv.pa.ae66 : pa.oe66 (.text:Pa_addMac)
                  847a51a0    00000700     DPMDtector.obj (.text)
                  847a58a0    00000700     rts6600_elf.lib : pow.obj (.text:pow)
                  847a5fa0    00000700     yuv2bmp.obj (.text)
                  847a66a0    000006c0     nettool_ipv4.ae66 : telnetd.oe66 (.text:telnet_netdata)
                  847a6d60    000006a0     model.obj (.text:_ZNKSt7num_putIcSt19ostreambuf_iteratorIcSt11char_traitsIcEEE5_IputES3_RSt8ios_basecPcj)
                  847a7400    00000680     stk_ppp_pppoe.ae66 : fileuser.oe66 (.text:fdPoll)
                  847a7a80    00000680     main.obj (.text)
                  847a8100    00000660     ti.drv.cppi.ae66 : cppi_drv.oe66 (.text:Cppi_configureRxFlow)
                  847a8760    00000660     rts6600_elf.lib : wiostrea.obj (.text:_ZNSt13basic_filebufIwSt11char_traitsIwEE8overflowEj)
                  847a8dc0    00000660     sysbios.lib : BIOS.obj (.text:ti_sysbios_heaps_HeapMem_free__E)
                  847a9420    00000640     DPMMain.obj (.text:_ZNSt13basic_filebufIcSt11char_traitsIcEE8overflowEi)
                  847a9a60    00000620     rts6600_elf.lib : wiostrea.obj (.text:_ZNSt13basic_filebufIwSt11char_traitsIwEE5uflowEv)
                  847aa080    00000620     sysbios.lib : BIOS.obj (.text:ti_sysbios_heaps_HeapMem_alloc__E)
                  847aa6a0    000005e0     DPMMain.obj (.text:_ZNSt13basic_filebufIcSt11char_traitsIcEE5uflowEv)
                  847aac80    000005c0     stk_ppp_pppoe.ae66 : ipfrag.oe66 (.text:IPReasm)
                  847ab240    000005c0     rts6600_elf.lib : divd.obj (.text:__c6xabi_divd)
                  847ab800    000005c0                     : _printfi.obj (.text:_getarg_diouxp)
                  847abdc0    000005c0     sysbios.lib : BIOS.obj (.text:ti_sysbios_timers_timer64_Timer_Module_startup__F)
                  847ac380    000005a0     stk_ppp_pppoe.ae66 : icmpin.oe66 (.text:ICMPInput)
                  847ac920    000005a0     convMixtureFastHelper.obj (.text:_ZSt5_SortIPii14AreaComparatorEvT_S2_T0_T1_)
                  847acec0    000005a0     ti.platform.dspc8681.ae66 : evmc66x_spi.obj (.text)
                  847ad460    00000580     stk_ppp_pppoe.ae66 : nimuppp.oe66 (.text:pppEvent)
                  847ad9e0    00000580     ti.platform.dspc8681.ae66 : dspc8681_phy.obj (.text)
                  847adf60    00000540     DPMMain.obj (.text:_ZNSt13basic_filebufIcSt11char_traitsIcEE9_EndwriteEv)
                  847ae4a0    00000540     rts6600_elf.lib : wiostrea.obj (.text:_ZNSt13basic_filebufIwSt11char_traitsIwEE9_EndwriteEv)
                  847ae9e0    00000520     stk_ppp_pppoe.ae66 : sock.oe66 (.text:SockNew)
                  847aef00    00000520     rts6600_elf.lib : _printfi.obj (.text:_setfield)
                  847af420    00000520     nettool_ipv4.ae66 : httpsend.oe66 (.text:httpSendStatusLine)
                  847af940    00000520     rts6600_elf.lib : strtod.obj (.text:strtod)
                  847afe60    00000520                     : strtold.obj (.text:strtold)
                  847b0380    00000520     ti.platform.dspc8681.ae66 : evmc66x_nor.obj (.text)
                  847b08a0    00000500     model.obj (.text:_ZNKSt7num_putIcSt19ostreambuf_iteratorIcSt11char_traitsIcEEE6do_putES3_RSt8ios_basecb)
                  847b0da0    00000500     rts6600_elf.lib : ios.obj (.text:_ZNSt8ios_base5clearENSt5_IosbIiE8_IostateEb)
                  847b12a0    00000500     sysbios.lib : BIOS.obj (.text:ti_sysbios_knl_Task_Instance_finalize__F)
                  847b17a0    000004e0     stk_ppp_pppoe.ae66 : udp.oe66 (.text:UdpInput)
                  847b1c80    000004e0                        : nimupppoe.oe66 (.text:pppoeInputS)
                  847b2160    000004c0     ti.drv.cppi.ae66 : cppi_drv.oe66 (.text:Cppi_txChannelOpen)
                  847b2620    000004c0     rts6600_elf.lib : fwrite.obj (.text:fwrite)
                  847b2ae0    000004c0     ti.platform.dspc8681.ae66 : evmc66x_fpga.obj (.text)
                  847b2fa0    000004a0     stk_ppp_pppoe.ae66 : lliin.oe66 (.text:LLIRxPacket)
                  847b3440    000004a0                        : sock.oe66 (.text:SockRecv)
                  847b38e0    000004a0     model.obj (.text:_ZSt4endlIcSt11char_traitsIcEERSt13basic_ostreamIT_T0_ES6_)
                  847b3d80    000004a0     model.obj (.text:_ZStlsISt11char_traitsIcEERSt13basic_ostreamIcT_ES5_c)
                  847b4220    00000480     DSPF_sp_ifftSPxSP_cn.obj (.text)
                  847b46a0    00000460     rts6600_elf.lib : _printfi.obj (.text:_printfi)
                  847b4b00    00000460     stk_ppp_pppoe.ae66 : nimuppp.oe66 (.text:pppNew)
                  847b4f60    00000460     rts6600_elf.lib : strtoll.obj (.text:strtoll)
                  847b53c0    00000440     ti.drv.cppi.ae66 : cppi_drv.oe66 (.text:Cppi_rxChannelOpen)
                  847b5800    00000440     jpegdec_ti.le66 (.text:JPEGDEC_TI_initObj:jpegdec_ti.oc)
                  847b5c40    00000440     model.obj (.text:_ZSt10_GetloctxtIcSt19istreambuf_iteratorIcSt11char_traitsIcEEEiRT0_S5_jPKT_)
                  847b6080    00000440     stk_ppp_pppoe.ae66 : auth.oe66 (.text:chapInput)
                  847b64c0    00000440                        : fileuser.oe66 (.text:fdSelect)
                  847b6900    00000440                        : nimupppoe.oe66 (.text:pppoeInputC)
                  847b6d40    00000420     DSPF_sp_fftSPxSP_cn.obj (.text)
                  847b7160    00000420     model.obj (.text:_ZNSi5_IpfxEb)
                  847b7580    00000420     nettool_ipv4.ae66 : daemon.oe66 (.text:daemon)
                  847b79a0    00000420     ti.drv.pa.ae66 : pa.oe66 (.text:pa_conv_routing_info)
                  847b7dc0    00000400     rts6600_elf.lib : wlocale.obj (.text:__sti___11_wlocale_cpp_1f56ad1c)
                  847b81c0    00000400     os.ae66 : efs.oe66 (.text:efs_filecheck)
                  847b85c0    00000400     rts6600_elf.lib : strtoull.obj (.text:strtoull)
                  847b89c0    00000400     sysbios.lib : BIOS.obj (.text:ti_sysbios_knl_Semaphore_pend__E)
                  847b8dc0    000003c0     ti.drv.cppi.ae66 : cppi_desc.oe66 (.text:Cppi_initDescriptor)
                  847b9180    000003c0     stk_ppp_pppoe.ae66 : sock.oe66 (.text:SockSend)
                  847b9540    000003c0                        : tcp.oe66 (.text:TcpTimeoutCheck)
                  847b9900    000003c0     rts6600_elf.lib : strtol.obj (.text:strtol)
                  847b9cc0    000003c0     sysbios.lib : BIOS.obj (.text:ti_sysbios_knl_Task_Instance_init__F)
                  847ba080    000003c0                 : BIOS.obj (.text:ti_sysbios_knl_Task_setPri__E)
                  847ba440    000003a0     stk_ppp_pppoe.ae66 : nimu.oe66 (.text:NIMUIoctl)
                  847ba7e0    000003a0                        : route.oe66 (.text:RtCreate)
                  847bab80    000003a0                        : sb.oe66 (.text:SBRead)
                  847baf20    000003a0     rts6600_elf.lib : fputs.obj (.text:fputs)
                  847bb2c0    000003a0     stk_ppp_pppoe.ae66 : auth.oe66 (.text:papInput)
                  847bb660    00000380                        : igmp.oe66 (.text:IGMPInput)
                  847bb9e0    00000380                        : sock.oe66 (.text:SockConnect)
                  847bbd60    00000380                        : sockint.oe66 (.text:SockNotify)
                  847bc0e0    00000380     nettool_ipv4.ae66 : dhcppkt.oe66 (.text:dhcpPacketProcess)
                  847bc460    00000360     stk_ppp_pppoe.ae66 : lliout.oe66 (.text:LLITxIpPacket)
                  847bc7c0    00000360     DPMDtector.obj (.text:_ZNSt15basic_stringbufIcSt11char_traitsIcESaIcEE8overflowEi)
                  847bcb20    00000360     convMixtureFastHelper.obj (.text:_ZNSt5_TreeISt12_Tset_traitsI6CvRect18PositionComparatorSaIS1_ELb0EEE6insertERKS1_)
                  847bce80    00000340     ti.drv.pa.ae66 : painit.oe66 (.text:Pa_create)
                  847bd1c0    00000340     ti.drv.qmss.ae66 : qmss_drv.oe66 (.text:Qmss_init)
                  847bd500    00000340     convMixtureFastHelper.obj (.text:_ZSt12_Adjust_heapIPiii14AreaComparatorEvT_T0_S3_T1_T2_)
                  847bd840    00000340     convMixtureFastHelper.obj (.text:_ZSt7_MedianIPi14AreaComparatorEvT_S2_S2_T0_)
                  847bdb80    00000340     os.ae66 : mem.oe66 (.text:mmAlloc)
                  847bdec0    00000320     nettool_ipv4.ae66 : config.oe66 (.text:CfgAddEntry)
                  847be1e0    00000320     stk_ppp_pppoe.ae66 : nimupppoe.oe66 (.text:SendServerMsg)
                  847be500    00000320     rts6600_elf.lib : _printfi.obj (.text:_pproc_fge)
                  847be820    00000320     stk_ppp_pppoe.ae66 : nimupppoe.oe66 (.text:pppoeSI)
                  847beb40    00000320     rts6600_elf.lib : strtoul.obj (.text:strtoul)
                  847bee60    00000320     nettool_ipv4.ae66 : telnetd.oe66 (.text:telnet_engine)
                  847bf180    00000320     ti.platform.dspc8681.ae66 : evmc66x_uart.obj (.text)
                  847bf4a0    00000300     netctrl_ipv4.ae66 : netctrl.oe66 (.text:NetScheduler)
                  847bf7a0    00000300     alg_malloc.obj (.text)
                  847bfaa0    00000300     nettool_ipv4.ae66 : inetaddr.oe66 (.text:inet_aton)
                  847bfda0    00000300     sysbios.lib : BIOS.obj (.text:ti_sysbios_family_c64p_Hwi_dispatchC__I)
                  847c00a0    000002e0     ti.drv.pa.ae66 : pa.oe66 (.text:Pa_forwardResult)
                  847c0380    000002e0     stk_ppp_pppoe.ae66 : nimupppoe.oe66 (.text:SendClientMsg)
                  847c0660    000002e0                        : udp.oe66 (.text:UdpOutput)
                  847c0940    000002e0     DPMDtector.obj (.text:_ZNSt15basic_stringbufIcSt11char_traitsIcESaIcEE7seekoffElNSt5_IosbIiE8_SeekdirENS5_9_OpenmodeE)
                  847c0c20    000002e0     rts6600_elf.lib : _printfi.obj (.text:_pproc_fwp)
                  847c0f00    000002e0     sysbios.lib : BIOS.obj (.text:ti_sysbios_knl_Task_Module_startup__F)
                  847c11e0    000002c0     stk_ppp_pppoe.ae66 : bind.oe66 (.text:BindNew)
                  847c14a0    000002c0     rts6600_elf.lib : cos.obj (.text:cos)
                  847c1760    000002c0                     : fread.obj (.text:fread)
                  847c1a20    000002c0     stk_ppp_pppoe.ae66 : nimuppp.oe66 (.text:pppInput)
                  847c1ce0    000002a0     nettool_ipv4.ae66 : dhcpmain.oe66 (.text:DHCPOpen)
                  847c1f80    000002a0     stk_ppp_pppoe.ae66 : node.oe66 (.text:NodeAdd)
                  847c2220    000002a0                        : rtable.oe66 (.text:RtFind)
                  847c24c0    000002a0                        : sock.oe66 (.text:SockClose)
                  847c2760    000002a0                        : tcpprot.oe66 (.text:TcpPrSetOption)
                  847c2a00    000002a0     model.obj (.text:_ZNKSt7num_putIcSt19ostreambuf_iteratorIcSt11char_traitsIcEEE6do_putES3_RSt8ios_basecd)
                  847c2ca0    000002a0     model.obj (.text:_ZNKSt7num_putIcSt19ostreambuf_iteratorIcSt11char_traitsIcEEE6do_putES3_RSt8ios_basece)
                  847c2f40    000002a0     testAll.obj (.text:_ZNSs6assignERKSsjj)
                  847c31e0    000002a0     convMixtureFastHelper.obj (.text:_ZSt15_Insertion_sortIPi14AreaComparatorEvT_S2_T0_)
                  847c3480    000002a0     rts6600_elf.lib : _printfi.obj (.text:fcvt)
                  847c3720    000002a0     sysbios.lib : BIOS.obj (.text:ti_sysbios_family_c66_tci66xx_CpIntc_Module_startup__F)
                  847c39c0    000002a0                 : BIOS.obj (.text:ti_sysbios_knl_Clock_workFunc__E)
                  847c3c60    000002a0                 : BIOS.obj (.text:ti_sysbios_knl_Task_sleep__E)
                  847c3f00    00000280     DPMMain.obj (.text)
                  847c4180    00000280     stk_ppp_pppoe.ae66 : icmp.oe66 (.text:ICMPGenPacket)
                  847c4400    00000280                        : sockpcb.oe66 (.text:SockPcbResolve)
                  847c4680    00000280     rts6600_elf.lib : divf.obj (.text:__c6xabi_divf)
                  847c4900    00000280     sysbios.lib : BIOS.obj (.text:deviceConfig$44)
                  847c4b80    00000280     rts6600_elf.lib : _printfi.obj (.text:ecvt)
                  847c4e00    00000280     stk_ppp_pppoe.ae66 : ipcp.oe66 (.text:ipcpSendCfg)
                  847c5080    00000280                        : lcp.oe66 (.text:lcpSendCfg)
                  847c5300    00000280     platform_osal.obj (.text)
                  847c5580    00000280     rts6600_elf.lib : sin.obj (.text:sin)
                  847c5800    00000280     sysbios.lib : BIOS.obj (.text:ti_sysbios_knl_Clock_Instance_init__F)
                  847c5a80    00000280                 : BIOS.obj (.text:ti_sysbios_knl_Task_exit__E)
                  847c5d00    00000280     ti.targets.rts6000.ae66 : Core-mem.oe66 (.text:xdc_runtime_Core_createObject__I)
                  847c5f80    00000280                             : Error.oe66 (.text:xdc_runtime_Error_raiseX__F)
                  847c6200    00000260     stk_ppp_pppoe.ae66 : rawethsock.oe66 (.text:RawEthSockSet)
                  847c6460    00000260                        : sb.oe66 (.text:SBWrite)
                  847c66c0    00000260                        : sockpcb.oe66 (.text:SockPcbBind)
                  847c6920    00000260     model.obj (.text:_ZNSolsEf)
                  847c6b80    00000260     model.obj (.text:_ZNSolsEi)
                  847c6de0    00000260     model.obj (.text:_ZNSolsEj)
                  847c7040    00000260     rts6600_elf.lib : wiostrea.obj (.text:_ZNSt6_WinitD1Ev)
                  847c72a0    00000260                     : iostream.obj (.text:__sti___12_iostream_cpp_3a72482d)
                  847c7500    00000260                     : wiostrea.obj (.text:__sti___12_wiostrea_cpp_1f56ad1c)
                  847c7760    00000260     nettool_ipv4.ae66 : httppars.oe66 (.text:httpParseRecv)
                  847c79c0    00000260                       : httpsend.oe66 (.text:httpSendErrorHTML)
                  847c7c20    00000260     ti.targets.rts6000.ae66 : Startup.oe66 (.text:xdc_runtime_Startup_startMods__I)
                  847c7e80    00000260     frame_pe66.oe66 (.text:xdc_runtime_System_printfExtend__I)
                  847c80e0    00000240     ti.drv.cppi.ae66 : cppi_drv.oe66 (.text:Cppi_open)
                  847c8320    00000240     nettool_ipv4.ae66 : daemon.oe66 (.text:DaemonNew)
                  847c8560    00000240     OpenCV_6678.lib : cxalloc.obj (.text)
                  847c87a0    00000240     ti.drv.pa.ae66 : pa.oe66 (.text:Pa_resetControl)
                  847c89e0    00000240     stk_ppp_pppoe.ae66 : pipe.oe66 (.text:PipeRecv)
                  847c8c20    00000240                        : raw.oe66 (.text:RawInput)
                  847c8e60    00000240     DPMMain.obj (.text:_ZNSt13basic_filebufIcSt11char_traitsIcEE5imbueERKSt6locale)
                  847c90a0    00000240     rts6600_elf.lib : wiostrea.obj (.text:_ZNSt13basic_filebufIwSt11char_traitsIwEE5imbueERKSt6locale)
                  847c92e0    00000240                     : imath64.obj (.text:__c6xabi_divull)
                  847c9520    00000240                     : _printfi.obj (.text:_pconv_e)
                  847c9760    00000240                     : _printfi.obj (.text:_pproc_diouxp)
                  847c99a0    00000240     nettool_ipv4.ae66 : dhcpsm.oe66 (.text:dhcpIPAdd)
                  847c9be0    00000240                       : dhcpsm.oe66 (.text:dhcpState)
                  847c9e20    00000240     sysbios.lib : BIOS.obj (.text:ti_sysbios_family_c64p_Exception_internalHandler__I)
                  847ca060    00000240                 : BIOS.obj (.text:ti_sysbios_knl_Semaphore_post__E)
                  847ca2a0    00000240     ti.targets.rts6000.ae66 : LoggerBuf.oe66 (.text:xdc_runtime_LoggerBuf_write8__F)
                  847ca4e0    00000220     stk_ppp_pppoe.ae66 : igmp.oe66 (.text:IGMPJoinHostGroup)
                  847ca700    00000220                        : nimu.oe66 (.text:NIMUReceivePacket)
                  847ca920    00000220                        : rawethsock.oe66 (.text:RawEthSockNew)
                  847cab40    00000220                        : sockpcb.oe66 (.text:SockPcbFind)
                  847cad60    00000220     rts6600_elf.lib : _printfi.obj (.text:_pproc_str)
                  847caf80    00000220     nettool_ipv4.ae66 : dhcppkt.oe66 (.text:dhcpVerifyMessage)
                  847cb1a0    00000220     rts6600_elf.lib : fputc.obj (.text:fputc)
                  847cb3c0    00000220     nettool_ipv4.ae66 : httpclie.oe66 (.text:httpGetAuthParams)
                  847cb5e0    00000220     sysbios.lib : BIOS.obj (.text:ti_sysbios_knl_Swi_run__I)
                  847cb800    00000220                 : BIOS.obj (.text:ti_sysbios_knl_Task_schedule__I)
                  847cba20    00000220                 : BIOS.obj (.text:ti_sysbios_knl_Task_startup__E)
                  847cbc40    00000200     ti.drv.qmss.ae66 : qmss_drv.oe66 (.text:Qmss_internalQueueOpen)
                  847cbe40    00000200                      : qmss_acc.oe66 (.text:Qmss_programAccumulator)
                  847cc040    00000200     stk_ppp_pppoe.ae66 : rtc.oe66 (.text:RTCReport)
                  847cc240    00000200     model.obj (.text:_ZNSirsERf)
                  847cc440    00000200     model.obj (.text:_ZNSirsERi)
                  847cc640    00000200     convMixtureFastHelper.obj (.text:_ZNSt5_TreeISt12_Tset_traitsI6CvRect18PositionComparatorSaIS1_ELb0EEE5eraseENS5_8iteratorES6_)
                  847cc840    00000200     model.obj (.text:_ZSteqIcSt11char_traitsIcEEbRKSt19istreambuf_iteratorIT_T0_ES7_)
                  847cca40    00000200     model.obj (.text:_ZStneIcSt11char_traitsIcEEbRKSt19istreambuf_iteratorIT_T0_ES7_)
                  847ccc40    00000200     rts6600_elf.lib : _printfi.obj (.text:_pconv_g)
                  847cce40    00000200     sysbios.lib : c64p_Hwi_disp_always.obj (.text:_ti_sysbios_family_c64p_Hwi_dispatchAlways)
                  847cd040    00000200                 : BIOS.obj (.text:block$56)
                  847cd240    00000200     ti.drv.cppi.ae66 : cppi_heap.oe66 (.text:cppi_internal_heap_add)
                  847cd440    00000200     rts6600_elf.lib : exp.obj (.text:exp)
                  847cd640    00000200     stk_ppp_pppoe.ae66 : nimupppoe.oe66 (.text:pppoeCtrlMsg)
                  847cd840    00000200     rts6600_elf.lib : setvbuf.obj (.text:setvbuf)
                  847cda40    000001e0     stk_ppp_pppoe.ae66 : igmp.oe66 (.text:IGMPSendReply)
                  847cdc20    000001e0                        : tcpout.oe66 (.text:TcpGenPacket)
                  847cde00    000001e0     DPMMain.obj (.text:_ZNSoC2EPSt15basic_streambufIcSt11char_traitsIcEEb)
                  847cdfe0    000001e0     DPMDtector.obj (.text:_ZNSt15basic_stringbufIcSt11char_traitsIcESaIcEE7seekposESt4fposIiENSt5_IosbIiE9_OpenmodeE)
                  847ce1c0    000001e0     rts6600_elf.lib : acos.obj (.text:acos)
                  847ce3a0    000001e0     stk_ppp_pppoe.ae66 : auth.oe66 (.text:chapSendMsg)
                  847ce580    000001e0     nettool_ipv4.ae66 : dhcpsock.oe66 (.text:dhcpSocketOpen)
                  847ce760    000001e0     sysbios.lib : BIOS.obj (.text:ti_sysbios_knl_Task_postInit__I)
                  847ce940    000001e0                 : BIOS.obj (.text:ti_sysbios_timers_timer64_Timer_getFreq__E)
                  847ceb20    000001c0     nettool_ipv4.ae66 : config.oe66 (.text:CfgExecute)
                  847cece0    000001c0     ti.drv.cppi.ae66 : cppi_drv.oe66 (.text:Cppi_channelClose)
                  847ceea0    000001c0                      : cppi_drv.oe66 (.text:Cppi_initCfg)
                  847cf060    000001c0     stk_ppp_pppoe.ae66 : ip.oe66 (.text:IPGetRoute)
                  847cf220    000001c0     jpegdec_ti.le66 (.text:JPEGDEC_TI_alloc:jpegdec_ti.oc)
                  847cf3e0    000001c0     stk_ppp_pppoe.ae66 : lliout.oe66 (.text:LLIGenArpPacket)
                  847cf5a0    000001c0     ti.drv.qmss.ae66 : qmss_drv.oe66 (.text:Qmss_internaldownloadFirmware)
                  847cf760    000001c0     netctrl_ipv4.ae66 : netsrv.oe66 (.text:SPIpNet)
                  847cf920    000001c0     stk_ppp_pppoe.ae66 : tcptime.oe66 (.text:TcpTimeoutRexmt)
                  847cfae0    000001c0                        : lli.oe66 (.text:_LLITimeoutCheck)
                  847cfca0    000001c0     rts6600_elf.lib : string.obj (.text:_ZNKSt12_String_base5_XranEv)
                  847cfe60    000001c0     model.obj (.text:_ZNKSt8numpunctIcE11do_groupingEv)
                  847d0020    000001c0     model.obj (.text:_ZNKSt8numpunctIcE11do_truenameEv)
                  847d01e0    000001c0     model.obj (.text:_ZNKSt8numpunctIcE12do_falsenameEv)
                  847d03a0    000001c0     model.obj (.text:_ZNSs6appendEPKcj)
                  847d0560    000001c0     model.obj (.text:_ZNSs6insertEjjc)
                  847d0720    000001c0     rts6600_elf.lib : iostream.obj (.text:_ZNSt8ios_base4InitD1Ev)
                  847d08e0    000001c0                     : _printfi.obj (.text:_mcpy)
                  847d0aa0    000001c0                     : fopen.obj (.text:_openfile)
                  847d0c60    000001c0                     : atan.obj (.text:atan)
                  847d0e20    000001c0     nettool_ipv4.ae66 : dhcpbild.oe66 (.text:dhcpBuildHeader)
                  847d0fe0    000001c0     sysbios.lib : BIOS.obj (.text:ti_sysbios_knl_Task_checkStacks__E)
                  847d11a0    000001c0                 : BIOS.obj (.text:ti_sysbios_timers_timer64_Timer_setPeriodMicroSecs__E)
                  847d1360    000001a0     nettool_ipv4.ae66 : config.oe66 (.text:CfgRemoveEntry)
                  847d1500    000001a0     rts6600_elf.lib : trgdrv.obj (.text:HOSTrename)
                  847d16a0    000001a0     stk_ppp_pppoe.ae66 : icmpin.oe66 (.text:ICMPRevSrcRoute)
                  847d1840    000001a0     netctrl_ipv4.ae66 : netctrl.oe66 (.text:NC_NetStart)
                  847d19e0    000001a0     stk_ppp_pppoe.ae66 : node.oe66 (.text:NodeTreeFree)
                  847d1b80    000001a0     ti.drv.pa.ae66 : pa.oe66 (.text:Pa_downloadImage)
                  847d1d20    000001a0     stk_ppp_pppoe.ae66 : sockint.oe66 (.text:SockCreatePacket)
                  847d1ec0    000001a0     nettool_ipv4.ae66 : dhcpsm.oe66 (.text:StateRenewRebind)
                  847d2060    000001a0     rts6600_elf.lib : xlocinfo.obj (.text:_Getctyptab)
                  847d2200    000001a0                     : vec_newdel.obj (.text:_Z17array_new_generalPvjjjS_PFYS_S_ES1_PFYS_jEPFYvS_Eii)
                  847d23a0    000001a0                     : wiostrea.obj (.text:_ZNKSt7codecvtIwciE5do_inERiPKcS3_RS3_PwS5_RS5_)
                  847d2540    000001a0     testAll.obj (.text:_ZNSs6appendERKSsjj)
                  847d26e0    000001a0     DPMMain.obj (.text:_ZNSt13basic_filebufIcSt11char_traitsIcEE7seekoffElNSt5_IosbIiE8_SeekdirENS4_9_OpenmodeE)
                  847d2880    000001a0     rts6600_elf.lib : wiostrea.obj (.text:_ZNSt13basic_filebufIwSt11char_traitsIwEE7seekoffElNSt5_IosbIiE8_SeekdirENS4_9_OpenmodeE)
                  847d2a20    000001a0     model.obj (.text:_ZNSt8numpunctIcE5_InitERKSt8_Locinfo)
                  847d2bc0    000001a0     DPMMain.obj (.text:_ZTv0_n12_NSt14basic_ofstreamIcSt11char_traitsIcEED0Ev)
                  847d2d60    000001a0     rts6600_elf.lib : imath40.obj (.text:__c6xabi_divul)
                  847d2f00    000001a0     nettool_ipv4.ae66 : dhcptags.oe66 (.text:dhcpBuildOptions)
                  847d30a0    000001a0     rts6600_elf.lib : log.obj (.text:log)
                  847d3240    000001a0     nettool_ipv4.ae66 : telnetd.oe66 (.text:telnet_termdata)
                  847d33e0    000001a0     sysbios.lib : BIOS.obj (.text:ti_sysbios_gates_GateMutex_enter__E)
                  847d3580    000001a0                 : BIOS.obj (.text:ti_sysbios_timers_timer64_Timer_start__E)
                  847d3720    000001a0     ti.targets.rts6000.ae66 : LoggerBuf.oe66 (.text:xdc_runtime_LoggerBuf_write4__F)
                  847d38c0    00000180     stk_ppp_pppoe.ae66 : igmp.oe66 (.text:IGMPMsg)
                  847d3a40    00000180                        : nimu.oe66 (.text:NIMURegister)
                  847d3bc0    00000180     netctrl_ipv4.ae66 : netsrv.oe66 (.text:ServiceScan)
                  847d3d40    00000180                       : netsrv.oe66 (.text:ServiceSpawn)
                  847d3ec0    00000180     nettool_ipv4.ae66 : dhcpsm.oe66 (.text:StateBound)
                  847d4040    00000180     rts6600_elf.lib : wiostrea.obj (.text:_ZNKSt5ctypeIwE10do_toupperEPwPKw)
                  847d41c0    00000180                     : wiostrea.obj (.text:_ZNKSt7codecvtIwciE6do_outERiPKwS3_RS3_PcS5_RS5_)
                  847d4340    00000180     DPMMain.obj (.text:_ZNSt13basic_filebufIcSt11char_traitsIcEE7seekposESt4fposIiENSt5_IosbIiE9_OpenmodeE)
                  847d44c0    00000180     rts6600_elf.lib : wiostrea.obj (.text:_ZNSt13basic_filebufIwSt11char_traitsIwEE7seekposESt4fposIiENSt5_IosbIiE9_OpenmodeE)
                  847d4640    00000180     DPMDtector.obj (.text:_ZNSt18basic_stringstreamIcSt11char_traitsIcESaIcEEC2ENSt5_IosbIiE9_OpenmodeE)
                  847d47c0    00000180     rts6600_elf.lib : wiostrea.obj (.text:_ZSt9use_facetISt5ctypeIwEERKT_RKSt6locale)
                  847d4940    00000180                     : copy_decompress_rle.obj (.text:__TI_decompress_rle_core)
                  847d4ac0    00000180                     : atan2.obj (.text:atan2)
                  847d4c40    00000180     nettool_ipv4.ae66 : dhcpbild.oe66 (.text:dhcpBuildRequest)
                  847d4dc0    00000180     stk_ppp_pppoe.ae66 : fileuser.oe66 (.text:fdClose)
                  847d4f40    00000180     rts6600_elf.lib : frexp.obj (.text:frexp)
                  847d50c0    00000180     os.ae66 : task.oe66 (.text:llEnter)
                  847d5240    00000180     rts6600_elf.lib : lowlev.obj (.text:open)
                  847d53c0    00000180     stk_ppp_pppoe.ae66 : auth.oe66 (.text:papSendCfg)
                  847d5540    00000180     sysbios.lib : c64p_Exception_asm.obj (.text)
                  847d56c0    00000180                 : BIOS.obj (.text:ti_sysbios_heaps_HeapBuf_Module_startup__F)
                  847d5840    00000180                 : BIOS.obj (.text:ti_sysbios_heaps_HeapMem_Instance_init__F)
                  847d59c0    00000180                 : BIOS.obj (.text:ti_sysbios_knl_Swi_schedule__I)
                  847d5b40    00000180                 : BIOS.obj (.text:ti_sysbios_knl_Task_unblockI__E)
                  847d5cc0    00000180     ti.targets.rts6000.ae66 : Text.oe66 (.text:xdc_runtime_Text_putSite__F)
                  847d5e40    00000160     nettool_ipv4.ae66 : config.oe66 (.text:CfgGetEntry)
                  847d5fa0    00000160                       : config.oe66 (.text:CfgGetNextEntry)
                  847d6100    00000160     stk_ppp_pppoe.ae66 : igmp.oe66 (.text:IGMPDoMCast)
                  847d6260    00000160     jpegdec_ti.le66 (.text:JPEGDEC_TI_free:jpegdec_ti.oc)
                  847d63c0    00000160     stk_ppp_pppoe.ae66 : nimu.oe66 (.text:NIMUIoctlSpecialCmd)
                  847d6520    00000160                        : nimuppp.oe66 (.text:PPPStop)
                  847d6680    00000160                        : pipe.oe66 (.text:PipeSend)
                  847d67e0    00000160                        : raw.oe66 (.text:RawOutput)
                  847d6940    00000160                        : rtable.oe66 (.text:RtTimeoutCheck)
                  847d6aa0    00000160                        : rtable.oe66 (.text:RtWalkNext)
                  847d6c00    00000160     netctrl_ipv4.ae66 : netsrv.oe66 (.text:SPRoute)
                  847d6d60    00000160     stk_ppp_pppoe.ae66 : sock.oe66 (.text:SockCheck)
                  847d6ec0    00000160                        : sockpcb.oe66 (.text:SockPcbConnect)
                  847d7020    00000160     nettool_ipv4.ae66 : dhcpsm.oe66 (.text:StateRequesting)
                  847d7180    00000160     stk_ppp_pppoe.ae66 : tcptime.oe66 (.text:TcpTimeoutKeep)
                  847d72e0    00000160     DPM.obj (.text:_ZNK11IntersectorclE6CvRect)
                  847d7440    00000160     rts6600_elf.lib : string.obj (.text:_ZNKSt12_String_base5_XlenEv)
                  847d75a0    00000160     testAll.obj (.text:_ZNSs6assignEPKcj)
                  847d7700    00000160     DPMMain.obj (.text:_ZNSt13basic_filebufIcSt11char_traitsIcEE9pbackfailEi)
                  847d7860    00000160     rts6600_elf.lib : wiostrea.obj (.text:_ZNSt13basic_filebufIwSt11char_traitsIwEE9pbackfailEj)
                  847d79c0    00000160                     : wiostrea.obj (.text:_ZNSt13basic_filebufIwSt11char_traitsIwEED0Ev)
                  847d7b20    00000160     DPMMain.obj (.text:_ZNSt14basic_ofstreamIcSt11char_traitsIcEED0Ev)
                  847d7c80    00000160     DPMDtector.obj (.text:_ZNSt9basic_iosIcSt11char_traitsIcEE4initEPSt15basic_streambufIcS1_Eb)
                  847d7de0    00000160     rts6600_elf.lib : wiostrea.obj (.text:_ZNSt9basic_iosIwSt11char_traitsIwEE4initEPSt15basic_streambufIwS1_Eb)
                  847d7f40    00000160     model.obj (.text:_ZSt9use_facetISt5ctypeIcEERKT_RKSt6locale)
                  847d80a0    00000160     stk_ppp_pppoe.ae66 : auth.oe66 (.text:authInit)
                  847d8200    00000160     nettool_ipv4.ae66 : httpclie.oe66 (.text:httpExtractTag)
                  847d8360    00000160     rts6600_elf.lib : ldexp.obj (.text:ldexp)
                  847d84c0    00000160                     : sqrt.obj (.text:sqrt)
                  847d8620    00000160     nettool_ipv4.ae66 : telnetd.oe66 (.text:telnetClientProcess)
                  847d8780    00000140     ti.csl.ae66 : csl_chip.oe66 (.text:CSL_chipReadReg)
                  847d88c0    00000140     stk_ppp_pppoe.ae66 : icmp.oe66 (.text:ICMPSendRtAdv)
                  847d8a00    00000140                        : igmp.oe66 (.text:IGMPJoin)
                  847d8b40    00000140                        : lli.oe66 (.text:LLINew)
                  847d8c80    00000140                        : node.oe66 (.text:NodeFind)
                  847d8dc0    00000140                        : node.oe66 (.text:NodeWalk)
                  847d8f00    00000140                        : pbm.oe66 (.text:PBM_alloc)
                  847d9040    00000140                        : rtable.oe66 (.text:RtFlush)
                  847d9180    00000140     netctrl_ipv4.ae66 : netsrv.oe66 (.text:ServiceKill)
                  847d92c0    00000140     stk_ppp_pppoe.ae66 : sock.oe66 (.text:SockAccept)
                  847d9400    00000140                        : sock.oe66 (.text:SockListen)
                  847d9540    00000140                        : sockpcb.oe66 (.text:SockPcbCtlError)
                  847d9680    00000140     model.obj (.text:_ZNKSt7num_getIcSt19istreambuf_iteratorIcSt11char_traitsIcEEE6do_getES3_S3_RSt8ios_baseRNSt5_IosbIiE8_IostateERt)
                  847d97c0    00000140     testAll.obj (.text:_ZNSs5_CopyEjj)
                  847d9900    00000140     DPMMain.obj (.text:_ZNSt13basic_filebufIcSt11char_traitsIcEE6setbufEPci)
                  847d9a40    00000140     DPMMain.obj (.text:_ZNSt13basic_filebufIcSt11char_traitsIcEED1Ev)
                  847d9b80    00000140     rts6600_elf.lib : wiostrea.obj (.text:_ZNSt13basic_filebufIwSt11char_traitsIwEED1Ev)
                  847d9cc0    00000140     DPMMain.obj (.text:_ZNSt14basic_ofstreamIcSt11char_traitsIcEED1Ev)
                  847d9e00    00000140     DPMDtector.obj (.text:_ZNSt15basic_stringbufIcSt11char_traitsIcESaIcEE5_InitEPKcji)
                  847d9f40    00000140     rts6600_elf.lib : locale0.obj (.text:_ZNSt6locale5_InitEv)
                  847da080    00000140                     : locale0.obj (.text:_ZNSt6locale7_LocimpD1Ev)
                  847da1c0    00000140                     : locale0.obj (.text:_ZNSt8_LocinfoC1EPKc)
                  847da300    00000140     convMixtureFastHelper.obj (.text:_ZSt7_RotateIPiiiEvT_S1_S1_PT0_PT1_)
                  847da440    00000140     model.obj (.text:_ZSt9use_facetISt7num_getIcSt19istreambuf_iteratorIcSt11char_traitsIcEEEERKT_RKSt6locale)
                  847da580    00000140     model.obj (.text:_ZSt9use_facetISt7num_putIcSt19ostreambuf_iteratorIcSt11char_traitsIcEEEERKT_RKSt6locale)
                  847da6c0    00000140     model.obj (.text:_ZSt9use_facetISt8numpunctIcEERKT_RKSt6locale)
                  847da800    00000140     boot.ae66 : autoinit.oe66 (.text:_auto_init_elf)
                  847da940    00000140     rts6600_elf.lib : _printfi.obj (.text:_pproc_fflags)
                  847daa80    00000140     stk_ppp_pppoe.ae66 : auth.oe66 (.text:authGetPassword)
                  847dabc0    00000140     nettool_ipv4.ae66 : dhcptags.oe66 (.text:dhcpDecodeType)
                  847dad00    00000140     rts6600_elf.lib : fgetc.obj (.text:fgetc)
                  847dae40    00000140                     : lowlev.obj (.text:getdevice)
                  847daf80    00000140     nettool_ipv4.ae66 : httpsend.oe66 (.text:httpAuthenticationReq)
                  847db0c0    00000140     os.ae66 : mem.oe66 (.text:mmCopy)
                  847db200    00000140     stk_ppp_pppoe.ae66 : nimuppp.oe66 (.text:pppAddClient)
                  847db340    00000140                        : socket.oe66 (.text:sendto)
                  847db480    00000140     sysbios.lib : BIOS.obj (.text:ti_sysbios_family_c64p_Hwi_Module_startup__F)
                  847db5c0    00000140                 : BIOS.obj (.text:ti_sysbios_family_c66_Cache_Module_startup__F)
                  847db700    00000140                 : BIOS.obj (.text:ti_sysbios_knl_Clock_Instance_finalize__F)
                  847db840    00000140                 : BIOS.obj (.text:ti_sysbios_knl_Semaphore_Instance_init__F)
                  847db980    00000140                 : BIOS.obj (.text:ti_sysbios_knl_Swi_post__E)
                  847dbac0    00000140                 : BIOS.obj (.text:ti_sysbios_knl_Task_blockI__E)
                  847dbc00    00000140     rts6600_elf.lib : ungetc.obj (.text:ungetc)
                  847dbd40    00000120     stk_ppp_pppoe.ae66 : bind.oe66 (.text:BindFree)
                  847dbe60    00000120     nettool_ipv4.ae66 : config.oe66 (.text:CfgFree)
                  847dbf80    00000120                       : daemon.oe66 (.text:DaemonFree)
                  847dc0a0    00000120     stk_ppp_pppoe.ae66 : file.oe66 (.text:FdWaitEvent)
                  847dc1c0    00000120                        : igmp.oe66 (.text:IGMPLeaveHostGroup)
                  847dc2e0    00000120                        : ip.oe66 (.text:IPMsg)
                  847dc400    00000120                        : ipin.oe66 (.text:IPRouteIP)
                  847dc520    00000120                        : md5.oe66 (.text:MD5Update)
                  847dc640    00000120     netctrl_ipv4.ae66 : netctrl.oe66 (.text:NC_SystemOpen)
                  847dc760    00000120     stk_ppp_pppoe.ae66 : nimu.oe66 (.text:NIMUAddEthernetHeader)
                  847dc880    00000120                        : pbm.oe66 (.text:PBM_free)
                  847dc9a0    00000120     ti.drv.qmss.ae66 : qmss_acc.oe66 (.text:Qmss_disableAccumulator)
                  847dcac0    00000120     stk_ppp_pppoe.ae66 : raweth.oe66 (.text:RawEthRxPacket)
                  847dcbe0    00000120                        : raweth.oe66 (.text:RawEthTxPacket)
                  847dcd00    00000120                        : sb.oe66 (.text:SBNew)
                  847dce20    00000120     netctrl_ipv4.ae66 : netsrv.oe66 (.text:SPConfig)
                  847dcf40    00000120                       : netsrv.oe66 (.text:SPService)
                  847dd060    00000120     stk_ppp_pppoe.ae66 : sockpcb.oe66 (.text:SockPcbFindRaw)
                  847dd180    00000120                        : sock.oe66 (.text:SockShutdown)
                  847dd2a0    00000120                        : tcpprot.oe66 (.text:TcpPrAttach)
                  847dd3c0    00000120     nettool_ipv4.ae66 : telnetd.oe66 (.text:TelnetOpen)
                  847dd4e0    00000120     stk_ppp_pppoe.ae66 : rtable.oe66 (.text:_RtNodeInsert)
                  847dd600    00000120     rts6600_elf.lib : vec_newdel.obj (.text:_Z20array_delete_generalPvijjPFYS_S_EiPFYvS_Eii)
                  847dd720    00000120     convMixtureFastHelper.obj (.text:_ZNK14AreaComparatorclEii)
                  847dd840    00000120     rts6600_elf.lib : wiostrea.obj (.text:_ZNKSt5ctypeIwE5do_isEPKwS2_Ps)
                  847dd960    00000120                     : wiostrea.obj (.text:_ZNKSt5ctypeIwE9do_narrowEPKwS2_cPc)
                  847dda80    00000120                     : wiostrea.obj (.text:_ZNKSt7codecvtIwciE9do_lengthERKiPKcS4_j)
                  847ddba0    00000120     model.obj (.text:_ZNKSt7num_getIcSt19istreambuf_iteratorIcSt11char_traitsIcEEE6do_getES3_S3_RSt8ios_baseRNSt5_IosbIiE8_IostateERPv)
                  847ddcc0    00000120     model.obj (.text:_ZNKSt7num_getIcSt19istreambuf_iteratorIcSt11char_traitsIcEEE6do_getES3_S3_RSt8ios_baseRNSt5_IosbIiE8_IostateERd)
                  847ddde0    00000120     model.obj (.text:_ZNKSt7num_getIcSt19istreambuf_iteratorIcSt11char_traitsIcEEE6do_getES3_S3_RSt8ios_baseRNSt5_IosbIiE8_IostateERe)
                  847ddf00    00000120     model.obj (.text:_ZNKSt7num_getIcSt19istreambuf_iteratorIcSt11char_traitsIcEEE6do_getES3_S3_RSt8ios_baseRNSt5_IosbIiE8_IostateERj)
                  847de020    00000120     model.obj (.text:_ZNKSt7num_putIcSt19ostreambuf_iteratorIcSt11char_traitsIcEEE11_PutgroupedES3_PKcjc)
                  847de140    00000120     model.obj (.text:_ZNKSt7num_putIcSt19ostreambuf_iteratorIcSt11char_traitsIcEEE5_PutcES3_PKcj)
                  847de260    00000120     rts6600_elf.lib : wiostrea.obj (.text:_ZNSt13basic_filebufIwSt11char_traitsIwEE6setbufEPwi)
                  847de380    00000120                     : wiostrea.obj (.text:_ZNSt15basic_streambufIwSt11char_traitsIwEE6xsgetnEPwi)
                  847de4a0    00000120                     : locale0.obj (.text:_ZNSt8_LocinfoD1Ev)
                  847de5c0    00000120                     : _bufread.obj (.text:_buff_read)
                  847de6e0    00000120                     : fclose.obj (.text:_closefile)
                  847de800    00000120                     : _printfi.obj (.text:_ltostr)
                  847de920    00000120     os.ae66 : mem.oe66 (.text:_mmInit)
                  847dea40    00000120     rts6600_elf.lib : fopen.obj (.text:_search_fp)
                  847deb60    00000120     stk_ppp_pppoe.ae66 : socket.oe66 (.text:accept)
                  847dec80    00000120     alg_create.obj (.text:create)
                  847deda0    00000120     nettool_ipv4.ae66 : daemon.oe66 (.text:dchild)
                  847deec0    00000120     stk_ppp_pppoe.ae66 : fileuser.oe66 (.text:fdOpenSession)
                  847defe0    00000120     rts6600_elf.lib : fseek.obj (.text:fseek)
                  847df100    00000120                     : ftell.obj (.text:ftell)
                  847df220    00000120     nettool_ipv4.ae66 : http.oe66 (.text:httpOpen)
                  847df340    00000120     stk_ppp_pppoe.ae66 : lcp.oe66 (.text:lcpOpen)
                  847df460    00000120                        : lcp.oe66 (.text:lcpReject)
                  847df580    00000120                        : socket.oe66 (.text:recv)
                  847df6a0    00000120     sysbios.lib : BIOS.obj (.text:rtsUnlock$0)
                  847df7c0    00000120     stk_ppp_pppoe.ae66 : socket.oe66 (.text:send)
                  847df8e0    00000120                        : socket.oe66 (.text:setsockopt)
                  847dfa00    00000120     ti.targets.rts6000.ae66 : LoggerBuf.oe66 (.text:xdc_runtime_LoggerBuf_setFilterLevel__F)
                  847dfb20    00000120                             : Text.oe66 (.text:xdc_runtime_Text_putLab__F)
                  847dfc40    00000100     nettool_ipv4.ae66 : config.oe66 (.text:CfgNew)
                  847dfd40    00000100                       : config.oe66 (.text:CfgSetExecuteOrder)
                  847dfe40    00000100     os.ae66 : ossys.oe66 (.text:DbgPrintf)
                  847dff40    00000100     stk_ppp_pppoe.ae66 : exec.oe66 (.text:ExecOpen)
                  847e0040    00000100     rts6600_elf.lib : trgdrv.obj (.text:HOSTlseek)
                  847e0140    00000100     stk_ppp_pppoe.ae66 : igmp.oe66 (.text:IGMPTimer)
                  847e0240    00000100                        : rtc.oe66 (.text:RTCMsg)
                  847e0340    00000100                        : rawethsock.oe66 (.text:RawEthSockCheck)
                  847e0440    00000100                        : route.oe66 (.text:RtRedirect)
                  847e0540    00000100                        : sockint.oe66 (.text:SockValidateRoute)
                  847e0640    00000100     nettool_ipv4.ae66 : dhcpsm.oe66 (.text:StateSelecting)
                  847e0740    00000100     stk_ppp_pppoe.ae66 : tcpprot.oe66 (.text:TcpPrInherit)
                  847e0840    00000100                        : tcptime.oe66 (.text:TcpXmitTimer)
                  847e0940    00000100                        : rtable.oe66 (.text:_RtNodeRemove)
                  847e0a40    00000100     memAlloc.obj (.text:_ZN5zftdt9DetectionC1Ev)
                  847e0b40    00000100     DPMMain.obj (.text:_ZNSt15basic_streambufIcSt11char_traitsIcEE6xsgetnEPci)
                  847e0c40    00000100     DPMMain.obj (.text:_ZNSt15basic_streambufIcSt11char_traitsIcEE6xsputnEPKci)
                  847e0d40    00000100     rts6600_elf.lib : wiostrea.obj (.text:_ZNSt15basic_streambufIwSt11char_traitsIwEE6xsputnEPKwi)
                  847e0e40    00000100                     : _io_perm.obj (.text:_wrt_ok)
                  847e0f40    00000100                     : fprintf.obj (.text:fprintf)
                  847e1040    00000100     stk_ppp_pppoe.ae66 : socket.oe66 (.text:getpeername)
                  847e1140    00000100     sysbios.lib : BIOS.obj (.text:initDevice$44)
                  847e1240    00000100     os.ae66 : mem.oe66 (.text:mmFree)
                  847e1340    00000100     stk_ppp_pppoe.ae66 : socket.oe66 (.text:socket)
                  847e1440    00000100     sysbios.lib : BIOS.obj (.text:ti_sysbios_family_c64p_EventCombiner_dispatch__F)
                  847e1540    00000100                 : BIOS.obj (.text:ti_sysbios_knl_Clock_startI__E)
                  847e1640    00000100                 : BIOS.obj (.text:ti_sysbios_knl_Swi_restoreHwi__E)
                  847e1740    00000100     frame_pe66.oe66 (.text:ti_sysbios_knl_Task_Object__create__S)
                  847e1840    00000100     stk_ppp_pppoe.ae66 : lliin.oe66 (.text:updateRtTable)
                  847e1940    00000100     ti.targets.rts6000.ae66 : Core-mem.oe66 (.text:xdc_runtime_Core_deleteObject__I)
                  847e1a40    00000100                             : LoggerBuf.oe66 (.text:xdc_runtime_LoggerBuf_getFilterLevel__F)
                  847e1b40    00000100                             : Startup.oe66 (.text:xdc_runtime_Startup_exec__F)
                  847e1c40    00000100                             : Text.oe66 (.text:xdc_runtime_Text_putMod__F)
                  847e1d40    00000100                             : Text.oe66 (.text:xdc_runtime_Text_visitRope2__I)
                  847e1e40    000000e0     nettool_ipv4.ae66 : config.oe66 (.text:CfgGetEntryCnt)
                  847e1f20    000000e0                       : dhcpmain.oe66 (.text:DHCPClose)
                  847e2000    000000e0     rts6600_elf.lib : trgdrv.obj (.text:HOSTopen)
                  847e20e0    000000e0                     : trgdrv.obj (.text:HOSTread)
                  847e21c0    000000e0     stk_ppp_pppoe.ae66 : igmp.oe66 (.text:IGMPLeave)
                  847e22a0    000000e0                        : nimu.oe66 (.text:NIMUAllocateIndex)
                  847e2380    000000e0                        : nimu.oe66 (.text:NIMUAllocateName)
                  847e2460    000000e0                        : node.oe66 (.text:NodeDeRef)
                  847e2540    000000e0                        : node.oe66 (.text:NodeNew)
                  847e2620    000000e0                        : node.oe66 (.text:NodeTreeNew)
                  847e2700    000000e0                        : pbm.oe66 (.text:PBMQ_enq)
                  847e27e0    000000e0                        : rawethsock.oe66 (.text:RawEthSockNotify)
                  847e28c0    000000e0                        : rawethsock_pcb.oe66 (.text:RawEthSockPcbAttach)
                  847e29a0    000000e0                        : rawethsock.oe66 (.text:RawEthSockSend)
                  847e2a80    000000e0                        : route.oe66 (.text:RtDeRef)
                  847e2b60    000000e0                        : route.oe66 (.text:RtRemove)
                  847e2c40    000000e0                        : sb.oe66 (.text:SBSetMax)
                  847e2d20    000000e0                        : sock.oe66 (.text:SockDisconnect)
                  847e2e00    000000e0                        : sockint.oe66 (.text:SockSpawnAbort)
                  847e2ee0    000000e0                        : tcpprot.oe66 (.text:TcpPrDetach)
                  847e2fc0    000000e0                        : tcpprot.oe66 (.text:TcpPrDisconnect)
                  847e30a0    000000e0                        : tcpprot.oe66 (.text:TcpValidateMetrics)
                  847e3180    000000e0                        : timer.oe66 (.text:TimerListInsert)
                  847e3260    000000e0                        : udp.oe66 (.text:UdpChecksum)
                  847e3340    000000e0                        : vlan.oe66 (.text:VLANDeinit)
                  847e3420    000000e0                        : vlan.oe66 (.text:VLANReceivePacket)
                  847e3500    000000e0     nettool_ipv4.ae66 : config.oe66 (.text:_CfgEntryScan)
                  847e35e0    000000e0     rts6600_elf.lib : locale0.obj (.text:_Fac_tidy)
                  847e36c0    000000e0     stk_ppp_pppoe.ae66 : lli.oe66 (.text:_LLIExpListInsert)
                  847e37a0    000000e0                        : rtable.oe66 (.text:_RtExpListInsert)
                  847e3880    000000e0     memAlloc.obj (.text:_ZN5zftdt9DetectionD1Ev)
                  847e3960    000000e0     model.obj (.text:_ZNKSt7num_getIcSt19istreambuf_iteratorIcSt11char_traitsIcEEE6do_getES3_S3_RSt8ios_baseRNSt5_IosbIiE8_IostateERf)
                  847e3a40    000000e0     model.obj (.text:_ZNKSt7num_getIcSt19istreambuf_iteratorIcSt11char_traitsIcEEE6do_getES3_S3_RSt8ios_baseRNSt5_IosbIiE8_IostateERl)
                  847e3b20    000000e0     model.obj (.text:_ZNKSt7num_getIcSt19istreambuf_iteratorIcSt11char_traitsIcEEE6do_getES3_S3_RSt8ios_baseRNSt5_IosbIiE8_IostateERm)
                  847e3c00    000000e0     model.obj (.text:_ZNKSt7num_getIcSt19istreambuf_iteratorIcSt11char_traitsIcEEE6do_getES3_S3_RSt8ios_baseRNSt5_IosbIiE8_IostateERx)
                  847e3ce0    000000e0     model.obj (.text:_ZNKSt7num_getIcSt19istreambuf_iteratorIcSt11char_traitsIcEEE6do_getES3_S3_RSt8ios_baseRNSt5_IosbIiE8_IostateERy)
                  847e3dc0    000000e0     DPMDtector.obj (.text:_ZNSdC2EPSt15basic_streambufIcSt11char_traitsIcEE)
                  847e3ea0    000000e0     model.obj (.text:_ZNSs5eraseEjj)
                  847e3f80    000000e0     model.obj (.text:_ZNSt19istreambuf_iteratorIcSt11char_traitsIcEE5_PeekEv)
                  847e4060    000000e0     model.obj (.text:_ZNSt19istreambuf_iteratorIcSt11char_traitsIcEEppEv)
                  847e4140    000000e0     model.obj (.text:_ZNSt19ostreambuf_iteratorIcSt11char_traitsIcEEaSEc)
                  847e4220    000000e0     convMixtureFastHelper.obj (.text:_ZNSt5_TreeISt12_Tset_traitsI6CvRect18PositionComparatorSaIS1_ELb0EEE5_CopyEPNSt9_Tree_nodIS4_E5_NodeES9_)
                  847e4300    000000e0     rts6600_elf.lib : fltllid.obj (.text:__c6xabi_fltllid)
                  847e43e0    000000e0                     : divi.obj (.text:__divi)
                  847e44c0    000000e0                     : _printfi.obj (.text:_div)
                  847e45a0    000000e0                     : atoi.obj (.text:atoi)
                  847e4680    000000e0     stk_ppp_pppoe.ae66 : socket.oe66 (.text:bind)
                  847e4760    000000e0     rts6600_elf.lib : lowlev.obj (.text:close)
                  847e4840    000000e0     stk_ppp_pppoe.ae66 : socket.oe66 (.text:connect)
                  847e4920    000000e0     rts6600_elf.lib : copy_zero_init.obj (.text:decompress:ZI:__TI_zero_init)
                  847e4a00    000000e0     alg_create.obj (.text:delete)
                  847e4ae0    000000e0     os.ae66 : efs.oe66 (.text:efs_internal_remove)
                  847e4bc0    000000e0     stk_ppp_pppoe.ae66 : file.oe66 (.text:fdint_lockfd)
                  847e4ca0    000000e0                        : file.oe66 (.text:fdint_unlockfd)
                  847e4d80    000000e0     rts6600_elf.lib : fflush.obj (.text:fflush)
                  847e4e60    000000e0     nettool_ipv4.ae66 : httpclie.oe66 (.text:httpGetMimeBits)
                  847e4f40    000000e0     os.ae66 : task.oe66 (.text:llExit)
                  847e5020    000000e0     rts6600_elf.lib : ltoa.obj (.text:ltoa)
                  847e5100    000000e0                     : memset.obj (.text:memset)
                  847e51e0    000000e0     os.ae66 : mem.oe66 (.text:mmBulkAlloc)
                  847e52c0    000000e0     stk_ppp_pppoe.ae66 : nimuppp.oe66 (.text:pppFree)
                  847e53a0    000000e0     rts6600_elf.lib : printf.obj (.text:printf)
                  847e5480    000000e0     sysbios.lib : BIOS.obj (.text:ti_sysbios_knl_Clock_start__E)
                  847e5560    000000e0                 : BIOS.obj (.text:ti_sysbios_timers_timer64_Timer_startup__E)
                  847e5640    000000e0     ti.targets.rts6000.ae66 : Error.oe66 (.text:xdc_runtime_Error_print__F)
                  847e5720    000000e0     frame_pe66.oe66 (.text:xdc_runtime_LoggerBuf_Object__create__S)
                  847e5800    000000e0     ti.targets.rts6000.ae66 : Memory.oe66 (.text:xdc_runtime_Memory_alloc__F)
                  847e58e0    000000c0     rts6600_elf.lib : trgdrv.obj (.text:HOSTunlink)
                  847e59a0    000000c0                     : trgdrv.obj (.text:HOSTwrite)
                  847e5a60    000000c0     stk_ppp_pppoe.ae66 : lli.oe66 (.text:LLIGetValidTime)
                  847e5b20    000000c0                        : lli.oe66 (.text:LLIMsg)
                  847e5be0    000000c0                        : nimu.oe66 (.text:NIMUFindByName)
                  847e5ca0    000000c0     netctrl_ipv4.ae66 : netsrv.oe66 (.text:NS_BootTask)
                  847e5d60    000000c0     stk_ppp_pppoe.ae66 : node.oe66 (.text:NodeUpdatePL)
                  847e5e20    000000c0     nettool_ipv4.ae66 : ipaddr.oe66 (.text:NtIfIdx2Ip)
                  847e5ee0    000000c0     stk_ppp_pppoe.ae66 : pbm.oe66 (.text:PBM_copy)
                  847e5fa0    000000c0     ti.drv.qmss.ae66 : qmss_drv.oe66 (.text:Qmss_setEoiVector)
                  847e6060    000000c0     stk_ppp_pppoe.ae66 : rtable.oe66 (.text:RtWalkBegin)
                  847e6120    000000c0                        : sb.oe66 (.text:SBFlush)
                  847e61e0    000000c0                        : sock.oe66 (.text:SockIntAbort)
                  847e62a0    000000c0                        : sockpcb.oe66 (.text:SockPcbRtChange)
                  847e6360    000000c0     os.ae66 : task.oe66 (.text:TaskGetEnv)
                  847e6420    000000c0     stk_ppp_pppoe.ae66 : tcp.oe66 (.text:TcpChecksum)
                  847e64e0    000000c0                        : tcpprot.oe66 (.text:TcpClose)
                  847e65a0    000000c0                        : tcptime.oe66 (.text:TcpTimeoutSackRexmt)
                  847e6660    000000c0     rts6600_elf.lib : stox.obj (.text:_Stodx)
                  847e6720    000000c0                     : stox.obj (.text:_Stoldx)
                  847e67e0    000000c0                     : dtor_list.obj (.text:_Z11__TI_atexitPFYvPvES_S_)
                  847e68a0    000000c0                     : wiostrea.obj (.text:_ZNKSt5ctypeIwE10do_tolowerEPwPKw)
                  847e6960    000000c0                     : wiostrea.obj (.text:_ZNKSt7codecvtIwciE10do_unshiftERiPcS2_RS2_)
                  847e6a20    000000c0     DPMDtector.obj (.text:_ZNSdD2Ev)
                  847e6ae0    000000c0     model.obj (.text:_ZNSo5flushEv)
                  847e6ba0    000000c0     rts6600_elf.lib : iostream.obj (.text:_ZNSt13basic_filebufIcSt11char_traitsIcEE5_InitEPSt4FILENS2_7_InitflE)
                  847e6c60    000000c0     DPMDtector.obj (.text:_ZNSt15basic_stringbufIcSt11char_traitsIcESaIcEE5_TidyEv)
                  847e6d20    000000c0     DPMDtector.obj (.text:_ZNSt15basic_stringbufIcSt11char_traitsIcESaIcEE9underflowEv)
                  847e6de0    000000c0     DPMDtector.obj (.text:_ZNSt18basic_stringstreamIcSt11char_traitsIcESaIcEED1Ev)
                  847e6ea0    000000c0     convMixtureFastHelper.obj (.text:_ZNSt3setI6CvRect18PositionComparatorSaIS0_EEC1Ev)
                  847e6f60    000000c0     rts6600_elf.lib : locale0.obj (.text:_ZNSt6locale7_LocimpC1Eb)
                  847e7020    000000c0                     : ios.obj (.text:_ZNSt8ios_baseD1Ev)
                  847e70e0    000000c0     DPMDtector.obj (.text:_ZTv0_n12_NSt18basic_stringstreamIcSt11char_traitsIcESaIcEED1Ev)
                  847e71a0    000000c0     rts6600_elf.lib : dtor_list.obj (.text:__cxa_finalize)
                  847e7260    000000c0                     : divu.obj (.text:__divu)
                  847e7320    000000c0                     : remi.obj (.text:__remi)
                  847e73e0    000000c0                     : fflush.obj (.text:_doflush)
                  847e74a0    000000c0                     : _io_perm.obj (.text:_rd_ok)
                  847e7560    000000c0     ti.drv.cppi.ae66 : cppi_listlib.oe66 (.text:cppi_list_remove_node)
                  847e7620    000000c0     nettool_ipv4.ae66 : dhcptags.oe66 (.text:dhcpOptionsClear)
                  847e76e0    000000c0     os.ae66 : efs.oe66 (.text:efs_fopen)
                  847e77a0    000000c0     rts6600_elf.lib : exit.obj (.text:exit)
                  847e7860    000000c0     nettool_ipv4.ae66 : httpsend.oe66 (.text:httpSendFullResponse)
                  847e7920    000000c0     os.ae66 : mem.oe66 (.text:mmZeroInit)
                  847e79e0    000000c0     stk_ppp_pppoe.ae66 : nimuppp.oe66 (.text:pppAddIP)
                  847e7aa0    000000c0     frame_pe66.oe66 (.text:ti_ndk_config_Global_stackThread)
                  847e7b60    000000c0     sysbios.lib : BIOS.obj (.text:ti_sysbios_BIOS_errorRaiseHook__I)
                  847e7c20    000000c0                 : BIOS.obj (.text:ti_sysbios_family_c66_Cache_setMar__E)
                  847e7ce0    000000c0                 : BIOS.obj (.text:ti_sysbios_heaps_HeapMem_getStats__E)
                  847e7da0    000000c0                 : BIOS.obj (.text:ti_sysbios_knl_Clock_logTick__E)
                  847e7e60    000000c0                 : BIOS.obj (.text:ti_sysbios_timers_timer64_Timer_stop__E)
                  847e7f20    000000c0     ti.targets.rts6000.ae66 : LoggerBuf.oe66 (.text:xdc_runtime_LoggerBuf_Instance_init__F)
                  847e7fe0    000000c0                             : System.oe66 (.text:xdc_runtime_System_formatNum__I)
                  847e80a0    000000a0     nettool_ipv4.ae66 : config.oe66 (.text:CfgEntryDeRef)
                  847e8140    000000a0                       : config.oe66 (.text:CfgEntryGetData)
                  847e81e0    000000a0                       : config.oe66 (.text:CfgGetImmediate)
                  847e8280    000000a0                       : telnetd.oe66 (.text:CmdWriteBytes)
                  847e8320    000000a0                       : telnetd.oe66 (.text:CmdWriteCmd)
                  847e83c0    000000a0     ti.drv.cppi.ae66 : cppi_drv.oe66 (.text:Cppi_channelEnable)
                  847e8460    000000a0     stk_ppp_pppoe.ae66 : file.oe66 (.text:FdSignalEvent)
                  847e8500    000000a0     rts6600_elf.lib : trgdrv.obj (.text:HOSTclose)
                  847e85a0    000000a0     stk_ppp_pppoe.ae66 : ipfrag.oe66 (.text:IPReasmFree)
                  847e8640    000000a0                        : ipfrag.oe66 (.text:IPReasmTimeout)
                  847e86e0    000000a0                        : lliin.oe66 (.text:LLIValidateRoute)
                  847e8780    000000a0                        : md5.oe66 (.text:MD5Final)
                  847e8820    000000a0                        : nimu.oe66 (.text:NIMUShutdown)
                  847e88c0    000000a0                        : nimu.oe66 (.text:NIMUUnregister)
                  847e8960    000000a0     nettool_ipv4.ae66 : ipaddr.oe66 (.text:NtAddNetwork)
                  847e8a00    000000a0     stk_ppp_pppoe.ae66 : pbm.oe66 (.text:PBM_open)
                  847e8aa0    000000a0                        : pipe.oe66 (.text:PipeCheck)
                  847e8b40    000000a0     ti.drv.qmss.ae66 : qmss_drv.oe66 (.text:Qmss_queueClose)
                  847e8be0    000000a0                      : qmss_drv.oe66 (.text:Qmss_startCfg)
                  847e8c80    000000a0     stk_ppp_pppoe.ae66 : rtable.oe66 (.text:RouteMsg)
                  847e8d20    000000a0                        : route.oe66 (.text:RtNew)
                  847e8dc0    000000a0                        : sb.oe66 (.text:SBFree)
                  847e8e60    000000a0     os.ae66 : semaphore.oe66 (.text:SemCreate)
                  847e8f00    000000a0     stk_ppp_pppoe.ae66 : sock.oe66 (.text:SockBind)
                  847e8fa0    000000a0                        : sockpcb.oe66 (.text:SockCleanPcb)
                  847e9040    000000a0                        : sockpcb.oe66 (.text:SockPcbResolveChain)
                  847e90e0    000000a0     os.ae66 : task.oe66 (.text:TaskCreate)
                  847e9180    000000a0     stk_ppp_pppoe.ae66 : tcpprot.oe66 (.text:TcpDrop)
                  847e9220    000000a0                        : tcpprot.oe66 (.text:TcpPrCtlError)
                  847e92c0    000000a0                        : tcpprot.oe66 (.text:TcpPrSend)
                  847e9360    000000a0                        : tcpprot.oe66 (.text:TcpPrSendOOB)
                  847e9400    000000a0                        : timer.oe66 (.text:TimerNew)
                  847e94a0    000000a0     nettool_ipv4.ae66 : config.oe66 (.text:_CfgRelease)
                  847e9540    000000a0     stk_ppp_pppoe.ae66 : lli.oe66 (.text:_LLITimeoutFlush)
                  847e95e0    000000a0     rts6600_elf.lib : locale0.obj (.text:_Setgloballocale)
                  847e9680    000000a0     testAll.obj (.text:_ZN5zftdt6ResultC1Ev)
                  847e9720    000000a0     rts6600_elf.lib : wiostrea.obj (.text:_ZNKSt5ctypeIwE8do_widenEPKcS2_Pw)
                  847e97c0    000000a0     model.obj (.text:_ZNKSt7num_putIcSt19ostreambuf_iteratorIcSt11char_traitsIcEEE5_IfmtEPcPKcNSt5_IosbIiE9_FmtflagsE)
                  847e9860    000000a0     convMixtureFastHelper.obj (.text:_ZNSt11logic_errorD1Ev)
                  847e9900    000000a0     convMixtureFastHelper.obj (.text:_ZNSt12length_errorD1Ev)
                  847e99a0    000000a0     rts6600_elf.lib : string.obj (.text:_ZNSt12out_of_rangeC1ERKSs)
                  847e9a40    000000a0     convMixtureFastHelper.obj (.text:_ZNSt12out_of_rangeD1Ev)
                  847e9ae0    000000a0     DPMMain.obj (.text:_ZNSt13basic_filebufIcSt11char_traitsIcEE9underflowEv)
                  847e9b80    000000a0     rts6600_elf.lib : wiostrea.obj (.text:_ZNSt13basic_filebufIwSt11char_traitsIwEE9underflowEv)
                  847e9c20    000000a0                     : ios.obj (.text:_ZNSt13runtime_errorD1Ev)
                  847e9cc0    000000a0     DPMDtector.obj (.text:_ZNSt15basic_stringbufIcSt11char_traitsIcESaIcEE9pbackfailEi)
                  847e9d60    000000a0     DPMDtector.obj (.text:_ZNSt15basic_stringbufIcSt11char_traitsIcESaIcEED1Ev)
                  847e9e00    000000a0     convMixtureFastHelper.obj (.text:_ZNSt4listIPN5zftdt21ConvMixtureFastHelperESaIS2_EED1Ev)
[...]
84842e8c   ti_sysbios_knl_Task_Module__diagsMask__C
84842e90   ti_sysbios_knl_Task_Module__loggerFxn2__C
84842e94   ti_sysbios_knl_Task_Module__loggerFxn4__C
84842e98   ti_sysbios_knl_Task_Module__loggerObj__C
84842e9c   ti_sysbios_knl_Task_Object__count__C
84842ea0   ti_sysbios_knl_Task_Object__heap__C
84842ea4   ti_sysbios_knl_Task_allBlockedFunc__C
84842ea8   ti_sysbios_knl_Task_defaultStackHeap__C
84842eac   ti_sysbios_knl_Task_defaultStackSize__C
84842eb0   ti_sysbios_knl_Task_numConstructedTasks__C
84842eb4   ti_sysbios_knl_Task_numPriorities__C
84842eb8   ti_sysbios_timers_timer64_Timer_A_notAvailable__C
84842ebc   ti_sysbios_timers_timer64_Timer_E_cannotSupport__C
84842ec0   ti_sysbios_timers_timer64_Timer_Module__diagsEnabled__C
84842ec4   ti_sysbios_timers_timer64_Timer_Module__diagsIncluded__C
84842ec8   ti_sysbios_timers_timer64_Timer_Module__diagsMask__C
84842ecc   ti_sysbios_timers_timer64_Timer_anyMask__C
84842ed0   ti_sysbios_timers_timer64_Timer_freqDivisor__C
84842ed4   ti_sysbios_timers_timer64_Timer_numLocalTimers__C
84842ed8   ti_sysbios_timers_timer64_Timer_numTimerDevices__C
84842edc   xdc_runtime_Assert_E_assertFailed__C
84842ee0   xdc_runtime_Core_A_initializedParams__C
84842ee4   xdc_runtime_Core_Module__diagsEnabled__C
84842ee8   xdc_runtime_Core_Module__diagsIncluded__C
84842eec   xdc_runtime_Core_Module__diagsMask__C
84842ef0   xdc_runtime_Error_E_generic__C
84842ef4   xdc_runtime_Error_E_memory__C
84842ef8   xdc_runtime_Error_Module__diagsEnabled__C
84842efc   xdc_runtime_Error_Module__diagsIncluded__C
84842f00   xdc_runtime_Error_Module__diagsMask__C
84842f04   xdc_runtime_Error_Module__loggerFxn8__C
84842f08   xdc_runtime_Error_Module__loggerObj__C
84842f0c   xdc_runtime_Error_policy__C
84842f10   xdc_runtime_Error_raiseHook__C
84842f14   xdc_runtime_IFilterLogger_Interface__BASE__C
84842f18   xdc_runtime_IGateProvider_Interface__BASE__C
84842f1c   xdc_runtime_IHeap_Interface__BASE__C
84842f20   xdc_runtime_ILogger_Interface__BASE__C
84842f24   xdc_runtime_IModule_Interface__BASE__C
84842f28   xdc_runtime_Log_L_error__C
84842f2c   xdc_runtime_LoggerBuf_E_badLevel__C
84842f30   xdc_runtime_LoggerBuf_Module__gateObj__C
84842f34   xdc_runtime_LoggerBuf_Object__count__C
84842f38   xdc_runtime_LoggerBuf_statusLogger__C
84842f3c   xdc_runtime_Memory_defaultHeapInstance__C
84842f40   xdc_runtime_Startup_execImpl__C
84842f44   xdc_runtime_Startup_maxPasses__C
84842f48   xdc_runtime_Startup_lastFxns__A
84842f4c   xdc_runtime_Startup_sfxnRts__C
84842f50   xdc_runtime_Startup_sfxnTab__C
84842f54   xdc_runtime_System_Module__gateObj__C
84842f58   xdc_runtime_System_extendFxn__C
84842f5c   xdc_runtime_System_maxAtexitHandlers__C
84842f60   xdc_runtime_Text_charTab__C
84842f64   xdc_runtime_Text_nameEmpty__C
84842f68   xdc_runtime_Text_nameStatic__C
84842f6c   xdc_runtime_Text_nameUnknown__C
84842f70   xdc_runtime_Text_nodeTab__C
84842f74   xdc_runtime_Text_visitRopeFxn__C
84842f78   _ZTSSd
84842f80   _ZTSSi
84842f88   _ZTSSo
84842f90   _ZZNKSt7num_putIcSt19ostreambuf_iteratorIcSt11char_traitsIcEEE6do_putES3_RSt8ios_basecPKvEs
84842f98   _ZZNKSt7num_putIcSt19ostreambuf_iteratorIcSt11char_traitsIcEEE6do_putES3_RSt8ios_baseclEs
84842fa0   _ZZNKSt7num_putIcSt19ostreambuf_iteratorIcSt11char_traitsIcEEE6do_putES3_RSt8ios_basecmEs
84842fa8   _ZZNKSt7num_putIcSt19ostreambuf_iteratorIcSt11char_traitsIcEEE6do_putES3_RSt8ios_basecxEs
84842fb0   _ZZNKSt7num_putIcSt19ostreambuf_iteratorIcSt11char_traitsIcEEE6do_putES3_RSt8ios_basecyEs
84842fb8   _ZZNKSt7num_putIcSt19ostreambuf_iteratorIcSt11char_traitsIcEEE5_FputES3_RSt8ios_basecPKcjjjjEs
84842fc0   _ZZNKSt7num_putIcSt19ostreambuf_iteratorIcSt11char_traitsIcEEE5_FputES3_RSt8ios_basecPKcjjjjEs_0
84842fc8   internalDataMemory
8484afd0   ti_sysbios_BIOS_Module__state__V
8484afec   ti_sysbios_family_c64p_EventCombiner_Module__state__V
8484b3ec   ti_sysbios_family_c64p_Exception_Module__state__V
8484b418   ti_sysbios_family_c64p_Hwi_Module__root__V
8484b420   ti_sysbios_family_c64p_Hwi_Module__state__V
8484b488   ti_sysbios_family_c66_tci66xx_CpIntc_Module__state__V
8484b498   ti_sysbios_gates_GateHwi_Module__root__V
8484b4a0   ti_sysbios_gates_GateMutex_Module__root__V
8484b4a8   ti_sysbios_hal_Hwi_Module__root__V
8484b4b0   ti_sysbios_hal_Timer_Module__root__V
8484b4b8   ti_sysbios_heaps_HeapBuf_Module__root__V
8484b4c0   ti_sysbios_heaps_HeapBuf_Module__state__V
8484b4c4   ti_sysbios_heaps_HeapMem_Module__root__V
8484b4cc   ti_sysbios_knl_Clock_Module__root__V
8484b4d4   ti_sysbios_knl_Clock_Module__state__V
8484b500   ti_sysbios_knl_Queue_Module__root__V
8484b508   ti_sysbios_knl_Semaphore_Module__root__V
8484b510   ti_sysbios_knl_Swi_Module__root__V
8484b518   ti_sysbios_knl_Swi_Module__state__V
8484b534   ti_sysbios_knl_Task_Module__root__V
8484b53c   ti_sysbios_knl_Task_Module__state__V
8484b570   ti_sysbios_timers_timer64_Timer_Module__root__V
8484b578   ti_sysbios_timers_timer64_Timer_Module__state__V
8484b58c   xdc_runtime_Error_Module__state__V
8484b590   xdc_runtime_LoggerBuf_Module__root__V
8484b598   xdc_runtime_LoggerBuf_Module__state__V
8484b5a0   xdc_runtime_Memory_Module__state__V
8484b5a4   xdc_runtime_Registry_Module__state__V
8484b5ac   xdc_runtime_Startup_Module__state__V
8484b5b4   xdc_runtime_System_Module__state__V
8484b5c0   xdc_runtime_Text_Module__state__V
8484b5c8   __xdc__init__addr
8484b5cc   _ZNSt9_FacetptrISt5ctypeIcEE6_PsaveE
8484b5d0   ti_sysbios_family_c66_tci66xx_CpIntc_Module_State_0_dispatchTab__A
8484bad0   pHttpHeadbuffer
8484bed0   _ftable
8484c0b0   ti_sysbios_timers_timer64_Timer_Module_State_0_device__A
8484c230   qmssGblCfgParams
8484c350   ti_sysbios_knl_Task_Object__table__V
8484c3e0   TSK_idle
8484c428   _ipcfg
8484c4dc   _ZNSt9_FacetptrISt5ctypeIwEE6_PsaveE
8484c608   ti_sysbios_knl_Swi_Module_State_0_readyQ__A
8484c688   ti_sysbios_knl_Task_Module_State_0_readyQ__A
8484c708   ti_sysbios_timers_timer64_Timer_Module_State_0_gctrl__A
8484c788   ti_sysbios_timers_timer64_Timer_Module_State_0_handles__A
8484c808   ti_sysbios_timers_timer64_Timer_Module_State_0_intFreqs__A
8484c900   cppiGblCfgParams
8484c978   ti_sysbios_family_c64p_Hwi_Object__table__V
8484ca50   IJPEGDEC_PARAMS
8484caa8   JPEGDEC_TI_IJPEGDEC
8484cad4   JPEGDEC_TI_IALG
8484caf8   NIMUDeviceTable
8484cb50   ti_sysbios_family_c66_tci66xx_CpIntc_Module_State_0_hostIntToSysInt__A
8484cb9c   _ZNSt9_FacetptrISt7codecvtIcciEE6_PsaveE
8484cba0   ti_sysbios_timers_timer64_Timer_Object__table__V
8484cbec   _ZNSt9_FacetptrISt7codecvtIwciEE6_PsaveE
8484cdf0   ti_sysbios_gates_GateMutex_Object__table__V
8484ce68   C_locale
8484ce9c   _ZNSt9_FacetptrISt7num_getIcSt19istreambuf_iteratorIcSt11char_traitsIcEEEE6_PsaveE
8484ced4   _cleanup_ptr
8484ced8   _dtors_ptr
8484cedc   __TI_enable_exit_profile_output
8484cf10   ti_sysbios_knl_Semaphore_Object__table__V
8484cf40   ti_sysbios_knl_Swi_Object__table__V
8484cf98   _oscfg
8484cfbc   _ZNSt9_FacetptrISt7num_putIcSt19ostreambuf_iteratorIcSt11char_traitsIcEEEE6_PsaveE
8484cfc0   xdc_runtime_LoggerBuf_Object__table__V
8484cfe4   _ZNSt9_FacetptrISt8numpunctIcEE6_PsaveE
8484d028   Qmss_highEoiVector
8484d050   pstrMsgName
8484d090   xdc_runtime_System_Module_State_0_atexitHandlers__A
8484d0d0   ti_ndk_config_Global_Id2Size
8484d0ec   _ft_end
8484d334   __errno
8484d334   errno
8484d364   _ZNSt8ios_base4Init9_Init_cntE
8484d394   _ZSt14_Raise_handler
8484d3ac   _new_handler
8484d3c4   _ZNSt8ios_base6_IndexE
8484d3c8   _ZNSt8ios_base5_SyncE
8484d3cc   _ZSt4_Fpz
8484d3e4   _ZNSt6_Winit9_Init_cntE
8484d3e8   ti_sysbios_family_c66_tci66xx_CpIntc_Module_State_0_initSIER__A
8484d3fc   cppiLObj
8484d400   ti_sysbios_heaps_HeapMem_Object__table__V
8484d414   paLObj
8484d714   _ZNSt6locale2id7_Id_cntE
8484d718   _ZNSt6locale7_Locimp8_ClocptrE
8484d728   Qmss_lowEoiVector
8484d7b8   ti_sysbios_family_c66_tci66xx_CpIntc_Module_State_0_controller__A
8484ded8   _lock
8484dedc   _unlock
8484dee0   ti_sysbios_hal_Hwi_Object__table__V
8484dee8   ti_sysbios_hal_Timer_Object__table__V
8484df88   ti_sysbios_gates_GateHwi_Object__table__V
8484df90   Qmss_cdmaEoiVector
8484e000   queueFree
84850000   qmssGObj
84850458   gDeviceNandBBlist
84851684   gDeviceNand
848516bc   gDeviceNor
848516f4   gDeviceEeprom0
8485172c   gDeviceEeprom1
84851768   emac_port_mode
84851f40   __TI_STATIC_BASE
84851f40   inputData
84851f44   handle
84851f48   resizeOption
84851f4c   progressiveDecFlag
84851f50   RGB_Format
84851f54   alpha_rgb
84851f58   outImgRes
84851f5c   numMCU_row
84851f60   x_org
84851f64   y_org
84851f68   x_length
84851f6c   y_length
84851fc8   Memory
84851fcc   Size_external_persist
84851fd0   Size_Internal_persist
84851fd4   Size_external_Scratch
84851fd8   Size_Internal_Scratch
84851fdc   _IGMPInDiscard
84851fe0   _IGMPInQuery
84851fe4   _IGMPInQueryGroup
84851fe8   _IGMPInResponse
84851fec   _IGMPOutResponse
84852000   gTxCmdReturnQHnd
84852004   gTxCmdFreeQHnd
84852008   ethSemHandle
84852024   _ZGVNSt7codecvtIcciE2idE
84852028   _ZGVNSt7num_getIcSt19istreambuf_iteratorIcSt11char_traitsIcEEE2idE
8485202c   _ZGVNSt7num_putIcSt19ostreambuf_iteratorIcSt11char_traitsIcEEE2idE
84852030   _ZGVNSt8numpunctIcE2idE
8485203c   __dso_handle
8485204c   icvNorm_Inf_8u_C1R_p
84852050   icvNormDiff_Inf_8u_C1R_p
84852054   icvNorm_Inf_8u_C1MR_p
84852058   icvNormDiff_Inf_8u_C1MR_p
8485205c   icvNorm_Inf_16u_C1R_p
84852060   icvNormDiff_Inf_16u_C1R_p
84852064   icvNorm_Inf_16u_C1MR_p
84852068   icvNormDiff_Inf_16u_C1MR_p
8485206c   icvNorm_Inf_16s_C1R_p
84852070   icvNormDiff_Inf_16s_C1R_p
84852074   icvNorm_Inf_16s_C1MR_p
84852078   icvNormDiff_Inf_16s_C1MR_p
8485207c   icvNorm_Inf_32s_C1R_p
84852080   icvNormDiff_Inf_32s_C1R_p
84852084   icvNorm_Inf_32s_C1MR_p
84852088   icvNormDiff_Inf_32s_C1MR_p
8485208c   icvNorm_Inf_32f_C1R_p
84852090   icvNormDiff_Inf_32f_C1R_p
84852094   icvNorm_Inf_32f_C1MR_p
84852098   icvNormDiff_Inf_32f_C1MR_p
8485209c   icvNorm_Inf_64f_C1R_p
848520a0   icvNormDiff_Inf_64f_C1R_p
848520a4   icvNorm_Inf_64f_C1MR_p
848520a8   icvNormDiff_Inf_64f_C1MR_p
848520ac   icvNorm_L1_8u_C1R_p
848520b0   icvNormDiff_L1_8u_C1R_p
848520b4   icvNorm_L1_8u_C1MR_p
848520b8   icvNormDiff_L1_8u_C1MR_p
848520bc   icvNorm_L1_16u_C1R_p
848520c0   icvNormDiff_L1_16u_C1R_p
848520c4   icvNorm_L1_16u_C1MR_p
848520c8   icvNormDiff_L1_16u_C1MR_p
848520cc   icvNorm_L1_16s_C1R_p
848520d0   icvNormDiff_L1_16s_C1R_p
848520d4   icvNorm_L1_16s_C1MR_p
848520d8   icvNormDiff_L1_16s_C1MR_p
848520dc   icvNorm_L1_32s_C1R_p
848520e0   icvNormDiff_L1_32s_C1R_p
848520e4   icvNorm_L1_32s_C1MR_p
848520e8   icvNormDiff_L1_32s_C1MR_p
848520ec   icvNorm_L1_32f_C1R_p
848520f0   icvNormDiff_L1_32f_C1R_p
848520f4   icvNorm_L1_32f_C1MR_p
848520f8   icvNormDiff_L1_32f_C1MR_p
848520fc   icvNorm_L1_64f_C1R_p
84852100   icvNormDiff_L1_64f_C1R_p
84852104   icvNorm_L1_64f_C1MR_p
84852108   icvNormDiff_L1_64f_C1MR_p
8485210c   icvNorm_L2_8u_C1R_p
84852110   icvNormDiff_L2_8u_C1R_p
84852114   icvNorm_L2_8u_C1MR_p
84852118   icvNormDiff_L2_8u_C1MR_p
8485211c   icvNorm_L2_16u_C1R_p
84852120   icvNormDiff_L2_16u_C1R_p
84852124   icvNorm_L2_16u_C1MR_p
84852128   icvNormDiff_L2_16u_C1MR_p
8485212c   icvNorm_L2_16s_C1R_p
84852130   icvNormDiff_L2_16s_C1R_p
84852134   icvNorm_L2_16s_C1MR_p
84852138   icvNormDiff_L2_16s_C1MR_p
8485213c   icvNorm_L2_32s_C1R_p
84852140   icvNormDiff_L2_32s_C1R_p
84852144   icvNorm_L2_32s_C1MR_p
84852148   icvNormDiff_L2_32s_C1MR_p
8485214c   icvNorm_L2_32f_C1R_p
84852150   icvNormDiff_L2_32f_C1R_p
84852154   icvNorm_L2_32f_C1MR_p
84852158   icvNormDiff_L2_32f_C1MR_p
8485215c   icvNorm_L2_64f_C1R_p
84852160   icvNormDiff_L2_64f_C1R_p
84852164   icvNorm_L2_64f_C1MR_p
84852168   icvNormDiff_L2_64f_C1MR_p
84852170   icvResize_8u_C1R_p
84852174   icvResize_8u_C3R_p
84852178   icvResize_8u_C4R_p
8485217c   icvResize_16u_C1R_p
84852180   icvResize_16u_C3R_p
84852184   icvResize_16u_C4R_p
84852188   icvResize_32f_C1R_p
8485218c   icvResize_32f_C3R_p
84852190   icvResize_32f_C4R_p
84852194   icvWarpAffineBack_8u_C1R_p
84852198   icvWarpAffineBack_8u_C3R_p
8485219c   icvWarpAffineBack_8u_C4R_p
848521a0   icvWarpAffineBack_32f_C1R_p
848521a4   icvWarpAffineBack_32f_C3R_p
848521a8   icvWarpAffineBack_32f_C4R_p
848521ac   icvWarpPerspectiveBack_8u_C1R_p
848521b0   icvWarpPerspectiveBack_8u_C3R_p
848521b4   icvWarpPerspectiveBack_8u_C4R_p
848521b8   icvWarpPerspectiveBack_32f_C1R_p
848521bc   icvWarpPerspectiveBack_32f_C3R_p
848521c0   icvWarpPerspectiveBack_32f_C4R_p
848521c4   icvWarpPerspective_8u_C1R_p
848521c8   icvWarpPerspective_8u_C3R_p
848521cc   icvWarpPerspective_8u_C4R_p
848521d0   icvWarpPerspective_32f_C1R_p
848521d4   icvWarpPerspective_32f_C3R_p
848521d8   icvWarpPerspective_32f_C4R_p
848521dc   icvRemap_8u_C1R_p
848521e0   icvRemap_8u_C3R_p
848521e4   icvRemap_8u_C4R_p
848521e8   icvRemap_32f_C1R_p
848521ec   icvRemap_32f_C3R_p
848521f0   icvRemap_32f_C4R_p
8485220c   icvCopy_8u_C2P2R_p
84852210   icvCopy_8u_C3P3R_p
84852214   icvCopy_8u_C4P4R_p
84852218   icvCopy_16s_C2P2R_p
8485221c   icvCopy_16s_C3P3R_p
84852220   icvCopy_16s_C4P4R_p
84852224   icvCopy_32f_C2P2R_p
84852228   icvCopy_32f_C3P3R_p
8485222c   icvCopy_32f_C4P4R_p
84852230   icvCopy_64f_C2P2R_p
84852234   icvCopy_64f_C3P3R_p
84852238   icvCopy_64f_C4P4R_p
8485223c   icvCopy_8u_CnC1CR_p
84852240   icvCopy_16s_CnC1CR_p
84852244   icvCopy_32f_CnC1CR_p
84852248   icvCopy_64f_CnC1CR_p
8485224c   icvCopy_8u_P2C2R_p
84852250   icvCopy_8u_P3C3R_p
84852254   icvCopy_8u_P4C4R_p
84852258   icvCopy_16s_P2C2R_p
8485225c   icvCopy_16s_P3C3R_p
84852260   icvCopy_16s_P4C4R_p
84852264   icvCopy_32f_P2C2R_p
84852268   icvCopy_32f_P3C3R_p
8485226c   icvCopy_32f_P4C4R_p
84852270   icvCopy_64f_P2C2R_p
84852274   icvCopy_64f_P3C3R_p
84852278   icvCopy_64f_P4C4R_p
8485227c   icvCopy_8u_C1CnCR_p
84852280   icvCopy_16s_C1CnCR_p
84852284   icvCopy_32f_C1CnCR_p
84852288   icvCopy_64f_C1CnCR_p
8485228c   icvCvt_32f64f_p
84852290   icvCvt_64f32f_p
848522a4   icvSum_8u_C1R_p
848522a8   icvSum_8u_C2R_p
848522ac   icvSum_8u_C3R_p
848522b0   icvSum_8u_C4R_p
848522b4   icvSum_16u_C1R_p
848522b8   icvSum_16u_C2R_p
848522bc   icvSum_16u_C3R_p
848522c0   icvSum_16u_C4R_p
848522c4   icvSum_16s_C1R_p
848522c8   icvSum_16s_C2R_p
848522cc   icvSum_16s_C3R_p
848522d0   icvSum_16s_C4R_p
848522d4   icvSum_32s_C1R_p
848522d8   icvSum_32s_C2R_p
848522dc   icvSum_32s_C3R_p
848522e0   icvSum_32s_C4R_p
848522e4   icvSum_32f_C1R_p
848522e8   icvSum_32f_C2R_p
848522ec   icvSum_32f_C3R_p
848522f0   icvSum_32f_C4R_p
848522f4   icvSum_64f_C1R_p
848522f8   icvSum_64f_C2R_p
848522fc   icvSum_64f_C3R_p
84852300   icvSum_64f_C4R_p
84852304   icvCountNonZero_8u_C1R_p
84852308   icvCountNonZero_16s_C1R_p
8485230c   icvCountNonZero_32s_C1R_p
84852310   icvCountNonZero_32f_C1R_p
84852314   icvCountNonZero_64f_C1R_p
84852320   icvCopy_8u_C1R_p
84852324   icvSet_8u_C1MR_p
84852328   icvSet_16s_C1MR_p
8485232c   icvSet_8u_C3MR_p
84852330   icvSet_8u_C4MR_p
84852334   icvSet_16s_C3MR_p
84852338   icvSet_16s_C4MR_p
8485233c   icvSet_32f_C3MR_p
84852340   icvSet_32f_C4MR_p
84852344   icvSet_64s_C3MR_p
84852348   icvSet_64s_C4MR_p
8485234c   icvCopy_8u_C1MR_p
84852350   icvCopy_16s_C1MR_p
84852354   icvCopy_8u_C3MR_p
84852358   icvCopy_8u_C4MR_p
8485235c   icvCopy_16s_C3MR_p
84852360   icvCopy_16s_C4MR_p
84852364   icvCopy_32f_C3MR_p
84852368   icvCopy_32f_C4MR_p
8485236c   icvCopy_64s_C3MR_p
84852370   icvCopy_64s_C4MR_p
84852374   icvSetByte_8u_C1R_p
84852384   icvBLAS_GEMM_32f_p
84852388   icvBLAS_GEMM_64f_p
8485238c   icvBLAS_GEMM_32fc_p
84852390   icvBLAS_GEMM_64fc_p
84852394   icvColorTwist_8u_C3R_p
84852398   icvColorTwist_16u_C3R_p
8485239c   icvColorTwist_16s_C3R_p
848523a0   icvColorTwist_32f_C3R_p
848523a4   icvColorTwist_32f_C4R_p
848523a8   icvColorToGray_8u_C3C1R_p
848523ac   icvColorToGray_16u_C3C1R_p
848523b0   icvColorToGray_16s_C3C1R_p
848523b4   icvColorToGray_32f_C3C1R_p
848523b8   icvColorToGray_8u_AC4C1R_p
848523bc   icvColorToGray_16u_AC4C1R_p
848523c0   icvColorToGray_16s_AC4C1R_p
848523c4   icvColorToGray_32f_AC4C1R_p
848523e4   icvAdd_8u_C1R_p
848523e8   icvAdd_16u_C1R_p
848523ec   icvAdd_16s_C1R_p
848523f0   icvAdd_32s_C1R_p
848523f4   icvAdd_32f_C1R_p
848523f8   icvAdd_64f_C1R_p
848523fc   icvSub_8u_C1R_p
84852400   icvSub_16u_C1R_p
84852404   icvSub_16s_C1R_p
84852408   icvSub_32s_C1R_p
8485240c   icvSub_32f_C1R_p
84852410   icvSub_64f_C1R_p
84852430   CONTENT_TYPE_APPLET
84852434   CONTENT_TYPE_AU
84852438   CONTENT_TYPE_CSS
8485243c   CONTENT_TYPE_DOC
84852440   CONTENT_TYPE_GIF
84852444   CONTENT_TYPE_HTML
84852448   CONTENT_TYPE_JPG
8485244c   CONTENT_TYPE_MPEG
84852450   CONTENT_TYPE_PDF
84852454   CONTENT_TYPE_WAV
84852458   CONTENT_TYPE_ZIP
8485245c   CONTENT_TYPE
84852460   CONTENT_LENGTH
84852464   CRLF
84852468   DEFAULT_NAME
8485246c   HTTP_VER
84852470   SPACE
84852474   icvMinMaxIndx_8u_C1R_p
84852478   icvMinMaxIndx_16u_C1R_p
8485247c   icvMinMaxIndx_16s_C1R_p
84852480   icvMinMaxIndx_32s_C1R_p
84852484   icvMinMaxIndx_32f_C1R_p
84852488   icvMinMaxIndx_64f_C1R_p
8485248c   icvMinMaxIndx_8u_C1MR_p
84852490   icvMinMaxIndx_16u_C1MR_p
84852494   icvMinMaxIndx_16s_C1MR_p
84852498   icvMinMaxIndx_32s_C1MR_p
8485249c   icvMinMaxIndx_32f_C1MR_p
848524a0   icvMinMaxIndx_64f_C1MR_p
848524a8   icvFastArctan_32f_p
848524ac   icvInvSqrt_32f_p
848524b0   icvSqrt_32f_p
848524b4   icvSqrt_64f_p
848524b8   icvInvSqrt_64f_p
848524bc   icvExp_32f_p
848524c0   icvExp_64f_p
848524c4   icvLog_32f_p
848524c8   icvLog_64f_p
848524cc   icvCheckArray_32f_C1R_p
848524d0   icvCheckArray_64f_C1R_p
848524d8   pMotorParam0
848524dc   pMotorParam1
848524e0   pMotorParam2
848524e4   pMotorParam3
848524e8   pMotorParam4
848524ec   pMotorParam5
848524f0   pMotorParam6
848524f4   pMotorParam7
848524f8   pMotorParam8
848524fc   pMotorParam9
84852500   pMotorParam10
84852504   pMotorParam11
84852508   VerStr
8485250c   debuginfoLength
84852510   LocalIPAddr
84852514   PCStaticIP
84852518   EVMStaticIP
8485251c   LocalIPMask
84852520   GatewayIP
84852524   DomainName
84852528   HostName
8485252c   DNSServer
84852530   PITCount
84852534   PITUsed
84852538   PITHigh
84852598   pInternalDataMemory
8485259c   internalDataMemorySize
848525a0   pExternalDataMemory
848525a4   externalDataMemorySize
848525b0   _IGMPForceVersion1
848525cc   inputSrc
848525d0   jpegPicLength
848525e4   _ICMPInErrors
848525e8   _ICMPOutErrors
848525ec   _IPExecuting
84852614   tcp_iss
84852618   ptTimeFirst
84852624   platform_errno
84852628   platform_init_return_code
8485262c   _ZN5zftdt12g_DPM_memoryE
84852644   g_DownloadFlags
84852650   httpErrorResponseHook
8485265c   _IPReasmPtr
84852670   qmssLObjIsValid
84852674   ti_ndk_config_Global_rawPageSize
84852678   ti_ndk_config_Global_rawPageCount
8485267c   ti_ndk_config_Global_smallest
84852680   ti_ndk_config_Global_largest
84852684   heap0
84852688   g_readSemaphore
8485268c   g_writeSemaphore
84852690   ti_ndk_config_Global_numFrameBuf
84852694   ti_ndk_config_Global_sizeFrameBuf
84852698   __CIOBUF_
848527b8   __TI_INITARRAY_Base
848527ec   __TI_INITARRAY_Limit
84852800   ti_sysbios_family_c64p_Hwi0
84852820   ti_sysbios_family_c64p_Hwi1
84852840   ti_sysbios_family_c64p_Hwi2
84852860   ti_sysbios_family_c64p_Hwi3
84852880   ti_sysbios_family_c64p_Hwi4
848528a0   ti_sysbios_family_c64p_Hwi5
848528c0   ti_sysbios_family_c64p_Hwi6
848528e0   ti_sysbios_family_c64p_Hwi7
84852900   ti_sysbios_family_c64p_Hwi8
84852920   ti_sysbios_family_c64p_Hwi9
84852940   ti_sysbios_family_c64p_Hwi10
84852960   ti_sysbios_family_c64p_Hwi11
84852980   ti_sysbios_family_c64p_Hwi12
848529a0   ti_sysbios_family_c64p_Hwi13
848529c0   ti_sysbios_family_c64p_Hwi14
848529e0   ti_sysbios_family_c64p_Hwi15
84852a00   cppiObject
84855328   __TI_Handler_Table_Base
84855334   __TI_Handler_Table_Limit
84855390   __TI_CINIT_Base
84855408   __TI_CINIT_Limit
ffffffff   __TI_pprof_out_hndl
ffffffff   __TI_prof_data_size
ffffffff   __TI_prof_data_start
ffffffff   __binit__
ffffffff   __c_args__
ffffffff   binit

[2947 symbols]
